core_cm0plus.h:745:22:NVIC_EnableIRQ	16	static
core_cm0plus.h:791:22:NVIC_ClearPendingIRQ	16	static
core_cm0plus.h:804:22:NVIC_SetPriority	24	static
fsl_dspi.h:540:24:DSPI_GetStatusFlags	16	static
fsl_dspi.h:559:20:DSPI_ClearStatusFlags	16	static
fsl_dspi.h:598:20:DSPI_DisableInterrupts	16	static
fsl_dspi.h:709:20:DSPI_IsMaster	16	static
fsl_dspi.h:747:20:DSPI_SetFifoEnable	16	static
fsl_dspi.h:760:20:DSPI_FlushFifo	16	static
fsl_dspi.h:941:24:DSPI_MasterGetFormattedCommand	16	static
fsl_dspi.h:998:20:DSPI_SlaveWriteData	16	static
fsl_dspi.h:1020:24:DSPI_ReadData	16	static
SPI_Adapter.c:107:13:Spi_Init	40	static
SPI_Adapter.c:150:13:Spi_Configure	96	static
SPI_Adapter.c:297:13:Spi_SyncTransfer	48	static
SPI_Adapter.c:390:13:Spi_AsyncTransfer	48	static
SPI_Adapter.c:527:13:Spi_AsyncTransferSlave	40	static
SPI_Adapter.c:577:13:Spi_SendDummyByte	40	static
SPI_Adapter.c:615:13:SPIx_ISR	40	static
SPI_Adapter.c:757:13:Spi_WriteData	24	static
SPI_Adapter.c:782:15:Spi_SlaveTransmitCompleted	32	static
SPI_Adapter.c:810:13:Spi_FillTxFifoSlave	16	static
SPI_Adapter.c:882:17:Spi_ReadData	16	static
SPI_Adapter.c:900:15:Spi_IsMaster	16	static
SPI_Adapter.c:916:13:Spi_SetIntState	16	static
