<html>
<body>
<pre>
<h1>µVision Build Log</h1>
<h2>Tool Versions:</h2>
IDE-Version: µVision V5.28.0.0
Copyright (C) 2019 ARM Ltd and ARM Germany GmbH. All rights reserved.
License Information: Maciej Dudziak University of Southampton Flex license: error obtaining information 
Tool Versions:
Toolchain:       MDK-Lite  Version: 5.28.0.0
Toolchain Path:  C:\Keil_v5\ARM\ARMCC\Bin
C Compiler:      Armcc.exe V5.06 update 6 (build 750)
Assembler:       Armasm.exe V5.06 update 6 (build 750)
Linker/Locator:  ArmLink.exe V5.06 update 6 (build 750)
Library Manager: ArmAr.exe V5.06 update 6 (build 750)
Hex Converter:   FromElf.exe V5.06 update 6 (build 750)
CPU DLL:         SARMCM3.DLL V5.28.0.0
Dialog DLL:      DARMCM1.DLL V1.19.2.0
Target DLL:      CMSIS_AGDI.dll V1.31.18.0
Dialog DLL:      TARMCM1.DLL V1.14.1.0
 
<h2>Project:</h2>
G:\Programming Projects\RealTime\RTOS_for_coursework\project1.uvprojx
Project File Date:  10/14/2019

<h2>Output:</h2>
*** Using Compiler 'V5.06 update 6 (build 750)', folder: 'C:\Keil_v5\ARM\ARMCC\Bin'
Build target 'Target 1'
compiling main.c...
.\RTE\Device\MKW41Z512xxx4\system_MKW41Z4.h(95): warning:  #2532-D: support for trigraphs is disabled
  /* SMC_PMPROT: ??=0,??=0,AVLP=1,??=0,??=0,??=0,AVLLS=1,??=0 */
main.c(51): warning:  #1-D: last line of file ends without a newline
  			LED_is_on = !LED_is_on; LED_is_on ? LED_On(2):LED_Off(2); } } }
main.c: 2 warnings, 0 errors
linking...
Program Size: Code=8740 RO-data=288 RW-data=116 ZI-data=66900  
".\Objects\project1.axf" - 0 Error(s), 2 Warning(s).

<h2>Software Packages used:</h2>

Package Vendor: ARM
                http://www.keil.com/pack/ARM.CMSIS.5.5.1.pack
                ARM.CMSIS.5.5.1
                CMSIS (Cortex Microcontroller Software Interface Standard)
   * Component: CORE Version: 5.2.0

Package Vendor: ARM
                http://www.keil.com/pack/ARM.CMSIS-FreeRTOS.10.2.0.pack
                ARM.CMSIS-FreeRTOS.10.2.0
                Bundle of FreeRTOS for Cortex-M and Cortex-A
   * Component: Config Variant: FreeRTOS Version: 10.2.0
   * Component: Core Variant: Cortex-M Version: 10.2.0
   * Component: Heap Variant: Heap_5 Version: 10.2.0
   * Component: Timers Version: 10.2.0

Package Vendor: Keil
                http://www.keil.com/pack/Keil.Kinetis_KWxx_DFP.1.9.0.pack
                Keil.Kinetis_KWxx_DFP.1.9.0
                NXP Kinetis KWxx Series Device Support
   * Component: Buttons Version: 1.0.0
   * Component: LED Version: 1.0.0
   * Component: Startup Version: 1.0.0

Package Vendor: Keil
                http://www.keil.com/pack/Keil.MDK-Middleware.7.8.0.pack
                Keil.MDK-Middleware.7.8.0
                Middleware for Keil MDK-Professional and MDK-Plus
   * Component: Buttons Version: 1.0.0
   * Component: LED Version: 1.0.0

<h2>Collection of Component include folders:</h2>
  .\RTE\Device\MKW41Z512xxx4
  .\RTE\RTOS
  .\RTE\_Target_1
  C:\Users\maciu\AppData\Local\Arm\Packs\ARM\CMSIS-FreeRTOS\10.2.0\CMSIS\RTOS2\FreeRTOS\Include
  C:\Users\maciu\AppData\Local\Arm\Packs\ARM\CMSIS-FreeRTOS\10.2.0\Source\include
  C:\Users\maciu\AppData\Local\Arm\Packs\ARM\CMSIS-FreeRTOS\10.2.0\Source\portable\RVDS\ARM_CM0
  C:\Users\maciu\AppData\Local\Arm\Packs\ARM\CMSIS\5.5.1\CMSIS\Core\Include
  C:\Users\maciu\AppData\Local\Arm\Packs\Keil\Kinetis_KWxx_DFP\1.9.0\Device\Include
  C:\Users\maciu\AppData\Local\Arm\Packs\Keil\MDK-Middleware\7.8.0\Board

<h2>Collection of Component Files used:</h2>

   * Component: ::Board Support:Buttons:1.0.0 (API)
      Include file:  Board\Board_Buttons.h

   * Component: ::Board Support:LED:1.0.0 (API)
      Include file:  Board\Board_LED.h

   * Component: ARM.FreeRTOS::RTOS:Config:FreeRTOS:10.2.0
      Include file:  Config\ARMCM\FreeRTOSConfig.h

   * Component: ARM.FreeRTOS::RTOS:Core:Cortex-M:10.2.0
      Include file:  Source\include\FreeRTOS.h
      Include file:  Source\include\queue.h
      Source file:   Source\queue.c
      Source file:   Source\portable\RVDS\ARM_CM0\port.c
      Include file:  Source\include\task.h
      Source file:   Source\tasks.c
      Include file:  Source\include\semphr.h
      Source file:   Source\list.c
      Source file:   CMSIS\RTOS2\FreeRTOS\Source\freertos_evr.c

   * Component: ARM.FreeRTOS::RTOS:Heap:Heap_5:10.2.0
      Source file:   Source\portable\MemMang\heap_5.c

   * Component: ARM.FreeRTOS::RTOS:Timers:10.2.0
      Include file:  Source\include\timers.h
      Source file:   Source\timers.c

   * Component: ARM::CMSIS:CORE:5.2.0

   * Component: Keil.FRDM-KW41Z::Board Support:Buttons:1.0.0
      Source file:   Boards\NXP\FRDM-KW41Z\Common\Buttons_FRDM-KW41Z.c

   * Component: Keil.FRDM-KW41Z::Board Support:LED:1.0.0
      Source file:   Boards\NXP\FRDM-KW41Z\Common\LED_FRDM-KW41Z.c

   * Component: Keil::Device:Startup:1.0.0
      Include file:  Device\Source\system_MKW41Z4.h
      Source file:   Device\Source\ARM\startup_MKW41Z4.s
      Source file:   Device\Source\system_MKW41Z4.c
Build Time Elapsed:  00:00:01
</pre>
</body>
</html>
