DCDC.c:570:13:DCDC_PSwitchIsr	8	static
DCDC.c:409:13:DCDC_GetOutputTargetsBuck	32	static
DCDC.c:154:17:DCDC_MakeADCConversion	16	static
DCDC.c:190:13:DCDC_Get1P8VOutputTargetAndVBatInmV	32	static
DCDC.c:168:13:DCDC_AdjustVbatDiv.part.0	8	static
DCDC.c:505:13:DCDC_VBatMonitorBuck	40	static
DCDC.c:314:27:DCDC_mVToMcuVOutputTargetBoost	16	static
DCDC.c:367:13:DCDC_GetOutputTargetsBoost	40	static
DCDC.c:440:13:DCDC_VBatMonitorBoost	40	static
DCDC.c:344:27:DCDC_mVToMcuVOutputTargetBuck	8	static
DCDC.c:605:8:DCDC_Init	40	static
DCDC.c:712:8:DCDC_SetOutputVoltageTargets	32	static
DCDC.c:799:10:DCDC_McuVOutputTargetTomV	0	static
DCDC.c:812:10:DCDC_1P8OutputTargetTomV	0	static
DCDC.c:837:8:DCDC_PrepareForPulsedMode	0	static
DCDC.c:867:8:DCDC_PrepareForContinuousMode	0	static
DCDC.c:896:8:DCDC_SetUpperLimitDutyCycle	8	static
DCDC.c:933:8:DCDC_GetPowerSwitchStatus	0	static
DCDC.c:964:6:DCDC_ShutDown	0	static
DCDC.c:991:8:DCDC_InstallPSwitchCallback	8	static
