core_cm0plus.h:745:22:NVIC_EnableIRQ	16	static
core_cm0plus.h:791:22:NVIC_ClearPendingIRQ	16	static
core_cm0plus.h:804:22:NVIC_SetPriority	24	static
fsl_clock.h:580:20:CLOCK_EnableClock	24	static
TimersManager.c:296:20:TMR_GetTimerStatus	16	static
TimersManager.c:309:13:TMR_SetTimerStatus	16	static
TimersManager.c:323:23:TMR_GetTimerType	16	static
TimersManager.c:336:13:TMR_SetTimerType	16	static
TimersManager.c:352:6:TMR_RTCAlarmNotify	8	static
TimersManager.c:371:13:TMR_PIT_ISR	8	static
TimersManager.c:393:19:TmrTicksFromMilliseconds	24	static
TimersManager.c:404:6:TMR_Init	16	static
TimersManager.c:448:6:TMR_NotifyClkChanged	16	static
TimersManager.c:466:14:TMR_AllocateTimer	16	static
TimersManager.c:491:8:TMR_AreAllTimersOff	8	static
TimersManager.c:505:14:TMR_FreeTimer	32	static
TimersManager.c:525:13:StackTimer_ISR	8	static
TimersManager.c:537:8:TMR_IsTimerActive	16	static
TimersManager.c:551:8:TMR_IsTimerReady	16	static
TimersManager.c:564:10:TMR_GetRemainingTime	72	static
TimersManager.c:611:10:TMR_GetFirstExpireTime	32	static
TimersManager.c:639:14:TMR_GetFirstWithParam	24	static
TimersManager.c:667:14:TMR_StartTimer	56	static
TimersManager.c:724:14:TMR_StartLowPowerTimer	40	static
TimersManager.c:756:14:TMR_StartLowPowerMinuteTimer	40	static
TimersManager.c:778:14:TMR_StartLowPowerSecondTimer	40	static
TimersManager.c:801:14:TMR_StartMinuteTimer	40	static
TimersManager.c:823:14:TMR_StartSecondTimer	40	static
TimersManager.c:844:14:TMR_StartIntervalTimer	40	static
TimersManager.c:864:14:TMR_StartSingleShotTimer	40	static
TimersManager.c:883:14:TMR_StopTimer	32	static
TimersManager.c:931:6:TMR_Task	104	static
TimersManager.c:1105:6:TMR_EnableTimer	16	static
TimersManager.c:1127:10:TMR_NotCountedTicksBeforeSleep	16	static
TimersManager.c:1157:6:TMR_SyncLpmTimers	48	static
TimersManager.c:1205:6:TMR_MakeTMRThreadReady	8	static
TimersManager.c:1220:10:TMR_GetTimerFreq	8	static
TimersManager.c:1231:6:TMR_TimeStampInit	8	static
TimersManager.c:1244:10:TMR_GetTimestamp	16	static
TimersManager.c:1259:8:TMR_RTCIsOscStarted	8	static
TimersManager.c:1269:6:TMR_RTCInit	16	static
TimersManager.c:1323:10:TMR_RTCGetTimestamp	112	static
TimersManager.c:1376:6:TMR_RTCSetTime	64	static
TimersManager.c:1422:6:TMR_RTCSetAlarm	32	static
TimersManager.c:1446:6:TMR_RTCSetAlarmRelative	32	static
TimersManager.c:1609:6:TMR_PITInit	24	static
TimersManager.c:1656:10:TMR_PITGetTimestamp	128	static
