core_cm0plus.h:745:22:NVIC_EnableIRQ	16	static
core_cm0plus.h:756:22:NVIC_DisableIRQ	16	static
core_cm0plus.h:804:22:NVIC_SetPriority	24	static
fsl_clock.h:580:20:CLOCK_EnableClock	24	static
fsl_adc16.h:382:20:ADC16_EnableHardwareTrigger	16	static
fsl_adc16.h:500:24:ADC16_GetChannelConversionValue	16	static
DCDC.c:154:17:DCDC_MakeADCConversion	16	static
DCDC.c:168:13:DCDC_AdjustVbatDiv	24	static
DCDC.c:190:13:DCDC_Get1P8VOutputTargetAndVBatInmV	40	static
DCDC.c:222:33:DCDC_mVTo1P8OutputTargetBoost	24	static
DCDC.c:278:33:DCDC_mVTo1P8OutputTargetBuck	24	static
DCDC.c:314:27:DCDC_mVToMcuVOutputTargetBoost	24	static
DCDC.c:344:27:DCDC_mVToMcuVOutputTargetBuck	24	static
DCDC.c:367:13:DCDC_GetOutputTargetsBoost	40	static
DCDC.c:409:13:DCDC_GetOutputTargetsBuck	40	static
DCDC.c:440:13:DCDC_VBatMonitorBoost	32	static
DCDC.c:505:13:DCDC_VBatMonitorBuck	32	static
DCDC.c:570:13:DCDC_PSwitchIsr	16	static
DCDC.c:605:8:DCDC_Init	24	static
DCDC.c:712:8:DCDC_SetOutputVoltageTargets	24	static
DCDC.c:799:10:DCDC_McuVOutputTargetTomV	24	static
DCDC.c:812:10:DCDC_1P8OutputTargetTomV	24	static
DCDC.c:837:8:DCDC_PrepareForPulsedMode	8	static
DCDC.c:867:8:DCDC_PrepareForContinuousMode	8	static
DCDC.c:896:8:DCDC_SetUpperLimitDutyCycle	16	static
DCDC.c:933:8:DCDC_GetPowerSwitchStatus	16	static
DCDC.c:964:6:DCDC_ShutDown	8	static
DCDC.c:991:8:DCDC_InstallPSwitchCallback	24	static
