mwa_end_device.c:214:6:main_task	16	static
mwa_end_device.c:271:6:App_Idle_Task	16	static
mwa_end_device.c:323:6:App_init	16	static
mwa_end_device.c:391:6:AppThread	48	static
mwa_end_device.c:684:13:UartRxCallBack	32	static
mwa_end_device.c:721:16:App_StartScan	32	static
mwa_end_device.c:784:16:App_HandleScanActiveConfirm	48	static
mwa_end_device.c:850:16:App_SendAssociateRequest	24	static
mwa_end_device.c:902:16:App_StartCoordinator	32	static
mwa_end_device.c:997:16:App_HandleAssociateConfirm	24	static
mwa_end_device.c:1036:16:App_HandleMlmeInput	16	static
mwa_end_device.c:1091:6:App_ExecuteCommand	24	static
mwa_end_device.c:1109:13:App_HandleMcpsInput	72	static
mwa_end_device.c:1194:16:App_WaitMsg	16	static
mwa_end_device.c:1224:13:App_TransmitUartData	32	static
mwa_end_device.c:1311:16:AppPollWaitTimeout	32	static
mwa_end_device.c:1351:13:App_HandleKeys	16	static
mwa_end_device.c:1391:14:MLME_NWK_SapHandler	16	static
mwa_end_device.c:1399:14:MCPS_NWK_SapHandler	16	static
mwa_end_device.c:1406:13:App_TransmitUartData2	24	static
