NV_Flash.c:1604:21:__NvAtomicSave	40	static
NV_Flash.c:1729:21:__NvSyncSave	32	static
NV_Flash.c:1817:21:__NvFormat	32	static
NV_Flash.c:1922:13:__NvIdle	48	static
NV_Flash.c:2040:8:__NvIsDataSetDirty	40	static
NV_Flash.c:2107:21:__NvRestoreDataSet	24	static
NV_Flash.c:2186:15:__NvTimerTick	40	static
NV_Flash.c:2274:21:__NvSaveOnCount	40	static
NV_Flash.c:2339:21:__NvSaveOnInterval	40	static
NV_Flash.c:2403:21:__NvSaveOnIdle	32	static
NV_Flash.c:2458:21:__NvModuleInit	24	static
NV_Flash.c:3009:15:NvInitPendingSavesQueue	16	static
NV_Flash.c:3033:15:NvPushPendingSave	24	static
NV_Flash.c:3083:15:NvPopPendingSave	16	static
NV_Flash.c:3113:17:NvGetPendingSavesCount	16	static
NV_Flash.c:3139:13:InitNVMConfig	8	static
NV_Flash.c:3197:17:NvUpdateSize	24	static
NV_Flash.c:3221:21:NvEraseVirtualPage	24	static
NV_Flash.c:3263:13:NvInitStorageSystem	48	static
NV_Flash.c:3391:21:NvVirtualPageBlankCheck	16	static
NV_Flash.c:3421:21:NvUpdateLastMetaInfoAddress	32	static
NV_Flash.c:3496:21:NvGetMetaInfo	24	static
NV_Flash.c:3527:21:NvGetPageFreeSpace	48	static
NV_Flash.c:3591:15:NvIsMemoryAreaAvailable	24	static
NV_Flash.c:3638:15:NvIsRecordCopied	40	static
NV_Flash.c:3730:21:NvInternalCopy	128	static
NV_Flash.c:4116:21:NvCopyPage	80	static
NV_Flash.c:4428:21:NvInternalFormat	24	static
NV_Flash.c:4479:15:NvSaveRamTable	72	static
NV_Flash.c:4554:21:UpgradeLegacyTable	64	static
NV_Flash.c:4743:21:NvGetEntryFromDataPtr	32	static
NV_Flash.c:4794:21:NvWriteRecord	72	static
NV_Flash.c:5191:21:NvRestoreData	48	static
NV_Flash.c:5456:17:NvGetTableEntryIndexFromId	24	static
NV_Flash.c:5482:13:NvProcessFirstSaveInQueue	24	static
NV_Flash.c:5556:21:NvAddSaveRequestToQueue	32	static
NV_Flash.c:5659:16:GetRandomRange	24	static
NV_Flash.c:5681:13:__NvShutdown	16	static
NV_Flash.c:5715:13:__NvCompletePendingOperations	16	static
NV_Flash.c:5910:14:NvModuleInit	24	static
NV_Flash.c:5951:14:NvMoveToRam	16	static
NV_Flash.c:5977:14:NvErase	16	static
NV_Flash.c:6005:14:NvSaveOnIdle	32	static
NV_Flash.c:6036:14:NvSaveOnInterval	32	static
NV_Flash.c:6062:14:NvSaveOnCount	32	static
NV_Flash.c:6089:6:NvSetMinimumTicksBetweenSaves	16	static
NV_Flash.c:6109:6:NvSetCountsBetweenSaves	16	static
NV_Flash.c:6131:8:NvTimerTick	32	static
NV_Flash.c:6158:14:NvRestoreDataSet	32	static
NV_Flash.c:6183:6:NvClearCriticalSection	8	static
NV_Flash.c:6207:6:NvSetCriticalSection	8	static
NV_Flash.c:6227:6:NvIdle	8	static
NV_Flash.c:6249:7:NvGetNvIdleTaskId	8	static
NV_Flash.c:6267:8:NvIsDataSetDirty	32	static
NV_Flash.c:6292:6:NvGetPagesStatistics	16	static
NV_Flash.c:6341:14:NvFormat	24	static
NV_Flash.c:6375:14:NvRegisterTableEntry	32	static
NV_Flash.c:6413:14:NvEraseEntryFromStorage	16	static
NV_Flash.c:6464:14:NvSyncSave	32	static
NV_Flash.c:6500:14:NvAtomicSave	24	static
NV_Flash.c:6522:6:NvShutdown	8	static
NV_Flash.c:6538:6:NvCompletePendingOperations	8	static
NV_Flash.c:6578:6:NvProgramFlash	24	static
