fsl_dspi.c:963:13:DSPI_MasterTransferFillUpTxFifo	16	static
fsl_dspi.c:1091:6:DSPI_MasterTransferHandleIRQ	16	static
fsl_dspi.c:1438:6:DSPI_SlaveTransferHandleIRQ	16	static
fsl_dspi.c:1607:13:DSPI_CommonIRQHandler	8	static
fsl_dspi.c:143:10:DSPI_GetInstance.part.1	0	static
fsl_dspi.h:941:24:DSPI_MasterGetFormattedCommand.constprop	0	static
fsl_dspi.c:143:10:DSPI_GetInstance	8	static
fsl_dspi.c:208:6:DSPI_MasterGetDefaultConfig	0	static
fsl_dspi.c:232:6:DSPI_SlaveInit	16	static
fsl_dspi.c:268:6:DSPI_SlaveGetDefaultConfig	0	static
fsl_dspi.c:283:6:DSPI_Deinit	8	static
fsl_dspi.c:312:10:DSPI_MasterSetBaudRate	72	static
fsl_dspi.c:376:6:DSPI_MasterSetDelayScaler	12	static
fsl_dspi.c:402:10:DSPI_MasterSetDelayTimes	48	static
fsl_dspi.c:161:6:DSPI_MasterInit	32	static
fsl_dspi.c:474:6:DSPI_GetDefaultDataCommandConfig	0	static
fsl_dspi.c:485:6:DSPI_MasterWriteDataBlocking	12	static
fsl_dspi.c:508:6:DSPI_MasterWriteCommandDataBlocking	0	static
fsl_dspi.c:528:6:DSPI_SlaveWriteDataBlocking	8	static
fsl_dspi.c:548:6:DSPI_EnableInterrupts	0	static
fsl_dspi.c:563:6:DSPI_MasterTransferCreateHandle	24	static
fsl_dspi.c:579:10:DSPI_MasterTransferBlocking	56	static
fsl_dspi.c:880:10:DSPI_MasterTransferNonBlocking	40	static
fsl_dspi.c:918:10:DSPI_MasterTransferGetCount	0	static
fsl_dspi.c:1079:6:DSPI_MasterTransferAbort	0	static
fsl_dspi.c:1198:6:DSPI_SlaveTransferCreateHandle	24	static
fsl_dspi.c:1214:10:DSPI_SlaveTransferNonBlocking	32	static
fsl_dspi.c:1283:10:DSPI_SlaveTransferGetCount	0	static
fsl_dspi.c:1423:6:DSPI_SlaveTransferAbort	0	static
fsl_dspi.c:1620:6:SPI0_DriverIRQHandler	8	static
fsl_dspi.c:1628:6:SPI1_DriverIRQHandler	8	static
