Archive member included to satisfy reference by file (symbol)

c:/nxp/mcuxpressoide_11.0.1_2563/ide/plugins/com.nxp.mcuxpresso.tools.win32_11.0.1.201907311258/tools/bin/../lib/gcc/arm-none-eabi/8.2.1/../../../../arm-none-eabi/lib/thumb/v6-m/nofp\libm.a(lib_a-s_round.o)
                              ./framework/XCVR/MKW41Z4/fsl_xcvr.o (round)
c:/nxp/mcuxpressoide_11.0.1_2563/ide/plugins/com.nxp.mcuxpresso.tools.win32_11.0.1.201907311258/tools/bin/../lib/gcc/arm-none-eabi/8.2.1/../../../../arm-none-eabi/lib/thumb/v6-m/nofp\libm.a(lib_a-s_trunc.o)
                              ./framework/XCVR/MKW41Z4/fsl_xcvr.o (trunc)
c:/nxp/mcuxpressoide_11.0.1_2563/ide/plugins/com.nxp.mcuxpresso.tools.win32_11.0.1.201907311258/tools/bin/../lib/gcc/arm-none-eabi/8.2.1/../../../../arm-none-eabi/lib/thumb/v6-m/nofp\libm.a(lib_a-sf_round.o)
                              ./framework/XCVR/MKW41Z4/fsl_xcvr_trim.o (roundf)
c:/nxp/mcuxpressoide_11.0.1_2563/ide/plugins/com.nxp.mcuxpresso.tools.win32_11.0.1.201907311258/tools/bin/../lib/gcc/arm-none-eabi/8.2.1/../../../../arm-none-eabi/lib/thumb/v6-m/nofp\libc.a(lib_a-exit.o)
                              c:/nxp/mcuxpressoide_11.0.1_2563/ide/plugins/com.nxp.mcuxpresso.tools.win32_11.0.1.201907311258/tools/bin/../lib/gcc/arm-none-eabi/8.2.1/../../../../arm-none-eabi/lib/thumb/v6-m/nofp/crt0.o (exit)
c:/nxp/mcuxpressoide_11.0.1_2563/ide/plugins/com.nxp.mcuxpresso.tools.win32_11.0.1.201907311258/tools/bin/../lib/gcc/arm-none-eabi/8.2.1/../../../../arm-none-eabi/lib/thumb/v6-m/nofp\libc.a(lib_a-impure.o)
                              c:/nxp/mcuxpressoide_11.0.1_2563/ide/plugins/com.nxp.mcuxpresso.tools.win32_11.0.1.201907311258/tools/bin/../lib/gcc/arm-none-eabi/8.2.1/../../../../arm-none-eabi/lib/thumb/v6-m/nofp\libc.a(lib_a-exit.o) (_global_impure_ptr)
c:/nxp/mcuxpressoide_11.0.1_2563/ide/plugins/com.nxp.mcuxpresso.tools.win32_11.0.1.201907311258/tools/bin/../lib/gcc/arm-none-eabi/8.2.1/../../../../arm-none-eabi/lib/thumb/v6-m/nofp\libc.a(lib_a-init.o)
                              c:/nxp/mcuxpressoide_11.0.1_2563/ide/plugins/com.nxp.mcuxpresso.tools.win32_11.0.1.201907311258/tools/bin/../lib/gcc/arm-none-eabi/8.2.1/../../../../arm-none-eabi/lib/thumb/v6-m/nofp/crt0.o (__libc_init_array)
c:/nxp/mcuxpressoide_11.0.1_2563/ide/plugins/com.nxp.mcuxpresso.tools.win32_11.0.1.201907311258/tools/bin/../lib/gcc/arm-none-eabi/8.2.1/../../../../arm-none-eabi/lib/thumb/v6-m/nofp\libc.a(lib_a-memcpy-stub.o)
                              ./source/mwa_coordinator.o (memcpy)
c:/nxp/mcuxpressoide_11.0.1_2563/ide/plugins/com.nxp.mcuxpresso.tools.win32_11.0.1.201907311258/tools/bin/../lib/gcc/arm-none-eabi/8.2.1/../../../../arm-none-eabi/lib/thumb/v6-m/nofp\libc.a(lib_a-memset.o)
                              c:/nxp/mcuxpressoide_11.0.1_2563/ide/plugins/com.nxp.mcuxpresso.tools.win32_11.0.1.201907311258/tools/bin/../lib/gcc/arm-none-eabi/8.2.1/../../../../arm-none-eabi/lib/thumb/v6-m/nofp/crt0.o (memset)
c:/nxp/mcuxpressoide_11.0.1_2563/ide/plugins/com.nxp.mcuxpresso.tools.win32_11.0.1.201907311258/tools/bin/../lib/gcc/arm-none-eabi/8.2.1/../../../../arm-none-eabi/lib/thumb/v6-m/nofp\libc.a(lib_a-strlen-stub.o)
                              ./source/mwa_coordinator.o (strlen)
c:/nxp/mcuxpressoide_11.0.1_2563/ide/plugins/com.nxp.mcuxpresso.tools.win32_11.0.1.201907311258/tools/bin/../lib/gcc/arm-none-eabi/8.2.1/../../../../arm-none-eabi/lib/thumb/v6-m/nofp\libc.a(lib_a-__call_atexit.o)
                              c:/nxp/mcuxpressoide_11.0.1_2563/ide/plugins/com.nxp.mcuxpresso.tools.win32_11.0.1.201907311258/tools/bin/../lib/gcc/arm-none-eabi/8.2.1/../../../../arm-none-eabi/lib/thumb/v6-m/nofp\libc.a(lib_a-exit.o) (__call_exitprocs)
c:/nxp/mcuxpressoide_11.0.1_2563/ide/plugins/com.nxp.mcuxpresso.tools.win32_11.0.1.201907311258/tools/bin/../lib/gcc/arm-none-eabi/8.2.1/../../../../arm-none-eabi/lib/thumb/v6-m/nofp\libc.a(lib_a-atexit.o)
                              c:/nxp/mcuxpressoide_11.0.1_2563/ide/plugins/com.nxp.mcuxpresso.tools.win32_11.0.1.201907311258/tools/bin/../lib/gcc/arm-none-eabi/8.2.1/../../../../arm-none-eabi/lib/thumb/v6-m/nofp\libc.a(lib_a-__call_atexit.o) (atexit)
c:/nxp/mcuxpressoide_11.0.1_2563/ide/plugins/com.nxp.mcuxpresso.tools.win32_11.0.1.201907311258/tools/bin/../lib/gcc/arm-none-eabi/8.2.1/../../../../arm-none-eabi/lib/thumb/v6-m/nofp\libc.a(lib_a-fini.o)
                              c:/nxp/mcuxpressoide_11.0.1_2563/ide/plugins/com.nxp.mcuxpresso.tools.win32_11.0.1.201907311258/tools/bin/../lib/gcc/arm-none-eabi/8.2.1/../../../../arm-none-eabi/lib/thumb/v6-m/nofp\libc.a(lib_a-__call_atexit.o) (__libc_fini_array)
c:/nxp/mcuxpressoide_11.0.1_2563/ide/plugins/com.nxp.mcuxpresso.tools.win32_11.0.1.201907311258/tools/bin/../lib/gcc/arm-none-eabi/8.2.1/../../../../arm-none-eabi/lib/thumb/v6-m/nofp\libc.a(lib_a-lock.o)
[...]
Memory Configuration

Name             Origin             Length             Attributes
TEXT_region1     0x00000000         0x00000400         xr
m_flash_config_region 0x00000400         0x00000010         xr
TEXT_region2     0x00000411         0x0007d3ee         xr
NVM_region       0x0007d800         0x00001fff         rw
DATA1_region     0x1fff8000         0x00008000         rw
DATA2_region     0x20000000         0x00018000         rw
PRODUCT_INFO_region 0x0007f800         0x000007ff         xr
*default*        0x00000000         0xffffffff

Linker script and memory map

LOAD c:/nxp/mcuxpressoide_11.0.1_2563/ide/plugins/com.nxp.mcuxpresso.tools.win32_11.0.1.201907311258/tools/bin/../lib/gcc/arm-none-eabi/8.2.1/thumb/v6-m/nofp/crti.o
LOAD c:/nxp/mcuxpressoide_11.0.1_2563/ide/plugins/com.nxp.mcuxpresso.tools.win32_11.0.1.201907311258/tools/bin/../lib/gcc/arm-none-eabi/8.2.1/thumb/v6-m/nofp/crtbegin.o
LOAD c:/nxp/mcuxpressoide_11.0.1_2563/ide/plugins/com.nxp.mcuxpresso.tools.win32_11.0.1.201907311258/tools/bin/../lib/gcc/arm-none-eabi/8.2.1/../../../../arm-none-eabi/lib/thumb/v6-m/nofp/crt0.o
LOAD ./utilities/fsl_debug_console.o
LOAD ./startup/startup_MKW41Z4.o
LOAD ./source/mtb.o
LOAD ./source/mwa_coordinator.o
LOAD ./source/semihost_hardfault.o
LOAD ./ieee_802.15.4/phy/source/MKW41Z/ASP.o
LOAD ./ieee_802.15.4/phy/source/MKW41Z/MPM.o
LOAD ./ieee_802.15.4/phy/source/MKW41Z/PhyISR.o
LOAD ./ieee_802.15.4/phy/source/MKW41Z/PhyPacketProcessor.o
LOAD ./ieee_802.15.4/phy/source/MKW41Z/PhyPlmeData.o
LOAD ./ieee_802.15.4/phy/source/MKW41Z/PhyStateMachine.o
LOAD ./ieee_802.15.4/phy/source/MKW41Z/PhyTime.o
LOAD ./ieee_802.15.4/mac/source/App/FsciAspCommands.o
LOAD ./ieee_802.15.4/mac/source/App/FsciMacCommands.o
LOAD ./ieee_802.15.4/mac/source/App/MacGlobals.o
LOAD ./freertos/croutine.o
LOAD ./freertos/event_groups.o
LOAD ./freertos/fsl_tickless_lptmr.o
LOAD ./freertos/fsl_tickless_systick.o
LOAD ./freertos/heap_4.o
LOAD ./freertos/list.o
LOAD ./freertos/port.o
LOAD ./freertos/queue.o
LOAD ./freertos/tasks.o
LOAD ./freertos/timers.o
LOAD ./framework/XCVR/MKW41Z4/cfgs_kw4x_3x_2x/fsl_xcvr_ant_config.o
LOAD ./framework/XCVR/MKW41Z4/cfgs_kw4x_3x_2x/fsl_xcvr_ble_config.o
LOAD ./framework/XCVR/MKW41Z4/cfgs_kw4x_3x_2x/fsl_xcvr_common_config.o
LOAD ./framework/XCVR/MKW41Z4/cfgs_kw4x_3x_2x/fsl_xcvr_gfsk_bt_0p3_h_0p5_config.o
LOAD ./framework/XCVR/MKW41Z4/cfgs_kw4x_3x_2x/fsl_xcvr_gfsk_bt_0p5_h_0p32_config.o
LOAD ./framework/XCVR/MKW41Z4/cfgs_kw4x_3x_2x/fsl_xcvr_gfsk_bt_0p5_h_0p5_config.o
LOAD ./framework/XCVR/MKW41Z4/cfgs_kw4x_3x_2x/fsl_xcvr_gfsk_bt_0p5_h_0p7_config.o
LOAD ./framework/XCVR/MKW41Z4/cfgs_kw4x_3x_2x/fsl_xcvr_gfsk_bt_0p5_h_1p0_config.o
LOAD ./framework/XCVR/MKW41Z4/cfgs_kw4x_3x_2x/fsl_xcvr_gfsk_bt_0p7_h_0p5_config.o
LOAD ./framework/XCVR/MKW41Z4/cfgs_kw4x_3x_2x/fsl_xcvr_mode_datarate_config.o
LOAD ./framework/XCVR/MKW41Z4/cfgs_kw4x_3x_2x/fsl_xcvr_msk_config.o
LOAD ./framework/XCVR/MKW41Z4/cfgs_kw4x_3x_2x/fsl_xcvr_zgbe_config.o
LOAD ./framework/XCVR/MKW41Z4/dbg_ram_capture.o
LOAD ./framework/XCVR/MKW41Z4/fsl_xcvr.o
LOAD ./framework/XCVR/MKW41Z4/fsl_xcvr_trim.o
LOAD ./framework/XCVR/MKW41Z4/ifr_radio.o
LOAD ./framework/TimersManager/Source/TMR_Adapter.o
LOAD ./framework/TimersManager/Source/TimersManager.o
LOAD ./framework/SerialManager/Source/UART_Adapter/UART_Adapter.o
LOAD ./framework/SerialManager/Source/SPI_Adapter/SPI_Adapter.o
LOAD ./framework/SerialManager/Source/I2C_Adapter/I2C_Adapter.o
LOAD ./framework/SerialManager/Source/SerialManager.o
LOAD ./framework/SecLib/SecLib.o
LOAD ./framework/Reset/Reset.o
LOAD ./framework/RNG/Source/RNG.o
LOAD ./framework/Panic/Source/Panic.o
LOAD ./framework/OSAbstraction/Source/fsl_os_abstraction_free_rtos.o
LOAD ./framework/ModuleInfo/ModuleInfo.o
LOAD ./framework/Messaging/Source/Messaging.o
LOAD ./framework/MemManager/Source/MemManager.o
LOAD ./framework/MWSCoexistence/Source/MWS.o
LOAD ./framework/Lists/GenericList.o
LOAD ./framework/LED/Source/LED.o
LOAD ./framework/Keyboard/Source/Keyboard.o
LOAD ./framework/GPIO/GPIO_Adapter.o
LOAD ./framework/FunctionLib/FunctionLib.o
LOAD ./framework/Flash/Internal/Flash_Adapter.o
LOAD ./framework/DCDC/Source/DCDC.o
LOAD ./drivers/fsl_adc16.o
LOAD ./drivers/fsl_clock.o
LOAD ./drivers/fsl_common.o
LOAD ./drivers/fsl_dspi.o
LOAD ./drivers/fsl_dspi_freertos.o
LOAD ./drivers/fsl_flash.o
LOAD ./drivers/fsl_gpio.o
LOAD ./drivers/fsl_i2c.o
LOAD ./drivers/fsl_i2c_freertos.o
LOAD ./drivers/fsl_llwu.o
LOAD ./drivers/fsl_lptmr.o
LOAD ./drivers/fsl_lpuart.o
LOAD ./drivers/fsl_lpuart_freertos.o
LOAD ./drivers/fsl_ltc.o
LOAD ./drivers/fsl_pmc.o
LOAD ./drivers/fsl_rtc.o
LOAD ./drivers/fsl_smc.o
LOAD ./drivers/fsl_tpm.o
LOAD ./drivers/fsl_trng.o
LOAD ./drivers/fsl_tsi_v4.o
LOAD ./board/board.o
LOAD ./board/clock_config.o
LOAD ./board/gpio_pins.o
LOAD ./board/pin_mux.o
LOAD ./CMSIS/system_MKW41Z4.o
LOAD c:/nxp/mcuxpressoide_11.0.1_2563/ide/plugins/com.nxp.mcuxpresso.tools.win32_11.0.1.201907311258/tools/bin/../lib/gcc/arm-none-eabi/8.2.1/../../../../arm-none-eabi/lib/thumb/v6-m/nofp\libm.a
LOAD c:/nxp/mcuxpressoide_11.0.1_2563/ide/plugins/com.nxp.mcuxpresso.tools.win32_11.0.1.201907311258/tools/bin/../lib/gcc/arm-none-eabi/8.2.1/../../../../arm-none-eabi/lib/thumb/v6-m/nofp\libc.a
LOAD c:/nxp/mcuxpressoide_11.0.1_2563/ide/plugins/com.nxp.mcuxpresso.tools.win32_11.0.1.201907311258/tools/bin/../lib/gcc/arm-none-eabi/8.2.1/thumb/v6-m/nofp\libgcc.a
LOAD c:/nxp/mcuxpressoide_11.0.1_2563/ide/plugins/com.nxp.mcuxpresso.tools.win32_11.0.1.201907311258/tools/bin/../lib/gcc/arm-none-eabi/8.2.1/../../../../arm-none-eabi/lib/thumb/v6-m/nofp\libnosys.a
LOAD G:\Programming Projects\RealTime\frdmkw41z_wireless_examples_ieee_802_15_4_mwa_coordinator_freertos_again\libs\lib_crypto_m0.a
LOAD G:\Programming Projects\RealTime\frdmkw41z_wireless_examples_ieee_802_15_4_mwa_coordinator_freertos_again\libs\lib802.15.4_mac_06_cm0.a
START GROUP
LOAD c:/nxp/mcuxpressoide_11.0.1_2563/ide/plugins/com.nxp.mcuxpresso.tools.win32_11.0.1.201907311258/tools/bin/../lib/gcc/arm-none-eabi/8.2.1/thumb/v6-m/nofp\libgcc.a
LOAD c:/nxp/mcuxpressoide_11.0.1_2563/ide/plugins/com.nxp.mcuxpresso.tools.win32_11.0.1.201907311258/tools/bin/../lib/gcc/arm-none-eabi/8.2.1/../../../../arm-none-eabi/lib/thumb/v6-m/nofp\libc.a
END GROUP
LOAD c:/nxp/mcuxpressoide_11.0.1_2563/ide/plugins/com.nxp.mcuxpresso.tools.win32_11.0.1.201907311258/tools/bin/../lib/gcc/arm-none-eabi/8.2.1/thumb/v6-m/nofp/crtend.o
LOAD c:/nxp/mcuxpressoide_11.0.1_2563/ide/plugins/com.nxp.mcuxpresso.tools.win32_11.0.1.201907311258/tools/bin/../lib/gcc/arm-none-eabi/8.2.1/thumb/v6-m/nofp/crtn.o
                0x00000001                gUseNVMLink_d = DEFINED (gUseNVMLink_d)?gUseNVMLink_d:0x1
                0x00000004                gNVMSectorCountLink_d = DEFINED (gNVMSectorCountLink_d)?gNVMSectorCountLink_d:0x4
                0x00000001                __ram_vector_table__ = DEFINED (__ram_vector_table__)?__ram_vector_table__:0x1
                0x00000000                __region_ROM_start__ = 0x0
                0x0007ffff                __region_ROM_end__ = 0x7ffff
                0x1fff8000                __region_RAM1_start__ = 0x1fff8000
                0x1fffffff                __region_RAM1_end__ = 0x1fffffff
                0x20000000                __region_RAM2_start__ = 0x20000000
                0x20017fff                __region_RAM2_end__ = 0x20017fff
                0x000000c0                __vector_table_size__ = 0xc0
                0x00000000                __ram_vector_table_size__ = DEFINED (__ram_vector_table__)?__vector_table_size__:0x0
                0x1fff8000                _RAM_START_ = __region_RAM1_start__
                0x20017fff                _RAM_END_ = __region_RAM2_end__
                0x00000000                m_interrupts_start = __region_ROM_start__
                0x000000bf                m_interrupts_end = ((m_interrupts_start + __vector_table_size__) - 0x1)
                0x00000400                m_flash_config_start = 0x400
                0x00000410                m_flash_config_end = 0x410
                0x00000800                m_sector_size = 0x800
                0x00000200                __size_cstack__ = DEFINED (__stack_size__)?__stack_size__:0x200
                0x00000000                __size_heap__ = DEFINED (__heap_size__)?__heap_size__:0x0
                0x0007f800                m_fsl_prodInfo_start = ((__region_ROM_end__ - m_sector_size) + 0x1)
                0x0007ffff                m_fsl_prodInfo_end = __region_ROM_end__
                0x0007f800                FREESCALE_PROD_DATA_BASE_ADDR = m_fsl_prodInfo_start
                0x00000800                NV_STORAGE_SECTOR_SIZE = m_sector_size
                0x00000004                NV_STORAGE_MAX_SECTORS = gNVMSectorCountLink_d
                0x0007f7ff                NV_STORAGE_START_ADDRESS = (m_fsl_prodInfo_start - 0x1)
                0x0007d800                NV_STORAGE_END_ADDRESS = ((NV_STORAGE_START_ADDRESS - (NV_STORAGE_MAX_SECTORS * NV_STORAGE_SECTOR_SIZE)) + 0x1)
                0x00000800                NV_STORAGE_SECTOR_SIZE_C = m_sector_size
                0x00000004                NV_STORAGE_MAX_SECTORS_C = gNVMSectorCountLink_d
                0x0007f7ff                NV_STORAGE_START_ADDRESS_C = (m_fsl_prodInfo_start - 0x1)
                0x0007d800                NV_STORAGE_END_ADDRESS_C = ((NV_STORAGE_START_ADDRESS_C - (NV_STORAGE_MAX_SECTORS_C * NV_STORAGE_SECTOR_SIZE_C)) + 0x1)
                0x00000000                m_text_start = m_interrupts_start
                0x0007d7ff                m_text_end = (NV_STORAGE_END_ADDRESS_C - 0x1)
                0x20000000                m_interrupts_ram_start = __region_RAM2_start__
                0x200000bf                m_interrupts_ram_end = ((m_interrupts_ram_start + __ram_vector_table_size__) - 0x1)
                0x20017fff                __CSTACK_end__ = __region_RAM2_end__
                0x20017dff                __CSTACK_start__ = (__CSTACK_end__ - __size_cstack__)
                0x20017dfe                __HEAP_end__ = (__CSTACK_start__ - 0x1)
                0x20017dfa                __HEAP_start__ = ((__HEAP_end__ - __size_heap__) - 0x4)
                0x1fff8000                m_data1_start = __region_RAM1_start__
                0x1fffffff                m_data1_end = __region_RAM1_end__
                0x20000000                m_data2_start = m_interrupts_ram_start
                0x20017df9                m_data2_end = (__HEAP_start__ - 0x1)
                0x000000c0                __RAM_VECTOR_TABLE_SIZE = __ram_vector_table_size__
                0x20017dea                __BOOT_STACK_ADDRESS = (m_data2_end - 0xf)

.interrupts     0x00000000       0xc0
                0x00000000                __VECTOR_TABLE = .
                0x00000000                . = ALIGN (0x4)
 *(SORT_BY_ALIGNMENT(.isr_vector))
 .isr_vector    0x00000000       0xc0 ./startup/startup_MKW41Z4.o
                0x00000000                __isr_vector
                0x000000c0                . = ALIGN (0x4)

.freescale_prod_data
                0x0007f800        0x0
                0x0007f800                . = ALIGN (0x4)
 *(SORT_BY_ALIGNMENT(.FREESCALE_PROD_DATA))
                0x0007f800                . = ALIGN (0x4)

.flash_config   0x00000400       0x10
                0x00000400                . = ALIGN (0x4)
 *(SORT_BY_ALIGNMENT(.FlashConfig))
 .FlashConfig   0x00000400       0x10 ./startup/startup_MKW41Z4.o
                0x00000410                . = ALIGN (0x4)

.text           0x00000420    0x10c94
                0x00000420                . = ALIGN (0x4)
 *(SORT_BY_ALIGNMENT(.text))
 .text          0x00000420       0x48 c:/nxp/mcuxpressoide_11.0.1_2563/ide/plugins/com.nxp.mcuxpresso.tools.win32_11.0.1.201907311258/tools/bin/../lib/gcc/arm-none-eabi/8.2.1/thumb/v6-m/nofp/crtbegin.o
 .text          0x00000468       0x78 c:/nxp/mcuxpressoide_11.0.1_2563/ide/plugins/com.nxp.mcuxpresso.tools.win32_11.0.1.201907311258/tools/bin/../lib/gcc/arm-none-eabi/8.2.1/../../../../arm-none-eabi/lib/thumb/v6-m/nofp/crt0.o
                0x00000468                _start
                0x00000468                _mainCRTStartup
 .text          0x000004e0       0xc0 ./startup/startup_MKW41Z4.o
                0x000004e0                Reset_Handler
                0x00000528                Radio_0_IRQHandler
                0x00000528                DMA0_DriverIRQHandler
                0x00000528                CMP0_IRQHandler
                0x00000528                DMA2_DriverIRQHandler
                0x00000528                TPM0_IRQHandler
                0x00000528                Radio_1_IRQHandler
                0x00000528                LLWU_IRQHandler
                0x00000528                TSI0_IRQHandler
                0x00000528                ADC0_IRQHandler
                0x00000528                CMT_IRQHandler
                0x00000528                LPTMR0_IRQHandler
                0x00000528                DefaultISR
                0x00000528                PORTB_PORTC_IRQHandler
                0x00000528                TPM2_IRQHandler
                0x00000528                RTC_IRQHandler
                0x00000528                LVD_LVW_DCDC_IRQHandler
                0x00000528                DMA3_DriverIRQHandler
                0x00000528                RTC_Seconds_IRQHandler
                0x00000528                MCG_IRQHandler
                0x00000528                TRNG0_IRQHandler
                0x00000528                Reserved20_IRQHandler
                0x00000528                LTC0_IRQHandler
                0x00000528                PIT_IRQHandler
                0x00000528                DMA1_DriverIRQHandler
                0x00000528                FTFA_IRQHandler
                0x00000528                PORTA_IRQHandler
                0x00000528                TPM1_IRQHandler
                0x00000528                DAC0_IRQHandler
                0x00000540                DMA0_IRQHandler
                0x00000544                DMA1_IRQHandler
                0x00000548                DMA2_IRQHandler
                0x0000054c                DMA3_IRQHandler
                0x00000550                I2C0_IRQHandler
                0x00000554                I2C1_IRQHandler
                0x00000558                SPI0_IRQHandler
                0x0000055c                LPUART0_IRQHandler
                0x00000560                SPI1_IRQHandler
 .text          0x000005a0       0x14 c:/nxp/mcuxpressoide_11.0.1_2563/ide/plugins/com.nxp.mcuxpresso.tools.win32_11.0.1.201907311258/tools/bin/../lib/gcc/arm-none-eabi/8.2.1/thumb/v6-m/nofp\libgcc.a(_thumb1_case_sqi.o)
                0x000005a0                __gnu_thumb1_case_sqi
 .text          0x000005b4       0x14 c:/nxp/mcuxpressoide_11.0.1_2563/ide/plugins/com.nxp.mcuxpresso.tools.win32_11.0.1.201907311258/tools/bin/../lib/gcc/arm-none-eabi/8.2.1/thumb/v6-m/nofp\libgcc.a(_thumb1_case_uqi.o)
                0x000005b4                __gnu_thumb1_case_uqi
 .text          0x000005c8       0x14 c:/nxp/mcuxpressoide_11.0.1_2563/ide/plugins/com.nxp.mcuxpresso.tools.win32_11.0.1.201907311258/tools/bin/../lib/gcc/arm-none-eabi/8.2.1/thumb/v6-m/nofp\libgcc.a(_thumb1_case_uhi.o)
                0x000005c8                __gnu_thumb1_case_uhi
 .text          0x000005dc      0x114 c:/nxp/mcuxpressoide_11.0.1_2563/ide/plugins/com.nxp.mcuxpresso.tools.win32_11.0.1.201907311258/tools/bin/../lib/gcc/arm-none-eabi/8.2.1/thumb/v6-m/nofp\libgcc.a(_udivsi3.o)
                0x000005dc                __aeabi_uidiv
                0x000005dc                __udivsi3
                0x000006e8                __aeabi_uidivmod
 .text          0x000006f0      0x1d4 c:/nxp/mcuxpressoide_11.0.1_2563/ide/plugins/com.nxp.mcuxpresso.tools.win32_11.0.1.201907311258/tools/bin/../lib/gcc/arm-none-eabi/8.2.1/thumb/v6-m/nofp\libgcc.a(_divsi3.o)
                0x000006f0                __divsi3
                0x000006f0                __aeabi_idiv
                0x000008bc                __aeabi_idivmod
 .text          0x000008c4        0x4 c:/nxp/mcuxpressoide_11.0.1_2563/ide/plugins/com.nxp.mcuxpresso.tools.win32_11.0.1.201907311258/tools/bin/../lib/gcc/arm-none-eabi/8.2.1/thumb/v6-m/nofp\libgcc.a(_dvmd_tls.o)
                0x000008c4                __aeabi_idiv0
                0x000008c4                __aeabi_ldiv0
 .text          0x000008c8       0x74 c:/nxp/mcuxpressoide_11.0.1_2563/ide/plugins/com.nxp.mcuxpresso.tools.win32_11.0.1.201907311258/tools/bin/../lib/gcc/arm-none-eabi/8.2.1/thumb/v6-m/nofp\libgcc.a(_arm_cmpsf2.o)
                0x000008c8                __aeabi_cfrcmple
                0x000008d0                __aeabi_cfcmpeq
                0x000008d0                __aeabi_cfcmple
                0x000008e0                __aeabi_fcmpeq
                0x000008ec                __aeabi_fcmplt
                0x00000900                __aeabi_fcmple
                0x00000914                __aeabi_fcmpgt
                0x00000928                __aeabi_fcmpge
 .text          0x0000093c       0x40 c:/nxp/mcuxpressoide_11.0.1_2563/ide/plugins/com.nxp.mcuxpresso.tools.win32_11.0.1.201907311258/tools/bin/../lib/gcc/arm-none-eabi/8.2.1/thumb/v6-m/nofp\libgcc.a(_aeabi_uldivmod.o)
                0x0000093c                __aeabi_uldivmod
 .text          0x0000097c       0x54 c:/nxp/mcuxpressoide_11.0.1_2563/ide/plugins/com.nxp.mcuxpresso.tools.win32_11.0.1.201907311258/tools/bin/../lib/gcc/arm-none-eabi/8.2.1/thumb/v6-m/nofp\libgcc.a(_muldi3.o)
                0x0000097c                __muldi3
                0x0000097c                __aeabi_lmul
 .text          0x000009d0       0x30 c:/nxp/mcuxpressoide_11.0.1_2563/ide/plugins/com.nxp.mcuxpresso.tools.win32_11.0.1.201907311258/tools/bin/../lib/gcc/arm-none-eabi/8.2.1/thumb/v6-m/nofp\libgcc.a(_fixunssfsi.o)
                0x000009d0                __fixunssfsi
                0x000009d0                __aeabi_f2uiz
 .text          0x00000a00      0x1a4 c:/nxp/mcuxpressoide_11.0.1_2563/ide/plugins/com.nxp.mcuxpresso.tools.win32_11.0.1.201907311258/tools/bin/../lib/gcc/arm-none-eabi/8.2.1/thumb/v6-m/nofp\libgcc.a(_udivmoddi4.o)
                0x00000a00                __udivmoddi4
 .text          0x00000ba4      0x2f8 c:/nxp/mcuxpressoide_11.0.1_2563/ide/plugins/com.nxp.mcuxpresso.tools.win32_11.0.1.201907311258/tools/bin/../lib/gcc/arm-none-eabi/8.2.1/thumb/v6-m/nofp\libgcc.a(addsf3.o)
                0x00000ba4                __aeabi_fadd
 .text          0x00000e9c      0x230 c:/nxp/mcuxpressoide_11.0.1_2563/ide/plugins/com.nxp.mcuxpresso.tools.win32_11.0.1.201907311258/tools/bin/../lib/gcc/arm-none-eabi/8.2.1/thumb/v6-m/nofp\libgcc.a(divsf3.o)
                0x00000e9c                __aeabi_fdiv
 .text          0x000010cc       0x50 c:/nxp/mcuxpressoide_11.0.1_2563/ide/plugins/com.nxp.mcuxpresso.tools.win32_11.0.1.201907311258/tools/bin/../lib/gcc/arm-none-eabi/8.2.1/thumb/v6-m/nofp\libgcc.a(eqsf2.o)
                0x000010cc                __eqsf2
                0x000010cc                __nesf2
 .text          0x0000111c       0x9c c:/nxp/mcuxpressoide_11.0.1_2563/ide/plugins/com.nxp.mcuxpresso.tools.win32_11.0.1.201907311258/tools/bin/../lib/gcc/arm-none-eabi/8.2.1/thumb/v6-m/nofp\libgcc.a(gesf2.o)
                0x0000111c                __gesf2
                0x0000111c                __gtsf2
 .text          0x000011b8       0x9c c:/nxp/mcuxpressoide_11.0.1_2563/ide/plugins/com.nxp.mcuxpresso.tools.win32_11.0.1.201907311258/tools/bin/../lib/gcc/arm-none-eabi/8.2.1/thumb/v6-m/nofp\libgcc.a(lesf2.o)
                0x000011b8                __ltsf2
                0x000011b8                __lesf2
 .text          0x00001254      0x22c c:/nxp/mcuxpressoide_11.0.1_2563/ide/plugins/com.nxp.mcuxpresso.tools.win32_11.0.1.201907311258/tools/bin/../lib/gcc/arm-none-eabi/8.2.1/thumb/v6-m/nofp\libgcc.a(mulsf3.o)
                0x00001254                __aeabi_fmul
 .text          0x00001480      0x34c c:/nxp/mcuxpressoide_11.0.1_2563/ide/plugins/com.nxp.mcuxpresso.tools.win32_11.0.1.201907311258/tools/bin/../lib/gcc/arm-none-eabi/8.2.1/thumb/v6-m/nofp\libgcc.a(subsf3.o)
                0x00001480                __aeabi_fsub
 .text          0x000017cc       0x40 c:/nxp/mcuxpressoide_11.0.1_2563/ide/plugins/com.nxp.mcuxpresso.tools.win32_11.0.1.201907311258/tools/bin/../lib/gcc/arm-none-eabi/8.2.1/thumb/v6-m/nofp\libgcc.a(fixsfsi.o)
                0x000017cc                __aeabi_f2iz
 .text          0x0000180c       0x94 c:/nxp/mcuxpressoide_11.0.1_2563/ide/plugins/com.nxp.mcuxpresso.tools.win32_11.0.1.201907311258/tools/bin/../lib/gcc/arm-none-eabi/8.2.1/thumb/v6-m/nofp\libgcc.a(floatsisf.o)
                0x0000180c                __aeabi_i2f
 .text          0x000018a0       0x80 c:/nxp/mcuxpressoide_11.0.1_2563/ide/plugins/com.nxp.mcuxpresso.tools.win32_11.0.1.201907311258/tools/bin/../lib/gcc/arm-none-eabi/8.2.1/thumb/v6-m/nofp\libgcc.a(floatunsisf.o)
                0x000018a0                __aeabi_ui2f
 .text          0x00001920       0x3c c:/nxp/mcuxpressoide_11.0.1_2563/ide/plugins/com.nxp.mcuxpresso.tools.win32_11.0.1.201907311258/tools/bin/../lib/gcc/arm-none-eabi/8.2.1/thumb/v6-m/nofp\libgcc.a(_clzsi2.o)
                0x00001920                __clzsi2
 .text          0x0000195c       0x18 c:/nxp/mcuxpressoide_11.0.1_2563/ide/plugins/com.nxp.mcuxpresso.tools.win32_11.0.1.201907311258/tools/bin/../lib/gcc/arm-none-eabi/8.2.1/thumb/v6-m/nofp\libgcc.a(_clzdi2.o)
                0x0000195c                __clzdi2
 .text          0x00001974       0x38 G:\Programming Projects\RealTime\frdmkw41z_wireless_examples_ieee_802_15_4_mwa_coordinator_freertos_again\libs\lib_crypto_m0.a(SW_RNG.o)
                0x00001974                SecLib_set_rng_seed
                0x00001984                SecLib_get_random
 .text          0x000019ac      0x530 G:\Programming Projects\RealTime\frdmkw41z_wireless_examples_ieee_802_15_4_mwa_coordinator_freertos_again\libs\lib802.15.4_mac_06_cm0.a(MacMain.o)
                0x000019ac                BindToMAC
                0x000019d8                UnBindFromMAC
                0x000019f4                MAC_EventSet
                0x00001a1e                Mac_Task
                0x00001b10                Mac_InitializeData
                0x00001bb4                Mac_RegisterSapHandlers
                0x00001bc6                PD_MAC_SapHandler
                0x00001be8                PLME_MAC_SapHandler
                0x00001bf0                NWK_MCPS_SapHandler
                0x00001c4c                NWK_MLME_SapHandler
                0x00001cf4                Mlme_VerifyNwkInput
                0x00001e00                Mac_GetState
                0x00001e68                Dumy_MCPS_NWK_SapHandler
                0x00001e6c                Dumy_MLME_NWK_SapHandler
                0x00001e76                Mac_SetTrxLowPowerMode
                0x00001eaa                Mac_SetTrxActiveMode
 .text          0x00001edc      0xc88 G:\Programming Projects\RealTime\frdmkw41z_wireless_examples_ieee_802_15_4_mwa_coordinator_freertos_again\libs\lib802.15.4_mac_06_cm0.a(MacPib.o)
                0x00001edc                macInitPIBs
                0x000021e8                macVerifySetReq
                0x000022ec                mlmeGetSetReq
                0x00002874                mlmeGetSizeOfPIB
                0x000029c2                Mac_SetPhyPIBs
                0x00002af2                Mac_SetExtendedAddress
                0x00002b20                Mac_GetExtendedAddress
 .text          0x00002b64      0x5a0 G:\Programming Projects\RealTime\frdmkw41z_wireless_examples_ieee_802_15_4_mwa_coordinator_freertos_again\libs\lib802.15.4_mac_06_cm0.a(MacStateMachine.o)
                0x00002b64                Mac_TransactionExpire
                0x00002b70                Mac_PhyMsgHandler
                0x00002c30                Mac_NwkMsgHandler
                0x00002e64                Mac_McpsDataReqHandle
 .text          0x00003104      0x290 G:\Programming Projects\RealTime\frdmkw41z_wireless_examples_ieee_802_15_4_mwa_coordinator_freertos_again\libs\lib802.15.4_mac_06_cm0.a(Poll.o)
                0x00003104                Poll_VerifyParameters
                0x00003142                Poll_InitSeq
                0x000031aa                Poll_SendStatus
                0x000031e4                Poll_DataRx
                0x000032a0                Poll_SendConfirm
                0x00003338                Poll_Timeout
 .text          0x00003394       0xdc G:\Programming Projects\RealTime\frdmkw41z_wireless_examples_ieee_802_15_4_mwa_coordinator_freertos_again\libs\lib802.15.4_mac_06_cm0.a(RxEnable.o)
                0x00003394                RxEnable_InitSeq
                0x000033ee                RxEnable_SetRx
                0x0000342e                RxEnable_Deactivate
 .text          0x00003470      0x670 G:\Programming Projects\RealTime\frdmkw41z_wireless_examples_ieee_802_15_4_mwa_coordinator_freertos_again\libs\lib802.15.4_mac_06_cm0.a(Scan.o)
                0x00003470                Mac_ScanMsgHandler
                0x000034fe                Scan_StartFastEDScan
                0x00003530                Scan_StartEDScan
                0x000035a8                Scan_StartActivePassiveScan
                0x00003602                Scan_StartOrphanScan
                0x00003632                Scan_Advance
                0x00003654                Scan_StartTimer
                0x00003680                Scan_FastEdAcquire
                0x000036d6                Scan_EdAcquire
                0x0000372a                Scan_ActivePassiveAcquire
                0x00003868                Scan_OrphanAcquire
 .text          0x00003ae0      0x1b6 G:\Programming Projects\RealTime\frdmkw41z_wireless_examples_ieee_802_15_4_mwa_coordinator_freertos_again\libs\lib802.15.4_mac_06_cm0.a(Start.o)
                0x00003ae0                Start_VerifyParameters
                0x00003ba0                Start_InitSeq
                0x00003be6                Start_SetPIBs
                0x00003c46                CoordRealignment_SendStatus
                0x00003c6e                Start_SeqTerminate
 *fill*         0x00003c96        0x2 
 .text          0x00003c98      0x3c6 G:\Programming Projects\RealTime\frdmkw41z_wireless_examples_ieee_802_15_4_mwa_coordinator_freertos_again\libs\lib802.15.4_mac_06_cm0.a(Association.o)
                0x00003c98                Association_VerifyParameters
                0x00003ce8                Association_InitSeq
                0x00003d4c                Association_TriggerPoll
                0x00003d86                AssociationPoll_SendStatus
                0x00003e20                AssociationPoll_DataRx
                0x00003f20                AssociationReq_SendStatus
                0x00003fdc                AssociationRes_VerifyParameters
                0x00004010                AssociationRes_SendStatus
 *fill*         0x0000405e        0x2 
 .text          0x00004060      0x710 G:\Programming Projects\RealTime\frdmkw41z_wireless_examples_ieee_802_15_4_mwa_coordinator_freertos_again\libs\lib802.15.4_mac_06_cm0.a(DataRx.o)
                0x00004060                Mac_PreProcessDataIndication
                0x000040ec                Mac_ProcessDataIndication
                0x0000430c                Mac_ProcessBeaconFrame
                0x000044c0                Mac_CreateMcpsDataInd
                0x00004572                Mac_CreateMlmeCommStatusInd
                0x00004614                Mac_CreateMlmeSyncLossInd
                0x0000466e                Mac_IsPanIdConflict
                0x000046cc                Mac_IsMyCoordinator
                0x0000471e                Mac_PostponeActiveSeq
 .text          0x00004770      0x5d8 G:\Programming Projects\RealTime\frdmkw41z_wireless_examples_ieee_802_15_4_mwa_coordinator_freertos_again\libs\lib802.15.4_mac_06_cm0.a(DataTx.o)
                0x00004770                DataTx_VerifyParameters
                0x000047e6                DataTx_InitSeq
                0x000049d4                DataTx_SendData
                0x00004a08                DataTx_SendDataConfirm
                0x00004aa2                DataTx_SendEmptyFrame
                0x00004adc                DataTx_SendStatus
                0x00004c08                DataTx_CheckForExpirePackets
                0x00004c94                Mac_GetRandomBackoff
                0x00004cb4                DataTx_CsmaCaRetry
                0x00004cdc                DataTx_Backoff
                0x00004cee                DataTx_SendDataWithBackoff
                0x00004d3c                Mac_InitCsmaCaVariables
 .text          0x00004d48      0x10c G:\Programming Projects\RealTime\frdmkw41z_wireless_examples_ieee_802_15_4_mwa_coordinator_freertos_again\libs\lib802.15.4_mac_06_cm0.a(Disassociation.o)
                0x00004d48                Disassociation_VerifyParameters
                0x00004dd2                Disassociation_InitSeq
                0x00004e14                Disassociation_SendStatus
 .text          0x00004e54      0xca4 G:\Programming Projects\RealTime\frdmkw41z_wireless_examples_ieee_802_15_4_mwa_coordinator_freertos_again\libs\lib802.15.4_mac_06_cm0.a(MacFrames.o)
                0x00004e54                FrameBuild_AssociationRequest
                0x00004ebc                FrameBuild_AssociationResponse
                0x00004f3c                FrameBuild_DisassociationNotification
                0x00004fac                FrameBuild_DataRequest
                0x00005062                FrameBuild_PanIdConflictNotification
                0x00005094                FrameBuild_OrphanNotification
                0x000050c6                FrameBuild_BeaconRequest
                0x00005104                FrameBuild_CoordinatorRealignment
                0x00005230                FrameBuild_Beacon
                0x000053f0                FrameBuild_Data
                0x00005678                FrameBuild_ZeroLengthPayload
                0x00005740                Mac_GetMacHeader
                0x00005824                Mac_GetMaxMsduLength
                0x00005854                Mac_GetOverheadSize
                0x000058a0                FrameBuild_Command
                0x00005af4                addrModeFieldLengthTable
 .text          0x00005af8       0x4c G:\Programming Projects\RealTime\frdmkw41z_wireless_examples_ieee_802_15_4_mwa_coordinator_freertos_again\libs\lib802.15.4_mac_06_cm0.a(MacMem.o)
                0x00005af8                Mac_MemAllocZero
                0x00005b18                FrameAlloc
 .text          0x00005b44      0xa28 G:\Programming Projects\RealTime\frdmkw41z_wireless_examples_ieee_802_15_4_mwa_coordinator_freertos_again\libs\lib802.15.4_mac_06_cm0.a(MacSec.o)
                0x00005b7c                Sec_DetermineASHLength
                0x00005bac                keyIdModeToAshLengthTable
                0x00005d12                Sec_CheckBeaconSecurityParameters
                0x00005dd0                Sec_SecureTxFrame
                0x00005f88                Sec_CreateAuxSecHeader
                0x00006010                Sec_CheckRxSecLevel
                0x00006018                Sec_UnsecureRxFrame
 .text          0x0000656c       0x78 c:/nxp/mcuxpressoide_11.0.1_2563/ide/plugins/com.nxp.mcuxpresso.tools.win32_11.0.1.201907311258/tools/bin/../lib/gcc/arm-none-eabi/8.2.1/thumb/v6-m/nofp\libgcc.a(unaligned-funcs.o)
                0x0000656c                __aeabi_uread4
                0x00006584                __aeabi_uwrite4
                0x00006598                __aeabi_uread8
                0x000065c4                __aeabi_uwrite8
 .text          0x000065e4       0xce G:\Programming Projects\RealTime\frdmkw41z_wireless_examples_ieee_802_15_4_mwa_coordinator_freertos_again\libs\lib802.15.4_mac_06_cm0.a(Orphan.o)
                0x000065e4                Orphan_VerifyParameters
                0x0000661c                Orphan_InitSeq
                0x0000665e                Orphan_SendStatus
 .text          0x000066b2      0x11c G:\Programming Projects\RealTime\frdmkw41z_wireless_examples_ieee_802_15_4_mwa_coordinator_freertos_again\libs\lib802.15.4_mac_06_cm0.a(Reset.o)
                0x000066b2                mlmeResetReq
 .text          0x000067ce       0xfa G:\Programming Projects\RealTime\frdmkw41z_wireless_examples_ieee_802_15_4_mwa_coordinator_freertos_again\libs\lib802.15.4_mac_06_cm0.a(MacSequenceMngr.o)
                0x000067ce                getFirstSequenceByChecksum
                0x000067e8                getLastSequenceByChecksum
                0x00006808                getSequenceByDestination
                0x00006832                getSequenceByMsduHandle
                0x00006852                createNewSeq
                0x00006868                getChecksum
                0x00006894                getFreeIndex
 .text          0x000068c8       0x68 G:\Programming Projects\RealTime\frdmkw41z_wireless_examples_ieee_802_15_4_mwa_coordinator_freertos_again\libs\lib802.15.4_mac_06_cm0.a(SecurityLib.o)
                0x000068c8                AES_128_CCM_Star
 *(SORT_BY_ALIGNMENT(.text*))
 .text.vPortStartFirstTask
                0x00006930       0x34 ./freertos/port.o
 *fill*         0x00006964        0xc 
 .text.PendSV_Handler
                0x00006970       0x44 ./freertos/port.o
                0x00006970                PendSV_Handler
 .text.MLME_NWK_SapHandler
                0x000069b4       0x20 ./source/mwa_coordinator.o
                0x000069b4                MLME_NWK_SapHandler
 .text.MCPS_NWK_SapHandler
                0x000069d4       0x20 ./source/mwa_coordinator.o
                0x000069d4                MCPS_NWK_SapHandler
 .text.App_HandleKeys
                0x000069f4       0x28 ./source/mwa_coordinator.o
 .text.UartRxCallBack
                0x00006a1c       0x60 ./source/mwa_coordinator.o
 .text.App_init
                0x00006a7c       0x98 ./source/mwa_coordinator.o
                0x00006a7c                App_init
 .text.AppThread
                0x00006b14      0x640 ./source/mwa_coordinator.o
                0x00006b14                AppThread
 .text.main_task
                0x00007154       0x64 ./source/mwa_coordinator.o
                0x00007154                main_task
 .text.HardFault_Handler
                0x000071b8       0x2c ./source/semihost_hardfault.o
                0x000071b8                HardFault_Handler
 .text.PhyIsrSeqCleanup
                0x000071e4       0x3c ./ieee_802.15.4/phy/source/MKW41Z/PhyISR.o
 .text.Phy_GetRxParams
                0x00007220       0x58 ./ieee_802.15.4/phy/source/MKW41Z/PhyISR.o
 .text.PHY_InterruptHandler
                0x00007278      0x238 ./ieee_802.15.4/phy/source/MKW41Z/PhyISR.o
                0x00007278                PHY_InterruptHandler
 .text.ProtectFromXcvrInterrupt
                0x000074b0       0x2c ./ieee_802.15.4/phy/source/MKW41Z/PhyISR.o
                0x000074b0                ProtectFromXcvrInterrupt
 .text.UnprotectFromXcvrInterrupt
                0x000074dc       0x30 ./ieee_802.15.4/phy/source/MKW41Z/PhyISR.o
                0x000074dc                UnprotectFromXcvrInterrupt
 .text.PhyIsrPassRxParams
                0x0000750c        0xc ./ieee_802.15.4/phy/source/MKW41Z/PhyISR.o
                0x0000750c                PhyIsrPassRxParams
 .text.Phy_GetEnergyLevel
                0x00007518       0x28 ./ieee_802.15.4/phy/source/MKW41Z/PhyISR.o
                0x00007518                Phy_GetEnergyLevel
 .text.PHY_InstallIsr
                0x00007540       0x3c ./ieee_802.15.4/phy/source/MKW41Z/PhyISR.o
                0x00007540                PHY_InstallIsr
 .text.PHY_ForceIrqPending
                0x0000757c       0x10 ./ieee_802.15.4/phy/source/MKW41Z/PhyISR.o
                0x0000757c                PHY_ForceIrqPending
 .text.PhyHwInit
                0x0000758c       0xcc ./ieee_802.15.4/phy/source/MKW41Z/PhyPacketProcessor.o
                0x0000758c                PhyHwInit
 .text.PhyAbort
                0x00007658       0x90 ./ieee_802.15.4/phy/source/MKW41Z/PhyPacketProcessor.o
                0x00007658                PhyAbort
 .text.PhyPpGetState
                0x000076e8       0x10 ./ieee_802.15.4/phy/source/MKW41Z/PhyPacketProcessor.o
                0x000076e8                PhyPpGetState
 .text.PhyPpSetPanId
                0x000076f8       0x40 ./ieee_802.15.4/phy/source/MKW41Z/PhyPacketProcessor.o
                0x000076f8                PhyPpSetPanId
 .text.PhyPpSetShortAddr
                0x00007738       0x40 ./ieee_802.15.4/phy/source/MKW41Z/PhyPacketProcessor.o
                0x00007738                PhyPpSetShortAddr
 .text.PhyPpSetLongAddr
                0x00007778       0x38 ./ieee_802.15.4/phy/source/MKW41Z/PhyPacketProcessor.o
                0x00007778                PhyPpSetLongAddr
 .text.PhyPpSetMacRole
                0x000077b0       0x3c ./ieee_802.15.4/phy/source/MKW41Z/PhyPacketProcessor.o
                0x000077b0                PhyPpSetMacRole
 .text.PhyPpSetPromiscuous
                0x000077ec       0x38 ./ieee_802.15.4/phy/source/MKW41Z/PhyPacketProcessor.o
                0x000077ec                PhyPpSetPromiscuous
 .text.PhyPp_IndirectQueueInsert
                0x00007824       0x30 ./ieee_802.15.4/phy/source/MKW41Z/PhyPacketProcessor.o
                0x00007824                PhyPp_IndirectQueueInsert
 .text.PhyPp_RemoveFromIndirect
                0x00007854       0x28 ./ieee_802.15.4/phy/source/MKW41Z/PhyPacketProcessor.o
                0x00007854                PhyPp_RemoveFromIndirect
 .text.PhyPpIsTxAckDataPending
                0x0000787c       0x20 ./ieee_802.15.4/phy/source/MKW41Z/PhyPacketProcessor.o
                0x0000787c                PhyPpIsTxAckDataPending
 .text.PhyPlmeSetPwrState
                0x0000789c       0x80 ./ieee_802.15.4/phy/source/MKW41Z/PhyPacketProcessor.o
                0x0000789c                PhyPlmeSetPwrState
 .text.PhyPdDataRequest
                0x0000791c       0xf4 ./ieee_802.15.4/phy/source/MKW41Z/PhyPlmeData.o
                0x0000791c                PhyPdDataRequest
 .text.PhyPlmeRxRequest
                0x00007a10       0xd4 ./ieee_802.15.4/phy/source/MKW41Z/PhyPlmeData.o
                0x00007a10                PhyPlmeRxRequest
 .text.PhyRxRetry
                0x00007ae4       0x48 ./ieee_802.15.4/phy/source/MKW41Z/PhyPlmeData.o
 .text.PhyPlmeCcaEdRequest
                0x00007b2c       0x7c ./ieee_802.15.4/phy/source/MKW41Z/PhyPlmeData.o
                0x00007b2c                PhyPlmeCcaEdRequest
 .text.PhyPlmeGetCurrentChannelRequest
                0x00007ba8       0x14 ./ieee_802.15.4/phy/source/MKW41Z/PhyPlmeData.o
                0x00007ba8                PhyPlmeGetCurrentChannelRequest
 .text.PhyPlmeSetPwrLevelRequest
                0x00007bbc       0x38 ./ieee_802.15.4/phy/source/MKW41Z/PhyPlmeData.o
                0x00007bbc                PhyPlmeSetPwrLevelRequest
 .text.PhyPlmeGetPwrLevelRequest
                0x00007bf4       0x14 ./ieee_802.15.4/phy/source/MKW41Z/PhyPlmeData.o
                0x00007bf4                PhyPlmeGetPwrLevelRequest
 .text.PhyPlmeSetCurrentChannelRequest
                0x00007c08       0x40 ./ieee_802.15.4/phy/source/MKW41Z/PhyPlmeData.o
                0x00007c08                PhyPlmeSetCurrentChannelRequest
 .text.PhyPlmeSetPIBRequest
                0x00007c48       0xd4 ./ieee_802.15.4/phy/source/MKW41Z/PhyPlmeData.o
                0x00007c48                PhyPlmeSetPIBRequest
 .text.PhyPlmeGetPIBRequest
                0x00007d1c       0xe8 ./ieee_802.15.4/phy/source/MKW41Z/PhyPlmeData.o
                0x00007d1c                PhyPlmeGetPIBRequest
 .text.PLME_SendMessage.constprop.7
                0x00007e04       0x84 ./ieee_802.15.4/phy/source/MKW41Z/PhyStateMachine.o
 .text.PD_SendMessage.constprop.3
                0x00007e88      0x128 ./ieee_802.15.4/phy/source/MKW41Z/PhyStateMachine.o
 .text.Phy_Init
                0x00007fb0       0x34 ./ieee_802.15.4/phy/source/MKW41Z/PhyStateMachine.o
                0x00007fb0                Phy_Init
 .text.Phy_RegisterSapHandlers
                0x00007fe4        0xc ./ieee_802.15.4/phy/source/MKW41Z/PhyStateMachine.o
                0x00007fe4                Phy_RegisterSapHandlers
 .text.MAC_PD_SapHandler
                0x00007ff0       0x48 ./ieee_802.15.4/phy/source/MKW41Z/PhyStateMachine.o
                0x00007ff0                MAC_PD_SapHandler
 .text.Phy_EnterIdle.constprop.6
                0x00008038       0x58 ./ieee_802.15.4/phy/source/MKW41Z/PhyStateMachine.o
 .text.PhyPlmeSetFrameWaitTime
                0x00008090        0xc ./ieee_802.15.4/phy/source/MKW41Z/PhyStateMachine.o
                0x00008090                PhyPlmeSetFrameWaitTime
 .text.PhyPlmeSetRxOnWhenIdle
                0x0000809c       0x44 ./ieee_802.15.4/phy/source/MKW41Z/PhyStateMachine.o
                0x0000809c                PhyPlmeSetRxOnWhenIdle
 .text.PhyIsIdleRx
                0x000080e0       0x24 ./ieee_802.15.4/phy/source/MKW41Z/PhyStateMachine.o
                0x000080e0                PhyIsIdleRx
 .text.MAC_PLME_SapHandler
                0x00008104       0xec ./ieee_802.15.4/phy/source/MKW41Z/PhyStateMachine.o
                0x00008104                MAC_PLME_SapHandler
 .text.Radio_Phy_PdDataConfirm
                0x000081f0       0x54 ./ieee_802.15.4/phy/source/MKW41Z/PhyStateMachine.o
                0x000081f0                Radio_Phy_PdDataConfirm
 .text.Radio_Phy_PlmeCcaConfirm
                0x00008244       0x1c ./ieee_802.15.4/phy/source/MKW41Z/PhyStateMachine.o
                0x00008244                Radio_Phy_PlmeCcaConfirm
 .text.Radio_Phy_PlmeEdConfirm
                0x00008260       0x1c ./ieee_802.15.4/phy/source/MKW41Z/PhyStateMachine.o
                0x00008260                Radio_Phy_PlmeEdConfirm
 .text.Radio_Phy_TimeRxTimeoutIndication
                0x0000827c       0x18 ./ieee_802.15.4/phy/source/MKW41Z/PhyStateMachine.o
                0x0000827c                Radio_Phy_TimeRxTimeoutIndication
 .text.Radio_Phy_PlmeRxWatermark
                0x00008294       0x68 ./ieee_802.15.4/phy/source/MKW41Z/PhyStateMachine.o
                0x00008294                Radio_Phy_PlmeRxWatermark
 .text.Radio_Phy_PlmeFilterFailRx
                0x000082fc       0x30 ./ieee_802.15.4/phy/source/MKW41Z/PhyStateMachine.o
                0x000082fc                Radio_Phy_PlmeFilterFailRx
 .text.Radio_Phy_Notify
                0x0000832c      0x1c0 ./ieee_802.15.4/phy/source/MKW41Z/PhyStateMachine.o
                0x0000832c                Radio_Phy_Notify
 .text.PhyTime_OverflowCB
                0x000084ec       0x40 ./ieee_802.15.4/phy/source/MKW41Z/PhyTime.o
 .text.PhyTimeSetEventTrigger
                0x0000852c       0x40 ./ieee_802.15.4/phy/source/MKW41Z/PhyTime.o
                0x0000852c                PhyTimeSetEventTrigger
 .text.PhyTimeDisableEventTrigger
                0x0000856c       0x38 ./ieee_802.15.4/phy/source/MKW41Z/PhyTime.o
                0x0000856c                PhyTimeDisableEventTrigger
 .text.PhyTimeSetEventTimeout
                0x000085a4       0x4c ./ieee_802.15.4/phy/source/MKW41Z/PhyTime.o
                0x000085a4                PhyTimeSetEventTimeout
 .text.PhyTimeGetEventTimeout
                0x000085f0        0xc ./ieee_802.15.4/phy/source/MKW41Z/PhyTime.o
                0x000085f0                PhyTimeGetEventTimeout
 .text.PhyTimeDisableEventTimeout
                0x000085fc       0x3c ./ieee_802.15.4/phy/source/MKW41Z/PhyTime.o
                0x000085fc                PhyTimeDisableEventTimeout
 .text.PhyTimeReadClock
                0x00008638       0x14 ./ieee_802.15.4/phy/source/MKW41Z/PhyTime.o
                0x00008638                PhyTimeReadClock
 .text.PhyTimeSetWaitTimeout
                0x0000864c       0x40 ./ieee_802.15.4/phy/source/MKW41Z/PhyTime.o
                0x0000864c                PhyTimeSetWaitTimeout
 .text.PhyTimeDisableWaitTimeout
                0x0000868c       0x30 ./ieee_802.15.4/phy/source/MKW41Z/PhyTime.o
                0x0000868c                PhyTimeDisableWaitTimeout
 .text.PhyTime_TimerInit
                0x000086bc       0x60 ./ieee_802.15.4/phy/source/MKW41Z/PhyTime.o
                0x000086bc                PhyTime_TimerInit
 .text.PhyTime_GetTimestamp
                0x0000871c       0x68 ./ieee_802.15.4/phy/source/MKW41Z/PhyTime.o
                0x0000871c                PhyTime_GetTimestamp
 .text.PhyTime_CancelEvent
                0x00008784       0x54 ./ieee_802.15.4/phy/source/MKW41Z/PhyTime.o
                0x00008784                PhyTime_CancelEvent
 .text.PhyTime_CancelEventsWithParam
                0x000087d8       0x84 ./ieee_802.15.4/phy/source/MKW41Z/PhyTime.o
                0x000087d8                PhyTime_CancelEventsWithParam
 .text.PhyTime_RunCallback
                0x0000885c       0x44 ./ieee_802.15.4/phy/source/MKW41Z/PhyTime.o
                0x0000885c                PhyTime_RunCallback
 .text.PhyTime_Maintenance
                0x000088a0       0xa8 ./ieee_802.15.4/phy/source/MKW41Z/PhyTime.o
                0x000088a0                PhyTime_Maintenance
 .text.PhyTime_ISR
                0x00008948       0x48 ./ieee_802.15.4/phy/source/MKW41Z/PhyTime.o
                0x00008948                PhyTime_ISR
 .text.PhyTime_ScheduleEvent
                0x00008990       0x88 ./ieee_802.15.4/phy/source/MKW41Z/PhyTime.o
                0x00008990                PhyTime_ScheduleEvent
 .text.MAC_Init
                0x00008a18       0x50 ./ieee_802.15.4/mac/source/App/MacGlobals.o
                0x00008a18                MAC_Init
 .text.xEventGroupSetBitsFromISR
                0x00008a68       0x14 ./freertos/event_groups.o
                0x00008a68                xEventGroupSetBitsFromISR
 .text.prvSetupTimerInterrupt
                0x00008a7c       0x34 ./freertos/fsl_tickless_lptmr.o
                0x00008a7c                prvSetupTimerInterrupt
 .text.prvInsertBlockIntoFreeList
                0x00008ab0       0x48 ./freertos/heap_4.o
 .text.pvPortMalloc
                0x00008af8       0xfc ./freertos/heap_4.o
                0x00008af8                pvPortMalloc
 .text.vPortFree
                0x00008bf4       0x48 ./freertos/heap_4.o
                0x00008bf4                vPortFree
 .text.prvTaskExitError
                0x00008c3c       0x14 ./freertos/port.o
 .text.pxPortInitialiseStack
                0x00008c50       0x20 ./freertos/port.o
                0x00008c50                pxPortInitialiseStack
 .text.xPortStartScheduler
                0x00008c70       0x34 ./freertos/port.o
                0x00008c70                xPortStartScheduler
 .text.vPortYield
                0x00008ca4       0x18 ./freertos/port.o
                0x00008ca4                vPortYield
 .text.vPortEnterCritical
                0x00008cbc       0x18 ./freertos/port.o
                0x00008cbc                vPortEnterCritical
 .text.vPortExitCritical
                0x00008cd4       0x1c ./freertos/port.o
                0x00008cd4                vPortExitCritical
 .text.SysTick_Handler
                0x00008cf0       0x24 ./freertos/port.o
                0x00008cf0                SysTick_Handler
 .text.vQueueAddToRegistry
                0x00008d14       0x24 ./freertos/queue.o
                0x00008d14                vQueueAddToRegistry
 .text.prvResetNextTaskUnblockTime
                0x00008d38       0x28 ./freertos/tasks.o
 .text.prvAddCurrentTaskToDelayedList
                0x00008d60       0x70 ./freertos/tasks.o
 .text.xTaskCreate
                0x00008dd0      0x1a4 ./freertos/tasks.o
                0x00008dd0                xTaskCreate
 .text.vTaskStartScheduler
                0x00008f74       0x5c ./freertos/tasks.o
                0x00008f74                vTaskStartScheduler
 .text.vTaskSuspendAll
                0x00008fd0       0x10 ./freertos/tasks.o
                0x00008fd0                vTaskSuspendAll
 .text.xTaskGetTickCount
                0x00008fe0        0xc ./freertos/tasks.o
                0x00008fe0                xTaskGetTickCount
 .text.xTaskIncrementTick
                0x00008fec       0xe8 ./freertos/tasks.o
                0x00008fec                xTaskIncrementTick
 .text.xTaskResumeAll
                0x000090d4       0xd0 ./freertos/tasks.o
                0x000090d4                xTaskResumeAll
 .text.prvIdleTask
                0x000091a4       0x68 ./freertos/tasks.o
 .text.vTaskSwitchContext
                0x0000920c       0x6c ./freertos/tasks.o
                0x0000920c                vTaskSwitchContext
 .text.vTaskPlaceOnEventList
                0x00009278       0x24 ./freertos/tasks.o
                0x00009278                vTaskPlaceOnEventList
 .text.vTaskPlaceOnUnorderedEventList
                0x0000929c       0x40 ./freertos/tasks.o
                0x0000929c                vTaskPlaceOnUnorderedEventList
 .text.vTaskPlaceOnEventListRestricted
                0x000092dc       0x30 ./freertos/tasks.o
                0x000092dc                vTaskPlaceOnEventListRestricted
 .text.xTaskRemoveFromEventList
                0x0000930c       0x78 ./freertos/tasks.o
                0x0000930c                xTaskRemoveFromEventList
 .text.xTaskRemoveFromUnorderedEventList
                0x00009384       0x70 ./freertos/tasks.o
                0x00009384                xTaskRemoveFromUnorderedEventList
 .text.vTaskSetTimeOutState
                0x000093f4       0x20 ./freertos/tasks.o
                0x000093f4                vTaskSetTimeOutState
 .text.xTaskCheckForTimeOut
                0x00009414       0x60 ./freertos/tasks.o
                0x00009414                xTaskCheckForTimeOut
 .text.vTaskMissedYield
                0x00009474        0xc ./freertos/tasks.o
                0x00009474                vTaskMissedYield
 .text.xTaskGetCurrentTaskHandle
                0x00009480        0xc ./freertos/tasks.o
                0x00009480                xTaskGetCurrentTaskHandle
 .text.xTaskGetSchedulerState
                0x0000948c       0x20 ./freertos/tasks.o
                0x0000948c                xTaskGetSchedulerState
 .text.vTaskPriorityInherit
                0x000094ac       0x6c ./freertos/tasks.o
                0x000094ac                vTaskPriorityInherit
 .text.xTaskPriorityDisinherit
                0x00009518       0x6c ./freertos/tasks.o
                0x00009518                xTaskPriorityDisinherit
 .text.uxTaskResetEventItemValue
                0x00009584       0x18 ./freertos/tasks.o
                0x00009584                uxTaskResetEventItemValue
 .text.pvTaskIncrementMutexHeldCount
                0x0000959c       0x18 ./freertos/tasks.o
                0x0000959c                pvTaskIncrementMutexHeldCount
 .text.prvCheckForValidListAndQueue
                0x000095b4       0x5c ./freertos/timers.o
 .text.prvInsertTimerInActiveList
                0x00009610       0x3c ./freertos/timers.o
 .text.xTimerCreateTimerTask
                0x0000964c       0x3c ./freertos/timers.o
                0x0000964c                xTimerCreateTimerTask
 .text.xTimerGenericCommand
                0x00009688       0x4c ./freertos/timers.o
                0x00009688                xTimerGenericCommand
 .text.prvSwitchTimerLists
                0x000096d4       0x64 ./freertos/timers.o
 .text.prvTimerTask
                0x00009738      0x18c ./freertos/timers.o
 .text.xTimerPendFunctionCallFromISR
                0x000098c4       0x28 ./freertos/timers.o
                0x000098c4                xTimerPendFunctionCallFromISR
 .text.XCVR_GetDefaultConfig
                0x000098ec       0xcc ./framework/XCVR/MKW41Z4/fsl_xcvr.o
                0x000098ec                XCVR_GetDefaultConfig
 .text.XcvrPanic
                0x000099b8       0x18 ./framework/XCVR/MKW41Z4/fsl_xcvr.o
                0x000099b8                XcvrPanic
 .text.XCVR_SetXtalTrim
                0x000099d0       0x24 ./framework/XCVR/MKW41Z4/fsl_xcvr.o
                0x000099d0                XCVR_SetXtalTrim
 .text.XCVR_OverrideChannel
                0x000099f4       0xbc ./framework/XCVR/MKW41Z4/fsl_xcvr.o
                0x000099f4                XCVR_OverrideChannel
 .text.XCVR_ForceRxWu
                0x00009ab0       0x10 ./framework/XCVR/MKW41Z4/fsl_xcvr.o
                0x00009ab0                XCVR_ForceRxWu
 .text.XCVR_ForceRxWd
                0x00009ac0       0x10 ./framework/XCVR/MKW41Z4/fsl_xcvr.o
                0x00009ac0                XCVR_ForceRxWd
 .text.XCVR_Configure
                0x00009ad0      0x60c ./framework/XCVR/MKW41Z4/fsl_xcvr.o
                0x00009ad0                XCVR_Configure
 .text.XCVR_Init
                0x0000a0dc       0xac ./framework/XCVR/MKW41Z4/fsl_xcvr.o
                0x0000a0dc                XCVR_Init
 .text.rx_dc_est_average
                0x0000a188       0xbc ./framework/XCVR/MKW41Z4/fsl_xcvr_trim.o
                0x0000a188                rx_dc_est_average
 .text.rx_bba_dcoc_dac_trim_DCest
                0x0000a244      0x414 ./framework/XCVR/MKW41Z4/fsl_xcvr_trim.o
                0x0000a244                rx_bba_dcoc_dac_trim_DCest
 .text.DCOC_DAC_INIT_Cal
                0x0000a658      0x2cc ./framework/XCVR/MKW41Z4/fsl_xcvr_trim.o
                0x0000a658                DCOC_DAC_INIT_Cal
 .text.read_resource_ifr
                0x0000a924       0x60 ./framework/XCVR/MKW41Z4/ifr_radio.o
                0x0000a924                read_resource_ifr
 .text.read_another_ifr_word
                0x0000a984       0x18 ./framework/XCVR/MKW41Z4/ifr_radio.o
                0x0000a984                read_another_ifr_word
 .text.handle_ifr
                0x0000a99c       0x98 ./framework/XCVR/MKW41Z4/ifr_radio.o
                0x0000a99c                handle_ifr
 .text.StackTimer_Init
                0x0000aa34       0x74 ./framework/TimersManager/Source/TMR_Adapter.o
                0x0000aa34                StackTimer_Init
 .text.StackTimer_Enable
                0x0000aaa8       0x18 ./framework/TimersManager/Source/TMR_Adapter.o
                0x0000aaa8                StackTimer_Enable
 .text.StackTimer_Disable
                0x0000aac0       0x18 ./framework/TimersManager/Source/TMR_Adapter.o
                0x0000aac0                StackTimer_Disable
 .text.StackTimer_GetCounterValue
                0x0000aad8        0xc ./framework/TimersManager/Source/TMR_Adapter.o
                0x0000aad8                StackTimer_GetCounterValue
 .text.StackTimer_SetOffsetTicks
                0x0000aae4       0x14 ./framework/TimersManager/Source/TMR_Adapter.o
                0x0000aae4                StackTimer_SetOffsetTicks
 .text.StackTimer_ClearIntFlag
                0x0000aaf8        0xc ./framework/TimersManager/Source/TMR_Adapter.o
                0x0000aaf8                StackTimer_ClearIntFlag
 .text.StackTimer_ISR
                0x0000ab04       0x18 ./framework/TimersManager/Source/TimersManager.o
 .text.TMR_NotifyClkChanged
                0x0000ab1c       0x40 ./framework/TimersManager/Source/TimersManager.o
                0x0000ab1c                TMR_NotifyClkChanged
 .text.TMR_Init
                0x0000ab5c       0x58 ./framework/TimersManager/Source/TimersManager.o
                0x0000ab5c                TMR_Init
 .text.TMR_AllocateTimer
                0x0000abb4       0x20 ./framework/TimersManager/Source/TimersManager.o
                0x0000abb4                TMR_AllocateTimer
 .text.TMR_IsTimerActive
                0x0000abd4       0x18 ./framework/TimersManager/Source/TimersManager.o
                0x0000abd4                TMR_IsTimerActive
 .text.TMR_StopTimer
                0x0000abec       0x7c ./framework/TimersManager/Source/TimersManager.o
                0x0000abec                TMR_StopTimer
 .text.TMR_Task
                0x0000ac68      0x19c ./framework/TimersManager/Source/TimersManager.o
                0x0000ac68                TMR_Task
 .text.TMR_EnableTimer
                0x0000ae04       0x50 ./framework/TimersManager/Source/TimersManager.o
                0x0000ae04                TMR_EnableTimer
 .text.TMR_StartTimer
                0x0000ae54       0x94 ./framework/TimersManager/Source/TimersManager.o
                0x0000ae54                TMR_StartTimer
 .text.LPUART_ISR
                0x0000aee8       0xb8 ./framework/SerialManager/Source/UART_Adapter/UART_Adapter.o
 .text.LPUART_Initialize
                0x0000afa0       0x88 ./framework/SerialManager/Source/UART_Adapter/UART_Adapter.o
                0x0000afa0                LPUART_Initialize
 .text.LPUART_SetBaudrate
                0x0000b028       0x24 ./framework/SerialManager/Source/UART_Adapter/UART_Adapter.o
                0x0000b028                LPUART_SetBaudrate
 .text.LPUART_SendData
                0x0000b04c       0x74 ./framework/SerialManager/Source/UART_Adapter/UART_Adapter.o
                0x0000b04c                LPUART_SendData
 .text.LPUART_InstallRxCalback
                0x0000b0c0       0x18 ./framework/SerialManager/Source/UART_Adapter/UART_Adapter.o
                0x0000b0c0                LPUART_InstallRxCalback
 .text.LPUART_InstallTxCalback
                0x0000b0d8       0x18 ./framework/SerialManager/Source/UART_Adapter/UART_Adapter.o
                0x0000b0d8                LPUART_InstallTxCalback
 .text.LPUART_IsTxActive
                0x0000b0f0       0x2c ./framework/SerialManager/Source/UART_Adapter/UART_Adapter.o
                0x0000b0f0                LPUART_IsTxActive
 .text.Serial_WriteInternal
                0x0000b11c       0x8c ./framework/SerialManager/Source/SerialManager.o
 .text.Serial_TxQueueMaintenance.part.0
                0x0000b1a8       0xa4 ./framework/SerialManager/Source/SerialManager.o
 .text.Serial_RxBufferByteCount.part.1
                0x0000b24c       0x34 ./framework/SerialManager/Source/SerialManager.o
 .text.SerialManagerTask
                0x0000b280       0x9c ./framework/SerialManager/Source/SerialManager.o
                0x0000b280                SerialManagerTask
 .text.SerialManager_Init
                0x0000b31c       0x5c ./framework/SerialManager/Source/SerialManager.o
                0x0000b31c                SerialManager_Init
 .text.Serial_InitInterface
                0x0000b378       0xac ./framework/SerialManager/Source/SerialManager.o
                0x0000b378                Serial_InitInterface
 .text.Serial_AsyncWrite
                0x0000b424       0xf4 ./framework/SerialManager/Source/SerialManager.o
                0x0000b424                Serial_AsyncWrite
 .text.Serial_SyncWrite
                0x0000b518       0x8c ./framework/SerialManager/Source/SerialManager.o
                0x0000b518                Serial_SyncWrite
 .text.Serial_Read
                0x0000b5a4       0x78 ./framework/SerialManager/Source/SerialManager.o
                0x0000b5a4                Serial_Read
 .text.Serial_SetRxCallBack
                0x0000b61c       0x18 ./framework/SerialManager/Source/SerialManager.o
                0x0000b61c                Serial_SetRxCallBack
 .text.Serial_SetBaudRate
                0x0000b634       0x30 ./framework/SerialManager/Source/SerialManager.o
                0x0000b634                Serial_SetBaudRate
 .text.SerialManager_RxNotify
                0x0000b664       0x78 ./framework/SerialManager/Source/SerialManager.o
                0x0000b664                SerialManager_RxNotify
 .text.Serial_UartRxCb
                0x0000b6dc       0x28 ./framework/SerialManager/Source/SerialManager.o
 .text.SerialManager_TxNotify
                0x0000b704       0x94 ./framework/SerialManager/Source/SerialManager.o
                0x0000b704                SerialManager_TxNotify
 .text.SecLib_Init
                0x0000b798       0x2c ./framework/SecLib/SecLib.o
                0x0000b798                SecLib_Init
 .text.AES_128_CCM
                0x0000b7c4       0x94 ./framework/SecLib/SecLib.o
                0x0000b7c4                AES_128_CCM
 .text.TRNG_ISR
                0x0000b858       0x2c ./framework/RNG/Source/RNG.o
 .text.RNG_Init
                0x0000b884       0xa0 ./framework/RNG/Source/RNG.o
                0x0000b884                RNG_Init
 .text.osObjectIsAllocated.constprop.3
                0x0000b924       0x24 ./framework/OSAbstraction/Source/fsl_os_abstraction_free_rtos.o
 .text.OSA_EventSet
                0x0000b948       0x64 ./framework/OSAbstraction/Source/fsl_os_abstraction_free_rtos.o
                0x0000b948                OSA_EventSet
 .text.OSA_SemaphorePost
                0x0000b9ac       0x4c ./framework/OSAbstraction/Source/fsl_os_abstraction_free_rtos.o
                0x0000b9ac                OSA_SemaphorePost
 .text.OSA_InterruptEnable
                0x0000b9f8       0x30 ./framework/OSAbstraction/Source/fsl_os_abstraction_free_rtos.o
                0x0000b9f8                OSA_InterruptEnable
 .text.OSA_InterruptDisable
                0x0000ba28       0x34 ./framework/OSAbstraction/Source/fsl_os_abstraction_free_rtos.o
                0x0000ba28                OSA_InterruptDisable
 .text.OSA_EventCreate
                0x0000ba5c       0x60 ./framework/OSAbstraction/Source/fsl_os_abstraction_free_rtos.o
                0x0000ba5c                OSA_EventCreate
 .text.startup.main
                0x0000babc       0x1c ./framework/OSAbstraction/Source/fsl_os_abstraction_free_rtos.o
                0x0000babc                main
 .text.MEM_Init
                0x0000bad8       0x6c ./framework/MemManager/Source/MemManager.o
                0x0000bad8                MEM_Init
 .text.MEM_BufferAllocWithId
                0x0000bb44       0x64 ./framework/MemManager/Source/MemManager.o
                0x0000bb44                MEM_BufferAllocWithId
 .text.MEM_BufferFree
                0x0000bba8       0x6c ./framework/MemManager/Source/MemManager.o
                0x0000bba8                MEM_BufferFree
 .text.LED_Init
                0x0000bc14       0x20 ./framework/LED/Source/LED.o
                0x0000bc14                LED_Init
 .text.LED_Operate
                0x0000bc34       0x48 ./framework/LED/Source/LED.o
                0x0000bc34                LED_Operate
 .text.LED_FlashTimeout
                0x0000bc7c       0x80 ./framework/LED/Source/LED.o
 .text.LED_StopFlash
                0x0000bcfc       0x24 ./framework/LED/Source/LED.o
                0x0000bcfc                LED_StopFlash
 .text.LED_StartFlashWithPeriod
                0x0000bd20       0x34 ./framework/LED/Source/LED.o
                0x0000bd20                LED_StartFlashWithPeriod
 .text.LED_StartBlip
                0x0000bd54       0x28 ./framework/LED/Source/LED.o
                0x0000bd54                LED_StartBlip
 .text.LED_StartSerialFlashWithPeriod
                0x0000bd7c       0x3c ./framework/LED/Source/LED.o
                0x0000bd7c                LED_StartSerialFlashWithPeriod
 .text.LED_StopSerialFlash
                0x0000bdb8       0x38 ./framework/LED/Source/LED.o
                0x0000bdb8                LED_StopSerialFlash
 .text.LED_SetLed
                0x0000bdf0       0x70 ./framework/LED/Source/LED.o
                0x0000bdf0                LED_SetLed
 .text.KeyScan  0x0000be60      0x138 ./framework/Keyboard/Source/Keyboard.o
 .text.Switch_Press_ISR
                0x0000bf98       0x58 ./framework/Keyboard/Source/Keyboard.o
                0x0000bf98                Switch_Press_ISR
 .text.KBD_Init
                0x0000bff0       0x7c ./framework/Keyboard/Source/Keyboard.o
                0x0000bff0                KBD_Init
 .text.Gpio_CommonIsr
                0x0000c06c       0x50 ./framework/GPIO/GPIO_Adapter.o
 .text.NVIC_SetPriority
                0x0000c0bc       0x50 ./framework/GPIO/GPIO_Adapter.o
 .text.GpioSetPinMux
                0x0000c10c       0x28 ./framework/GPIO/GPIO_Adapter.o
                0x0000c10c                GpioSetPinMux
 .text.GpioClearPinIntFlag
                0x0000c134       0x18 ./framework/GPIO/GPIO_Adapter.o
                0x0000c134                GpioClearPinIntFlag
 .text.GpioIsPinIntPending
                0x0000c14c       0x1c ./framework/GPIO/GPIO_Adapter.o
                0x0000c14c                GpioIsPinIntPending
 .text.GpioSetPinOutput
                0x0000c168       0x18 ./framework/GPIO/GPIO_Adapter.o
                0x0000c168                GpioSetPinOutput
 .text.GpioClearPinOutput
                0x0000c180       0x18 ./framework/GPIO/GPIO_Adapter.o
                0x0000c180                GpioClearPinOutput
 .text.GpioTogglePinOutput
                0x0000c198       0x18 ./framework/GPIO/GPIO_Adapter.o
                0x0000c198                GpioTogglePinOutput
 .text.GpioReadPinInput
                0x0000c1b0       0x18 ./framework/GPIO/GPIO_Adapter.o
                0x0000c1b0                GpioReadPinInput
 .text.GpioInputPinInit
                0x0000c1c8       0x80 ./framework/GPIO/GPIO_Adapter.o
                0x0000c1c8                GpioInputPinInit
 .text.GpioOutputPinInit
                0x0000c248       0x74 ./framework/GPIO/GPIO_Adapter.o
                0x0000c248                GpioOutputPinInit
 .text.GpioInstallIsr
                0x0000c2bc      0x160 ./framework/GPIO/GPIO_Adapter.o
                0x0000c2bc                GpioInstallIsr
 .text.NV_ComputeCrcOverHWParameters
                0x0000c41c       0x3c ./framework/Flash/Internal/Flash_Adapter.o
 .text.NV_ReadHWParameters
                0x0000c458       0x50 ./framework/Flash/Internal/Flash_Adapter.o
                0x0000c458                NV_ReadHWParameters
 .text.DCDC_GetOutputTargetsBuck
                0x0000c4a8       0x90 ./framework/DCDC/Source/DCDC.o
 .text.DCDC_MakeADCConversion
                0x0000c538       0x28 ./framework/DCDC/Source/DCDC.o
 .text.DCDC_Get1P8VOutputTargetAndVBatInmV
                0x0000c560       0x5c ./framework/DCDC/Source/DCDC.o
 .text.DCDC_AdjustVbatDiv.part.0
                0x0000c5bc       0x3c ./framework/DCDC/Source/DCDC.o
 .text.DCDC_VBatMonitorBuck
                0x0000c5f8      0x138 ./framework/DCDC/Source/DCDC.o
 .text.DCDC_mVToMcuVOutputTargetBoost
                0x0000c730       0x44 ./framework/DCDC/Source/DCDC.o
                0x0000c730                DCDC_mVToMcuVOutputTargetBoost
 .text.DCDC_GetOutputTargetsBoost
                0x0000c774       0xf4 ./framework/DCDC/Source/DCDC.o
 .text.DCDC_VBatMonitorBoost
                0x0000c868      0x130 ./framework/DCDC/Source/DCDC.o
 .text.DCDC_Init
                0x0000c998      0x18c ./framework/DCDC/Source/DCDC.o
                0x0000c998                DCDC_Init
 .text.ADC16_Init
                0x0000cb24       0x8c ./drivers/fsl_adc16.o
                0x0000cb24                ADC16_Init
 .text.CLOCK_GetMcgExtClkFreq
                0x0000cbb0       0x20 ./drivers/fsl_clock.o
 .text.CLOCK_GetFllExtRefClkFreq
                0x0000cbd0       0x40 ./drivers/fsl_clock.o
 .text.CLOCK_GetInternalRefClkSelectFreq
                0x0000cc10       0x28 ./drivers/fsl_clock.o
 .text.CLOCK_GetOsc0ErClkFreq
                0x0000cc38        0xc ./drivers/fsl_clock.o
                0x0000cc38                CLOCK_GetOsc0ErClkFreq
 .text.CLOCK_SetSimConfig
                0x0000cc44       0x2c ./drivers/fsl_clock.o
                0x0000cc44                CLOCK_SetSimConfig
 .text.CLOCK_GetFllFreq
                0x0000cc70       0x48 ./drivers/fsl_clock.o
                0x0000cc70                CLOCK_GetFllFreq
 .text.CLOCK_GetInternalRefClkFreq
                0x0000ccb8       0x18 ./drivers/fsl_clock.o
                0x0000ccb8                CLOCK_GetInternalRefClkFreq
 .text.CLOCK_SetExternalRefClkConfig
                0x0000ccd0       0x34 ./drivers/fsl_clock.o
                0x0000ccd0                CLOCK_SetExternalRefClkConfig
 .text.CLOCK_SetInternalRefClkConfig
                0x0000cd04       0x74 ./drivers/fsl_clock.o
                0x0000cd04                CLOCK_SetInternalRefClkConfig
 .text.CLOCK_InitOsc0
                0x0000cd78       0x44 ./drivers/fsl_clock.o
                0x0000cd78                CLOCK_InitOsc0
 .text.CLOCK_SetFeeMode
                0x0000cdbc       0x88 ./drivers/fsl_clock.o
                0x0000cdbc                CLOCK_SetFeeMode
 .text.InstallIRQHandler
                0x0000ce44       0x50 ./drivers/fsl_common.o
                0x0000ce44                InstallIRQHandler
 .text.DSPI_CommonIRQHandler
                0x0000ce94       0x1c ./drivers/fsl_dspi.o
 .text.SPI0_DriverIRQHandler
                0x0000ceb0       0x18 ./drivers/fsl_dspi.o
                0x0000ceb0                SPI0_DriverIRQHandler
 .text.SPI1_DriverIRQHandler
                0x0000cec8       0x18 ./drivers/fsl_dspi.o
                0x0000cec8                SPI1_DriverIRQHandler
 .text.I2C_TransferCommonIRQHandler
                0x0000cee0       0x28 ./drivers/fsl_i2c.o
 .text.I2C0_DriverIRQHandler
                0x0000cf08       0x18 ./drivers/fsl_i2c.o
                0x0000cf08                I2C0_DriverIRQHandler
 .text.I2C1_DriverIRQHandler
                0x0000cf20       0x18 ./drivers/fsl_i2c.o
                0x0000cf20                I2C1_DriverIRQHandler
 .text.LPUART_Init
                0x0000cf38      0x158 ./drivers/fsl_lpuart.o
                0x0000cf38                LPUART_Init
 .text.LPUART_SetBaudRate
                0x0000d090       0xd0 ./drivers/fsl_lpuart.o
                0x0000d090                LPUART_SetBaudRate
 .text.LPUART_GetEnabledInterrupts
                0x0000d160       0x18 ./drivers/fsl_lpuart.o
                0x0000d160                LPUART_GetEnabledInterrupts
 .text.LPUART_ClearStatusFlags
                0x0000d178       0x44 ./drivers/fsl_lpuart.o
                0x0000d178                LPUART_ClearStatusFlags
 .text.LPUART0_DriverIRQHandler
                0x0000d1bc       0x1c ./drivers/fsl_lpuart.o
                0x0000d1bc                LPUART0_DriverIRQHandler
 .text.ltc_aes_ccm_process.part.2
                0x0000d1d8      0x33c ./drivers/fsl_ltc.o
 .text.LTC_Init
                0x0000d514       0x14 ./drivers/fsl_ltc.o
                0x0000d514                LTC_Init
 .text.LTC_AES_EncryptTagCcm
                0x0000d528       0x88 ./drivers/fsl_ltc.o
                0x0000d528                LTC_AES_EncryptTagCcm
 .text.LTC_AES_DecryptTagCcm
                0x0000d5b0       0xa4 ./drivers/fsl_ltc.o
                0x0000d5b0                LTC_AES_DecryptTagCcm
 .text.TPM_Init
                0x0000d654       0xa8 ./drivers/fsl_tpm.o
                0x0000d654                TPM_Init
 .text.TPM_SetupOutputCompare
                0x0000d6fc       0x40 ./drivers/fsl_tpm.o
                0x0000d6fc                TPM_SetupOutputCompare
 .text.trng_SetStatisticalCheckLimit
                0x0000d73c      0x1a8 ./drivers/fsl_trng.o
 .text.TRNG_GetDefaultConfig
                0x0000d8e4       0x7c ./drivers/fsl_trng.o
                0x0000d8e4                TRNG_GetDefaultConfig
 .text.TRNG_Init
                0x0000d960      0x188 ./drivers/fsl_trng.o
                0x0000d960                TRNG_Init
 .text.NMI_Handler
                0x0000dae8       0x20 ./board/board.o
                0x0000dae8                NMI_Handler
 .text.BOARD_DCDCInit
                0x0000db08       0x10 ./board/board.o
                0x0000db08                BOARD_DCDCInit
 .text.hardware_init
                0x0000db18       0xd4 ./board/board.o
                0x0000db18                hardware_init
 .text.BOARD_GetLpuartClock
                0x0000dbec       0x34 ./board/board.o
                0x0000dbec                BOARD_GetLpuartClock
 .text.BOARD_GetTpmClock
                0x0000dc20       0x34 ./board/board.o
                0x0000dc20                BOARD_GetTpmClock
 .text.CLOCK_CONFIG_FllStableDelay
                0x0000dc54       0x14 ./board/clock_config.o
 .text.BOARD_RfOscInit
                0x0000dc68       0x7c ./board/clock_config.o
                0x0000dc68                BOARD_RfOscInit
 .text.BOARD_InitOsc0
                0x0000dce4       0x20 ./board/clock_config.o
                0x0000dce4                BOARD_InitOsc0
 .text.BOARD_BootClockRUN
                0x0000dd04       0xec ./board/clock_config.o
                0x0000dd04                BOARD_BootClockRUN
 .text.CLOCK_EnableClock
                0x0000ddf0       0x14 ./board/pin_mux.o
 .text.BOARD_InitButtons
                0x0000de04       0x30 ./board/pin_mux.o
                0x0000de04                BOARD_InitButtons
 .text.BOARD_InitLEDs
                0x0000de34       0x68 ./board/pin_mux.o
                0x0000de34                BOARD_InitLEDs
 .text.BOARD_InitLPUART
                0x0000de9c       0x44 ./board/pin_mux.o
                0x0000de9c                BOARD_InitLPUART
 .text.SystemInit
                0x0000dee0       0x10 ./CMSIS/system_MKW41Z4.o
                0x0000dee0                SystemInit
 .text.roundf   0x0000def0       0x44 c:/nxp/mcuxpressoide_11.0.1_2563/ide/plugins/com.nxp.mcuxpresso.tools.win32_11.0.1.201907311258/tools/bin/../lib/gcc/arm-none-eabi/8.2.1/../../../../arm-none-eabi/lib/thumb/v6-m/nofp\libm.a(lib_a-sf_round.o)
                0x0000def0                roundf
 .text.exit     0x0000df34       0x20 c:/nxp/mcuxpressoide_11.0.1_2563/ide/plugins/com.nxp.mcuxpresso.tools.win32_11.0.1.201907311258/tools/bin/../lib/gcc/arm-none-eabi/8.2.1/../../../../arm-none-eabi/lib/thumb/v6-m/nofp\libc.a(lib_a-exit.o)
                0x0000df34                exit
 .text.__libc_init_array
                0x0000df54       0x44 c:/nxp/mcuxpressoide_11.0.1_2563/ide/plugins/com.nxp.mcuxpresso.tools.win32_11.0.1.201907311258/tools/bin/../lib/gcc/arm-none-eabi/8.2.1/../../../../arm-none-eabi/lib/thumb/v6-m/nofp\libc.a(lib_a-init.o)
                0x0000df54                __libc_init_array
 .text.memcpy   0x0000df98       0xa4 c:/nxp/mcuxpressoide_11.0.1_2563/ide/plugins/com.nxp.mcuxpresso.tools.win32_11.0.1.201907311258/tools/bin/../lib/gcc/arm-none-eabi/8.2.1/../../../../arm-none-eabi/lib/thumb/v6-m/nofp\libc.a(lib_a-memcpy-stub.o)
                0x0000df98                memcpy
 .text.memset   0x0000e03c       0xa8 c:/nxp/mcuxpressoide_11.0.1_2563/ide/plugins/com.nxp.mcuxpresso.tools.win32_11.0.1.201907311258/tools/bin/../lib/gcc/arm-none-eabi/8.2.1/../../../../arm-none-eabi/lib/thumb/v6-m/nofp\libc.a(lib_a-memset.o)
                0x0000e03c                memset
 .text.strlen   0x0000e0e4       0x68 c:/nxp/mcuxpressoide_11.0.1_2563/ide/plugins/com.nxp.mcuxpresso.tools.win32_11.0.1.201907311258/tools/bin/../lib/gcc/arm-none-eabi/8.2.1/../../../../arm-none-eabi/lib/thumb/v6-m/nofp\libc.a(lib_a-strlen-stub.o)
                0x0000e0e4                strlen
 .text.startup.register_fini
                0x0000e14c       0x18 c:/nxp/mcuxpressoide_11.0.1_2563/ide/plugins/com.nxp.mcuxpresso.tools.win32_11.0.1.201907311258/tools/bin/../lib/gcc/arm-none-eabi/8.2.1/../../../../arm-none-eabi/lib/thumb/v6-m/nofp\libc.a(lib_a-__call_atexit.o)
 .text.__call_exitprocs
                0x0000e164       0xd4 c:/nxp/mcuxpressoide_11.0.1_2563/ide/plugins/com.nxp.mcuxpresso.tools.win32_11.0.1.201907311258/tools/bin/../lib/gcc/arm-none-eabi/8.2.1/../../../../arm-none-eabi/lib/thumb/v6-m/nofp\libc.a(lib_a-__call_atexit.o)
                0x0000e164                __call_exitprocs
 .text.atexit   0x0000e238       0x10 c:/nxp/mcuxpressoide_11.0.1_2563/ide/plugins/com.nxp.mcuxpresso.tools.win32_11.0.1.201907311258/tools/bin/../lib/gcc/arm-none-eabi/8.2.1/../../../../arm-none-eabi/lib/thumb/v6-m/nofp\libc.a(lib_a-atexit.o)
                0x0000e238                atexit
 .text.__libc_fini_array
                0x0000e248       0x28 c:/nxp/mcuxpressoide_11.0.1_2563/ide/plugins/com.nxp.mcuxpresso.tools.win32_11.0.1.201907311258/tools/bin/../lib/gcc/arm-none-eabi/8.2.1/../../../../arm-none-eabi/lib/thumb/v6-m/nofp\libc.a(lib_a-fini.o)
                0x0000e248                __libc_fini_array
 .text.__retarget_lock_acquire_recursive
                0x0000e270        0x4 c:/nxp/mcuxpressoide_11.0.1_2563/ide/plugins/com.nxp.mcuxpresso.tools.win32_11.0.1.201907311258/tools/bin/../lib/gcc/arm-none-eabi/8.2.1/../../../../arm-none-eabi/lib/thumb/v6-m/nofp\libc.a(lib_a-lock.o)
                0x0000e270                __retarget_lock_acquire_recursive
 .text.__retarget_lock_release_recursive
                0x0000e274        0x4 c:/nxp/mcuxpressoide_11.0.1_2563/ide/plugins/com.nxp.mcuxpresso.tools.win32_11.0.1.201907311258/tools/bin/../lib/gcc/arm-none-eabi/8.2.1/../../../../arm-none-eabi/lib/thumb/v6-m/nofp\libc.a(lib_a-lock.o)
                0x0000e274                __retarget_lock_release_recursive
 .text.__register_exitproc
                0x0000e278       0xc0 c:/nxp/mcuxpressoide_11.0.1_2563/ide/plugins/com.nxp.mcuxpresso.tools.win32_11.0.1.201907311258/tools/bin/../lib/gcc/arm-none-eabi/8.2.1/../../../../arm-none-eabi/lib/thumb/v6-m/nofp\libc.a(lib_a-__atexit.o)
                0x0000e278                __register_exitproc
 .text._exit    0x0000e338        0x4 c:/nxp/mcuxpressoide_11.0.1_2563/ide/plugins/com.nxp.mcuxpresso.tools.win32_11.0.1.201907311258/tools/bin/../lib/gcc/arm-none-eabi/8.2.1/../../../../arm-none-eabi/lib/thumb/v6-m/nofp\libnosys.a(_exit.o)
                0x0000e338                _exit
 .text.MPM_AcquirePAN
                0x0000e33c        0x4 ./ieee_802.15.4/phy/source/MKW41Z/MPM.o
                0x0000e33c                MPM_AcquirePAN
 .text.MPM_ReleasePAN
                0x0000e340        0x4 ./ieee_802.15.4/phy/source/MKW41Z/MPM.o
                0x0000e340                MPM_ReleasePAN
 .text.Phy_SendLatePD
                0x0000e344        0xa ./ieee_802.15.4/phy/source/MKW41Z/PhyStateMachine.o
 .text.Phy_SendLatePLME
                0x0000e34e        0xa ./ieee_802.15.4/phy/source/MKW41Z/PhyStateMachine.o
 .text.BindToPHY
                0x0000e358        0x4 ./ieee_802.15.4/phy/source/MKW41Z/PhyStateMachine.o
                0x0000e358                BindToPHY
 .text.Phy_SetSequenceTiming
                0x0000e35c       0x54 ./ieee_802.15.4/phy/source/MKW41Z/PhyStateMachine.o
                0x0000e35c                Phy_SetSequenceTiming
 .text.Radio_Phy_PdDataIndication
                0x0000e3b0        0xe ./ieee_802.15.4/phy/source/MKW41Z/PhyStateMachine.o
                0x0000e3b0                Radio_Phy_PdDataIndication
 .text.Radio_Phy_TimeWaitTimeoutIndication
                0x0000e3be        0x8 ./ieee_802.15.4/phy/source/MKW41Z/PhyStateMachine.o
                0x0000e3be                Radio_Phy_TimeWaitTimeoutIndication
 .text.Radio_Phy_TimeStartEventIndication
                0x0000e3c6        0x2 ./ieee_802.15.4/phy/source/MKW41Z/PhyStateMachine.o
                0x0000e3c6                Radio_Phy_TimeStartEventIndication
 .text.Radio_Phy_PlmeSyncLossIndication
                0x0000e3c8       0x10 ./ieee_802.15.4/phy/source/MKW41Z/PhyStateMachine.o
                0x0000e3c8                Radio_Phy_PlmeSyncLossIndication
 .text.MAC_Monitor
                0x0000e3d8        0x2 ./ieee_802.15.4/mac/source/App/FsciMacCommands.o
                0x0000e3d8                MAC_Monitor
 .text.xEventGroupCreate
                0x0000e3da       0x18 ./freertos/event_groups.o
                0x0000e3da                xEventGroupCreate
 .text.xEventGroupWaitBits
                0x0000e3f2       0xce ./freertos/event_groups.o
                0x0000e3f2                xEventGroupWaitBits
 .text.xEventGroupSetBits
                0x0000e4c0       0x78 ./freertos/event_groups.o
                0x0000e4c0                xEventGroupSetBits
 .text.vEventGroupSetBitsCallback
                0x0000e538        0x8 ./freertos/event_groups.o
                0x0000e538                vEventGroupSetBitsCallback
 .text.vListInitialise
                0x0000e540       0x16 ./freertos/list.o
                0x0000e540                vListInitialise
 .text.vListInitialiseItem
                0x0000e556        0x6 ./freertos/list.o
                0x0000e556                vListInitialiseItem
 .text.vListInsertEnd
                0x0000e55c       0x18 ./freertos/list.o
                0x0000e55c                vListInsertEnd
 .text.vListInsert
                0x0000e574       0x2e ./freertos/list.o
                0x0000e574                vListInsert
 .text.uxListRemove
                0x0000e5a2       0x1e ./freertos/list.o
                0x0000e5a2                uxListRemove
 .text.SVC_Handler
                0x0000e5c0        0x2 ./freertos/port.o
                0x0000e5c0                SVC_Handler
 .text.ulSetInterruptMaskFromISR
                0x0000e5c2        0xa ./freertos/port.o
                0x0000e5c2                ulSetInterruptMaskFromISR
 .text.vClearInterruptMaskFromISR
                0x0000e5cc        0x6 ./freertos/port.o
                0x0000e5cc                vClearInterruptMaskFromISR
 .text.prvCopyDataToQueue
                0x0000e5d2       0x70 ./freertos/queue.o
 .text.prvCopyDataFromQueue
                0x0000e642       0x24 ./freertos/queue.o
 .text.prvUnlockQueue
                0x0000e666       0x6a ./freertos/queue.o
 .text.xQueueGenericReset
                0x0000e6d0       0x68 ./freertos/queue.o
                0x0000e6d0                xQueueGenericReset
 .text.xQueueGenericCreate
                0x0000e738       0x3e ./freertos/queue.o
                0x0000e738                xQueueGenericCreate
 .text.xQueueGetMutexHolder
                0x0000e776       0x1a ./freertos/queue.o
                0x0000e776                xQueueGetMutexHolder
 .text.xQueueCreateCountingSemaphore
                0x0000e790       0x24 ./freertos/queue.o
                0x0000e790                xQueueCreateCountingSemaphore
 .text.xQueueGenericSend
                0x0000e7b4      0x120 ./freertos/queue.o
                0x0000e7b4                xQueueGenericSend
 .text.xQueueCreateMutex
                0x0000e8d4       0x38 ./freertos/queue.o
                0x0000e8d4                xQueueCreateMutex
 .text.xQueueGenericSendFromISR
                0x0000e90c       0x92 ./freertos/queue.o
                0x0000e90c                xQueueGenericSendFromISR
 .text.xQueueGiveFromISR
                0x0000e99e       0x78 ./freertos/queue.o
                0x0000e99e                xQueueGiveFromISR
 .text.xQueueGenericReceive
                0x0000ea16      0x150 ./freertos/queue.o
                0x0000ea16                xQueueGenericReceive
 .text.vQueueWaitForMessageRestricted
                0x0000eb66       0x4a ./freertos/queue.o
                0x0000eb66                vQueueWaitForMessageRestricted
 .text.calc_dcoc_dac_step
                0x0000ebb0       0x38 ./framework/XCVR/MKW41Z4/fsl_xcvr_trim.o
                0x0000ebb0                calc_dcoc_dac_step
 .text.store_sw_trim
                0x0000ebe8       0x22 ./framework/XCVR/MKW41Z4/ifr_radio.o
                0x0000ebe8                store_sw_trim
 .text.StackTimer_GetInputFrequency
                0x0000ec0a        0xc ./framework/TimersManager/Source/TMR_Adapter.o
                0x0000ec0a                StackTimer_GetInputFrequency
 .text.TMR_StartLowPowerTimer
                0x0000ec16       0x10 ./framework/TimersManager/Source/TimersManager.o
                0x0000ec16                TMR_StartLowPowerTimer
 .text.TMR_StartIntervalTimer
                0x0000ec26       0x10 ./framework/TimersManager/Source/TimersManager.o
                0x0000ec26                TMR_StartIntervalTimer
 .text.Serial_SyncTxCallback
                0x0000ec36        0xc ./framework/SerialManager/Source/SerialManager.o
 .text.Serial_RxBufferByteCount
                0x0000ec42       0x18 ./framework/SerialManager/Source/SerialManager.o
                0x0000ec42                Serial_RxBufferByteCount
 .text.Serial_Print
                0x0000ec5a       0x32 ./framework/SerialManager/Source/SerialManager.o
                0x0000ec5a                Serial_Print
 .text.Serial_PrintHex
                0x0000ec8c       0xc6 ./framework/SerialManager/Source/SerialManager.o
                0x0000ec8c                Serial_PrintHex
 .text.Serial_UartTxCb
                0x0000ed52        0xa ./framework/SerialManager/Source/SerialManager.o
 .text.RNG_GetRandomNo.part.1
                0x0000ed5c       0x16 ./framework/RNG/Source/RNG.o
 .text.RNG_GetRandomNo
                0x0000ed72        0xc ./framework/RNG/Source/RNG.o
                0x0000ed72                RNG_GetRandomNo
 .text.panic    0x0000ed7e        0x2 ./framework/Panic/Source/Panic.o
                0x0000ed7e                panic
 .text.startup_task
                0x0000ed80        0x8 ./framework/OSAbstraction/Source/fsl_os_abstraction_free_rtos.o
                0x0000ed80                startup_task
 .text.OSA_TaskGetId
                0x0000ed88        0x8 ./framework/OSAbstraction/Source/fsl_os_abstraction_free_rtos.o
                0x0000ed88                OSA_TaskGetId
 .text.OSA_TaskCreate
                0x0000ed90       0x2c ./framework/OSAbstraction/Source/fsl_os_abstraction_free_rtos.o
                0x0000ed90                OSA_TaskCreate
 .text.OSA_SemaphoreCreate
                0x0000edbc        0xc ./framework/OSAbstraction/Source/fsl_os_abstraction_free_rtos.o
                0x0000edbc                OSA_SemaphoreCreate
 .text.OSA_SemaphoreWait
                0x0000edc8       0x32 ./framework/OSAbstraction/Source/fsl_os_abstraction_free_rtos.o
                0x0000edc8                OSA_SemaphoreWait
 .text.OSA_MutexCreate
                0x0000edfa        0xa ./framework/OSAbstraction/Source/fsl_os_abstraction_free_rtos.o
                0x0000edfa                OSA_MutexCreate
 .text.OSA_MutexLock
                0x0000ee04       0x42 ./framework/OSAbstraction/Source/fsl_os_abstraction_free_rtos.o
                0x0000ee04                OSA_MutexLock
 .text.OSA_MutexUnlock
                0x0000ee46       0x2e ./framework/OSAbstraction/Source/fsl_os_abstraction_free_rtos.o
                0x0000ee46                OSA_MutexUnlock
 .text.OSA_EventWait
                0x0000ee74       0x42 ./framework/OSAbstraction/Source/fsl_os_abstraction_free_rtos.o
                0x0000ee74                OSA_EventWait
 .text.OSA_InstallIntHandler
                0x0000eeb6        0xa ./framework/OSAbstraction/Source/fsl_os_abstraction_free_rtos.o
                0x0000eeb6                OSA_InstallIntHandler
 .text.ListAddTailMsg
                0x0000eec0        0xa ./framework/Messaging/Source/Messaging.o
                0x0000eec0                ListAddTailMsg
 .text.ListAddHeadMsg
                0x0000eeca        0xa ./framework/Messaging/Source/Messaging.o
                0x0000eeca                ListAddHeadMsg
 .text.ListRemoveHeadMsg
                0x0000eed4        0xe ./framework/Messaging/Source/Messaging.o
                0x0000eed4                ListRemoveHeadMsg
 .text.ListGetHeadMsg
                0x0000eee2       0x1a ./framework/Messaging/Source/Messaging.o
                0x0000eee2                ListGetHeadMsg
 .text.ListGetNextMsg
                0x0000eefc       0x1c ./framework/Messaging/Source/Messaging.o
                0x0000eefc                ListGetNextMsg
 .text.ListRemoveMsg
                0x0000ef18        0xa ./framework/Messaging/Source/Messaging.o
                0x0000ef18                ListRemoveMsg
 .text.ListInit
                0x0000ef22        0xc ./framework/Lists/GenericList.o
                0x0000ef22                ListInit
 .text.ListAddTail
                0x0000ef2e       0x40 ./framework/Lists/GenericList.o
                0x0000ef2e                ListAddTail
 .text.ListAddHead
                0x0000ef6e       0x40 ./framework/Lists/GenericList.o
                0x0000ef6e                ListAddHead
 .text.ListRemoveHead
                0x0000efae       0x3c ./framework/Lists/GenericList.o
                0x0000efae                ListRemoveHead
 .text.ListRemoveElement
                0x0000efea       0x42 ./framework/Lists/GenericList.o
                0x0000efea                ListRemoveElement
 .text.ListGetSize
                0x0000f02c        0x4 ./framework/Lists/GenericList.o
                0x0000f02c                ListGetSize
 .text.LED_GpioSet
                0x0000f030       0x20 ./framework/LED/Source/LED.o
 .text.LED_TurnOnLed
                0x0000f050        0xa ./framework/LED/Source/LED.o
                0x0000f050                LED_TurnOnLed
 .text.LED_TurnOffLed
                0x0000f05a        0xa ./framework/LED/Source/LED.o
                0x0000f05a                LED_TurnOffLed
 .text.LED_ToggleLed
                0x0000f064        0xa ./framework/LED/Source/LED.o
                0x0000f064                LED_ToggleLed
 .text.LED_TurnOffAllLeds
                0x0000f06e        0xa ./framework/LED/Source/LED.o
                0x0000f06e                LED_TurnOffAllLeds
 .text.LED_StopFlashingAllLeds
                0x0000f078        0xc ./framework/LED/Source/LED.o
                0x0000f078                LED_StopFlashingAllLeds
 .text.FLib_MemCpy
                0x0000f084       0x12 ./framework/FunctionLib/FunctionLib.o
                0x0000f084                FLib_MemCpy
 .text.FLib_MemCpyReverseOrder
                0x0000f096       0x1a ./framework/FunctionLib/FunctionLib.o
                0x0000f096                FLib_MemCpyReverseOrder
 .text.FLib_MemCmp
                0x0000f0b0       0x1c ./framework/FunctionLib/FunctionLib.o
                0x0000f0b0                FLib_MemCmp
 .text.FLib_MemSet
                0x0000f0cc        0xc ./framework/FunctionLib/FunctionLib.o
                0x0000f0cc                FLib_MemSet
 .text.ADC16_SetChannelMuxMode
                0x0000f0d8       0x14 ./drivers/fsl_adc16.o
                0x0000f0d8                ADC16_SetChannelMuxMode
 .text.ADC16_SetHardwareCompareConfig
                0x0000f0ec       0x36 ./drivers/fsl_adc16.o
                0x0000f0ec                ADC16_SetHardwareCompareConfig
 .text.ADC16_SetHardwareAverage
                0x0000f122       0x18 ./drivers/fsl_adc16.o
                0x0000f122                ADC16_SetHardwareAverage
 .text.ADC16_GetStatusFlags
                0x0000f13a       0x14 ./drivers/fsl_adc16.o
                0x0000f13a                ADC16_GetStatusFlags
 .text.ADC16_DoAutoCalibration
                0x0000f14e       0xac ./drivers/fsl_adc16.o
                0x0000f14e                ADC16_DoAutoCalibration
 .text.ADC16_SetChannelConfig
                0x0000f1fa       0x22 ./drivers/fsl_adc16.o
                0x0000f1fa                ADC16_SetChannelConfig
 .text.ADC16_GetChannelStatusFlags
                0x0000f21c        0xe ./drivers/fsl_adc16.o
                0x0000f21c                ADC16_GetChannelStatusFlags
 .text.CLOCK_BootToFeeMode
                0x0000f22a       0x1a ./drivers/fsl_clock.o
                0x0000f22a                CLOCK_BootToFeeMode
 .text.GPIO_PinInit
                0x0000f244       0x26 ./drivers/fsl_gpio.o
                0x0000f244                GPIO_PinInit
 .text.LPUART_GetDefaultConfig
                0x0000f26a        0xe ./drivers/fsl_lpuart.o
                0x0000f26a                LPUART_GetDefaultConfig
 .text.LPUART_EnableInterrupts
                0x0000f278       0x1c ./drivers/fsl_lpuart.o
                0x0000f278                LPUART_EnableInterrupts
 .text.LPUART_DisableInterrupts
                0x0000f294       0x1c ./drivers/fsl_lpuart.o
                0x0000f294                LPUART_DisableInterrupts
 .text.LPUART_GetStatusFlags
                0x0000f2b0        0x4 ./drivers/fsl_lpuart.o
                0x0000f2b0                LPUART_GetStatusFlags
 .text.ltc_move_block_to_ififo
                0x0000f2b4       0x38 ./drivers/fsl_ltc.o
 .text.ltc_get_word_from_unaligned
                0x0000f2ec       0x20 ./drivers/fsl_ltc.o
 .text.ltc_set_key
                0x0000f30c       0x26 ./drivers/fsl_ltc.o
 .text.ltc_set_unaligned_from_word
                0x0000f332       0x18 ./drivers/fsl_ltc.o
 .text.ltc_wait
                0x0000f34a       0x2a ./drivers/fsl_ltc.o
                0x0000f34a                ltc_wait
 .text.ltc_memcpy
                0x0000f374       0x12 ./drivers/fsl_ltc.o
                0x0000f374                ltc_memcpy
 .text.ltc_move_to_ififo
                0x0000f386       0x50 ./drivers/fsl_ltc.o
 .text.ltc_set_context
                0x0000f3d6       0x5e ./drivers/fsl_ltc.o
                0x0000f3d6                ltc_set_context
 .text.ltc_get_context
                0x0000f434       0x5e ./drivers/fsl_ltc.o
                0x0000f434                ltc_get_context
 .text.ltc_symmetric_process
                0x0000f492       0xac ./drivers/fsl_ltc.o
                0x0000f492                ltc_symmetric_process
 .text.ltc_symmetric_process_data
                0x0000f53e       0x4e ./drivers/fsl_ltc.o
                0x0000f53e                ltc_symmetric_process_data
 .text.TPM_EnableInterrupts
                0x0000f58c       0x32 ./drivers/fsl_tpm.o
                0x0000f58c                TPM_EnableInterrupts
 .text.TRNG_GetRandomData
                0x0000f5be       0x7c ./drivers/fsl_trng.o
                0x0000f5be                TRNG_GetRandomData
 *(SORT_BY_ALIGNMENT(.rodata))
 *fill*         0x0000f63a        0x2 
 .rodata        0x0000f63c       0x18 ./framework/XCVR/MKW41Z4/fsl_xcvr.o
 .rodata        0x0000f654       0xac c:/nxp/mcuxpressoide_11.0.1_2563/ide/plugins/com.nxp.mcuxpresso.tools.win32_11.0.1.201907311258/tools/bin/../lib/gcc/arm-none-eabi/8.2.1/thumb/v6-m/nofp\libgcc.a(divsf3.o)
 .rodata        0x0000f700       0x40 c:/nxp/mcuxpressoide_11.0.1_2563/ide/plugins/com.nxp.mcuxpresso.tools.win32_11.0.1.201907311258/tools/bin/../lib/gcc/arm-none-eabi/8.2.1/thumb/v6-m/nofp\libgcc.a(mulsf3.o)
 .rodata        0x0000f740       0x60 G:\Programming Projects\RealTime\frdmkw41z_wireless_examples_ieee_802_15_4_mwa_coordinator_freertos_again\libs\lib802.15.4_mac_06_cm0.a(MacPib.o)
 .rodata        0x0000f7a0       0x1c G:\Programming Projects\RealTime\frdmkw41z_wireless_examples_ieee_802_15_4_mwa_coordinator_freertos_again\libs\lib802.15.4_mac_06_cm0.a(MacVersion.o)