Archive member included to satisfy reference by file (symbol)

c:/nxp/mcuxpressoide_11.0.1_2563/ide/plugins/com.nxp.mcuxpresso.tools.win32_11.0.1.201907311258/tools/bin/../lib/gcc/arm-none-eabi/8.2.1/../../../../arm-none-eabi/lib/thumb/v6-m/nofp\libm.a(lib_a-s_round.o)
                              ./framework/XCVR/MKW41Z4/fsl_xcvr.o (round)
c:/nxp/mcuxpressoide_11.0.1_2563/ide/plugins/com.nxp.mcuxpresso.tools.win32_11.0.1.201907311258/tools/bin/../lib/gcc/arm-none-eabi/8.2.1/../../../../arm-none-eabi/lib/thumb/v6-m/nofp\libm.a(lib_a-s_trunc.o)
                              ./framework/XCVR/MKW41Z4/fsl_xcvr.o (trunc)
c:/nxp/mcuxpressoide_11.0.1_2563/ide/plugins/com.nxp.mcuxpresso.tools.win32_11.0.1.201907311258/tools/bin/../lib/gcc/arm-none-eabi/8.2.1/../../../../arm-none-eabi/lib/thumb/v6-m/nofp\libm.a(lib_a-sf_round.o)
                              ./framework/XCVR/MKW41Z4/fsl_xcvr_trim.o (roundf)
c:/nxp/mcuxpressoide_11.0.1_2563/ide/plugins/com.nxp.mcuxpresso.tools.win32_11.0.1.201907311258/tools/bin/../lib/gcc/arm-none-eabi/8.2.1/../../../../arm-none-eabi/lib/thumb/v6-m/nofp\libc.a(lib_a-exit.o)
                              c:/nxp/mcuxpressoide_11.0.1_2563/ide/plugins/com.nxp.mcuxpresso.tools.win32_11.0.1.201907311258/tools/bin/../lib/gcc/arm-none-eabi/8.2.1/../../../../arm-none-eabi/lib/thumb/v6-m/nofp/crt0.o (exit)
c:/nxp/mcuxpressoide_11.0.1_2563/ide/plugins/com.nxp.mcuxpresso.tools.win32_11.0.1.201907311258/tools/bin/../lib/gcc/arm-none-eabi/8.2.1/../../../../arm-none-eabi/lib/thumb/v6-m/nofp\libc.a(lib_a-impure.o)
                              c:/nxp/mcuxpressoide_11.0.1_2563/ide/plugins/com.nxp.mcuxpresso.tools.win32_11.0.1.201907311258/tools/bin/../lib/gcc/arm-none-eabi/8.2.1/../../../../arm-none-eabi/lib/thumb/v6-m/nofp\libc.a(lib_a-exit.o) (_global_impure_ptr)
c:/nxp/mcuxpressoide_11.0.1_2563/ide/plugins/com.nxp.mcuxpresso.tools.win32_11.0.1.201907311258/tools/bin/../lib/gcc/arm-none-eabi/8.2.1/../../../../arm-none-eabi/lib/thumb/v6-m/nofp\libc.a(lib_a-init.o)
                              c:/nxp/mcuxpressoide_11.0.1_2563/ide/plugins/com.nxp.mcuxpresso.tools.win32_11.0.1.201907311258/tools/bin/../lib/gcc/arm-none-eabi/8.2.1/../../../../arm-none-eabi/lib/thumb/v6-m/nofp/crt0.o (__libc_init_array)
c:/nxp/mcuxpressoide_11.0.1_2563/ide/plugins/com.nxp.mcuxpresso.tools.win32_11.0.1.201907311258/tools/bin/../lib/gcc/arm-none-eabi/8.2.1/../../../../arm-none-eabi/lib/thumb/v6-m/nofp\libc.a(lib_a-memcpy-stub.o)
                              ./source/mwa_coordinator.o (memcpy)
c:/nxp/mcuxpressoide_11.0.1_2563/ide/plugins/com.nxp.mcuxpresso.tools.win32_11.0.1.201907311258/tools/bin/../lib/gcc/arm-none-eabi/8.2.1/../../../../arm-none-eabi/lib/thumb/v6-m/nofp\libc.a(lib_a-memset.o)
                              c:/nxp/mcuxpressoide_11.0.1_2563/ide/plugins/com.nxp.mcuxpresso.tools.win32_11.0.1.201907311258/tools/bin/../lib/gcc/arm-none-eabi/8.2.1/../../../../arm-none-eabi/lib/thumb/v6-m/nofp/crt0.o (memset)
c:/nxp/mcuxpressoide_11.0.1_2563/ide/plugins/com.nxp.mcuxpresso.tools.win32_11.0.1.201907311258/tools/bin/../lib/gcc/arm-none-eabi/8.2.1/../../../../arm-none-eabi/lib/thumb/v6-m/nofp\libc.a(lib_a-strlen-stub.o)
                              ./source/mwa_coordinator.o (strlen)
c:/nxp/mcuxpressoide_11.0.1_2563/ide/plugins/com.nxp.mcuxpresso.tools.win32_11.0.1.201907311258/tools/bin/../lib/gcc/arm-none-eabi/8.2.1/../../../../arm-none-eabi/lib/thumb/v6-m/nofp\libc.a(lib_a-__call_atexit.o)
                              c:/nxp/mcuxpressoide_11.0.1_2563/ide/plugins/com.nxp.mcuxpresso.tools.win32_11.0.1.201907311258/tools/bin/../lib/gcc/arm-none-eabi/8.2.1/../../../../arm-none-eabi/lib/thumb/v6-m/nofp\libc.a(lib_a-exit.o) (__call_exitprocs)
c:/nxp/mcuxpressoide_11.0.1_2563/ide/plugins/com.nxp.mcuxpresso.tools.win32_11.0.1.201907311258/tools/bin/../lib/gcc/arm-none-eabi/8.2.1/../../../../arm-none-eabi/lib/thumb/v6-m/nofp\libc.a(lib_a-atexit.o)
                              c:/nxp/mcuxpressoide_11.0.1_2563/ide/plugins/com.nxp.mcuxpresso.tools.win32_11.0.1.201907311258/tools/bin/../lib/gcc/arm-none-eabi/8.2.1/../../../../arm-none-eabi/lib/thumb/v6-m/nofp\libc.a(lib_a-__call_atexit.o) (atexit)
c:/nxp/mcuxpressoide_11.0.1_2563/ide/plugins/com.nxp.mcuxpresso.tools.win32_11.0.1.201907311258/tools/bin/../lib/gcc/arm-none-eabi/8.2.1/../../../../arm-none-eabi/lib/thumb/v6-m/nofp\libc.a(lib_a-fini.o)
                              c:/nxp/mcuxpressoide_11.0.1_2563/ide/plugins/com.nxp.mcuxpresso.tools.win32_11.0.1.201907311258/tools/bin/../lib/gcc/arm-none-eabi/8.2.1/../../../../arm-none-eabi/lib/thumb/v6-m/nofp\libc.a(lib_a-__call_atexit.o) (__libc_fini_array)
c:/nxp/mcuxpressoide_11.0.1_2563/ide/plugins/com.nxp.mcuxpresso.tools.win32_11.0.1.201907311258/tools/bin/../lib/gcc/arm-none-eabi/8.2.1/../../../../arm-none-eabi/lib/thumb/v6-m/nofp\libc.a(lib_a-lock.o)
[...]
Memory Configuration

Name             Origin             Length             Attributes
TEXT_region1     0x00000000         0x00000400         xr
m_flash_config_region 0x00000400         0x00000010         xr
TEXT_region2     0x00000411         0x0007d3ee         xr
NVM_region       0x0007d800         0x00001fff         rw
DATA1_region     0x1fff8000         0x00008000         rw
DATA2_region     0x20000000         0x00018000         rw
PRODUCT_INFO_region 0x0007f800         0x000007ff         xr
*default*        0x00000000         0xffffffff

Linker script and memory map

LOAD c:/nxp/mcuxpressoide_11.0.1_2563/ide/plugins/com.nxp.mcuxpresso.tools.win32_11.0.1.201907311258/tools/bin/../lib/gcc/arm-none-eabi/8.2.1/thumb/v6-m/nofp/crti.o
LOAD c:/nxp/mcuxpressoide_11.0.1_2563/ide/plugins/com.nxp.mcuxpresso.tools.win32_11.0.1.201907311258/tools/bin/../lib/gcc/arm-none-eabi/8.2.1/thumb/v6-m/nofp/crtbegin.o
LOAD c:/nxp/mcuxpressoide_11.0.1_2563/ide/plugins/com.nxp.mcuxpresso.tools.win32_11.0.1.201907311258/tools/bin/../lib/gcc/arm-none-eabi/8.2.1/../../../../arm-none-eabi/lib/thumb/v6-m/nofp/crt0.o
LOAD ./utilities/fsl_debug_console.o
LOAD ./startup/startup_MKW41Z4.o
LOAD ./source/mtb.o
LOAD ./source/mwa_coordinator.o
LOAD ./source/semihost_hardfault.o
LOAD ./ieee_802.15.4/phy/source/MKW41Z/ASP.o
LOAD ./ieee_802.15.4/phy/source/MKW41Z/MPM.o
LOAD ./ieee_802.15.4/phy/source/MKW41Z/PhyISR.o
LOAD ./ieee_802.15.4/phy/source/MKW41Z/PhyPacketProcessor.o
LOAD ./ieee_802.15.4/phy/source/MKW41Z/PhyPlmeData.o
LOAD ./ieee_802.15.4/phy/source/MKW41Z/PhyStateMachine.o
LOAD ./ieee_802.15.4/phy/source/MKW41Z/PhyTime.o
LOAD ./ieee_802.15.4/mac/source/App/FsciAspCommands.o
LOAD ./ieee_802.15.4/mac/source/App/FsciMacCommands.o
LOAD ./ieee_802.15.4/mac/source/App/MacGlobals.o
LOAD ./freertos/croutine.o
LOAD ./freertos/event_groups.o
LOAD ./freertos/fsl_tickless_lptmr.o
LOAD ./freertos/fsl_tickless_systick.o
LOAD ./freertos/heap_4.o
LOAD ./freertos/list.o
LOAD ./freertos/port.o
LOAD ./freertos/queue.o
LOAD ./freertos/tasks.o
LOAD ./freertos/timers.o
LOAD ./framework/XCVR/MKW41Z4/cfgs_kw4x_3x_2x/fsl_xcvr_ant_config.o
LOAD ./framework/XCVR/MKW41Z4/cfgs_kw4x_3x_2x/fsl_xcvr_ble_config.o
LOAD ./framework/XCVR/MKW41Z4/cfgs_kw4x_3x_2x/fsl_xcvr_common_config.o
LOAD ./framework/XCVR/MKW41Z4/cfgs_kw4x_3x_2x/fsl_xcvr_gfsk_bt_0p3_h_0p5_config.o
LOAD ./framework/XCVR/MKW41Z4/cfgs_kw4x_3x_2x/fsl_xcvr_gfsk_bt_0p5_h_0p32_config.o
LOAD ./framework/XCVR/MKW41Z4/cfgs_kw4x_3x_2x/fsl_xcvr_gfsk_bt_0p5_h_0p5_config.o
LOAD ./framework/XCVR/MKW41Z4/cfgs_kw4x_3x_2x/fsl_xcvr_gfsk_bt_0p5_h_0p7_config.o
LOAD ./framework/XCVR/MKW41Z4/cfgs_kw4x_3x_2x/fsl_xcvr_gfsk_bt_0p5_h_1p0_config.o
LOAD ./framework/XCVR/MKW41Z4/cfgs_kw4x_3x_2x/fsl_xcvr_gfsk_bt_0p7_h_0p5_config.o
LOAD ./framework/XCVR/MKW41Z4/cfgs_kw4x_3x_2x/fsl_xcvr_mode_datarate_config.o
LOAD ./framework/XCVR/MKW41Z4/cfgs_kw4x_3x_2x/fsl_xcvr_msk_config.o
LOAD ./framework/XCVR/MKW41Z4/cfgs_kw4x_3x_2x/fsl_xcvr_zgbe_config.o
LOAD ./framework/XCVR/MKW41Z4/dbg_ram_capture.o
LOAD ./framework/XCVR/MKW41Z4/fsl_xcvr.o
LOAD ./framework/XCVR/MKW41Z4/fsl_xcvr_trim.o
LOAD ./framework/XCVR/MKW41Z4/ifr_radio.o
LOAD ./framework/TimersManager/Source/TMR_Adapter.o
LOAD ./framework/TimersManager/Source/TimersManager.o
LOAD ./framework/SerialManager/Source/UART_Adapter/UART_Adapter.o
LOAD ./framework/SerialManager/Source/SPI_Adapter/SPI_Adapter.o
LOAD ./framework/SerialManager/Source/I2C_Adapter/I2C_Adapter.o
LOAD ./framework/SerialManager/Source/SerialManager.o
LOAD ./framework/SecLib/SecLib.o
LOAD ./framework/Reset/Reset.o
LOAD ./framework/RNG/Source/RNG.o
LOAD ./framework/Panic/Source/Panic.o
LOAD ./framework/OSAbstraction/Source/fsl_os_abstraction_free_rtos.o
LOAD ./framework/ModuleInfo/ModuleInfo.o
LOAD ./framework/Messaging/Source/Messaging.o
LOAD ./framework/MemManager/Source/MemManager.o
LOAD ./framework/MWSCoexistence/Source/MWS.o
LOAD ./framework/Lists/GenericList.o
LOAD ./framework/LED/Source/LED.o
LOAD ./framework/Keyboard/Source/Keyboard.o
LOAD ./framework/GPIO/GPIO_Adapter.o
LOAD ./framework/FunctionLib/FunctionLib.o
LOAD ./framework/Flash/Internal/Flash_Adapter.o
LOAD ./framework/DCDC/Source/DCDC.o
LOAD ./drivers/fsl_adc16.o
LOAD ./drivers/fsl_clock.o
LOAD ./drivers/fsl_common.o
LOAD ./drivers/fsl_dspi.o
LOAD ./drivers/fsl_dspi_freertos.o
LOAD ./drivers/fsl_flash.o
LOAD ./drivers/fsl_gpio.o
LOAD ./drivers/fsl_i2c.o
LOAD ./drivers/fsl_i2c_freertos.o
LOAD ./drivers/fsl_llwu.o
LOAD ./drivers/fsl_lptmr.o
LOAD ./drivers/fsl_lpuart.o
LOAD ./drivers/fsl_lpuart_freertos.o
LOAD ./drivers/fsl_ltc.o
LOAD ./drivers/fsl_pmc.o
LOAD ./drivers/fsl_rtc.o
LOAD ./drivers/fsl_smc.o
LOAD ./drivers/fsl_tpm.o
LOAD ./drivers/fsl_trng.o
LOAD ./drivers/fsl_tsi_v4.o
LOAD ./board/board.o
LOAD ./board/clock_config.o
LOAD ./board/gpio_pins.o
LOAD ./board/pin_mux.o
LOAD ./CMSIS/system_MKW41Z4.o
LOAD c:/nxp/mcuxpressoide_11.0.1_2563/ide/plugins/com.nxp.mcuxpresso.tools.win32_11.0.1.201907311258/tools/bin/../lib/gcc/arm-none-eabi/8.2.1/../../../../arm-none-eabi/lib/thumb/v6-m/nofp\libm.a
LOAD c:/nxp/mcuxpressoide_11.0.1_2563/ide/plugins/com.nxp.mcuxpresso.tools.win32_11.0.1.201907311258/tools/bin/../lib/gcc/arm-none-eabi/8.2.1/../../../../arm-none-eabi/lib/thumb/v6-m/nofp\libc.a
LOAD c:/nxp/mcuxpressoide_11.0.1_2563/ide/plugins/com.nxp.mcuxpresso.tools.win32_11.0.1.201907311258/tools/bin/../lib/gcc/arm-none-eabi/8.2.1/thumb/v6-m/nofp\libgcc.a
LOAD c:/nxp/mcuxpressoide_11.0.1_2563/ide/plugins/com.nxp.mcuxpresso.tools.win32_11.0.1.201907311258/tools/bin/../lib/gcc/arm-none-eabi/8.2.1/../../../../arm-none-eabi/lib/thumb/v6-m/nofp\libnosys.a
LOAD G:\Programming Projects\RealTime\RTOS_for_coursework\host_device\libs\lib_crypto_m0.a
LOAD G:\Programming Projects\RealTime\RTOS_for_coursework\host_device\libs\lib802.15.4_mac_06_cm0.a
START GROUP
LOAD c:/nxp/mcuxpressoide_11.0.1_2563/ide/plugins/com.nxp.mcuxpresso.tools.win32_11.0.1.201907311258/tools/bin/../lib/gcc/arm-none-eabi/8.2.1/thumb/v6-m/nofp\libgcc.a
LOAD c:/nxp/mcuxpressoide_11.0.1_2563/ide/plugins/com.nxp.mcuxpresso.tools.win32_11.0.1.201907311258/tools/bin/../lib/gcc/arm-none-eabi/8.2.1/../../../../arm-none-eabi/lib/thumb/v6-m/nofp\libc.a
END GROUP
LOAD c:/nxp/mcuxpressoide_11.0.1_2563/ide/plugins/com.nxp.mcuxpresso.tools.win32_11.0.1.201907311258/tools/bin/../lib/gcc/arm-none-eabi/8.2.1/thumb/v6-m/nofp/crtend.o
LOAD c:/nxp/mcuxpressoide_11.0.1_2563/ide/plugins/com.nxp.mcuxpresso.tools.win32_11.0.1.201907311258/tools/bin/../lib/gcc/arm-none-eabi/8.2.1/thumb/v6-m/nofp/crtn.o
                0x00000001                gUseNVMLink_d = DEFINED (gUseNVMLink_d)?gUseNVMLink_d:0x1
                0x00000004                gNVMSectorCountLink_d = DEFINED (gNVMSectorCountLink_d)?gNVMSectorCountLink_d:0x4
                0x00000001                __ram_vector_table__ = DEFINED (__ram_vector_table__)?__ram_vector_table__:0x1
                0x00000000                __region_ROM_start__ = 0x0
                0x0007ffff                __region_ROM_end__ = 0x7ffff
                0x1fff8000                __region_RAM1_start__ = 0x1fff8000
                0x1fffffff                __region_RAM1_end__ = 0x1fffffff
                0x20000000                __region_RAM2_start__ = 0x20000000
                0x20017fff                __region_RAM2_end__ = 0x20017fff
                0x000000c0                __vector_table_size__ = 0xc0
                0x00000000                __ram_vector_table_size__ = DEFINED (__ram_vector_table__)?__vector_table_size__:0x0
                0x1fff8000                _RAM_START_ = __region_RAM1_start__
                0x20017fff                _RAM_END_ = __region_RAM2_end__
                0x00000000                m_interrupts_start = __region_ROM_start__
                0x000000bf                m_interrupts_end = ((m_interrupts_start + __vector_table_size__) - 0x1)
                0x00000400                m_flash_config_start = 0x400
                0x00000410                m_flash_config_end = 0x410
                0x00000800                m_sector_size = 0x800
                0x00000200                __size_cstack__ = DEFINED (__stack_size__)?__stack_size__:0x200
                0x00000000                __size_heap__ = DEFINED (__heap_size__)?__heap_size__:0x0
                0x0007f800                m_fsl_prodInfo_start = ((__region_ROM_end__ - m_sector_size) + 0x1)
                0x0007ffff                m_fsl_prodInfo_end = __region_ROM_end__
                0x0007f800                FREESCALE_PROD_DATA_BASE_ADDR = m_fsl_prodInfo_start
                0x00000800                NV_STORAGE_SECTOR_SIZE = m_sector_size
                0x00000004                NV_STORAGE_MAX_SECTORS = gNVMSectorCountLink_d
                0x0007f7ff                NV_STORAGE_START_ADDRESS = (m_fsl_prodInfo_start - 0x1)
                0x0007d800                NV_STORAGE_END_ADDRESS = ((NV_STORAGE_START_ADDRESS - (NV_STORAGE_MAX_SECTORS * NV_STORAGE_SECTOR_SIZE)) + 0x1)
                0x00000800                NV_STORAGE_SECTOR_SIZE_C = m_sector_size
                0x00000004                NV_STORAGE_MAX_SECTORS_C = gNVMSectorCountLink_d
                0x0007f7ff                NV_STORAGE_START_ADDRESS_C = (m_fsl_prodInfo_start - 0x1)
                0x0007d800                NV_STORAGE_END_ADDRESS_C = ((NV_STORAGE_START_ADDRESS_C - (NV_STORAGE_MAX_SECTORS_C * NV_STORAGE_SECTOR_SIZE_C)) + 0x1)
                0x00000000                m_text_start = m_interrupts_start
                0x0007d7ff                m_text_end = (NV_STORAGE_END_ADDRESS_C - 0x1)
                0x20000000                m_interrupts_ram_start = __region_RAM2_start__
                0x200000bf                m_interrupts_ram_end = ((m_interrupts_ram_start + __ram_vector_table_size__) - 0x1)
                0x20017fff                __CSTACK_end__ = __region_RAM2_end__
                0x20017dff                __CSTACK_start__ = (__CSTACK_end__ - __size_cstack__)
                0x20017dfe                __HEAP_end__ = (__CSTACK_start__ - 0x1)
                0x20017dfa                __HEAP_start__ = ((__HEAP_end__ - __size_heap__) - 0x4)
                0x1fff8000                m_data1_start = __region_RAM1_start__
                0x1fffffff                m_data1_end = __region_RAM1_end__
                0x20000000                m_data2_start = m_interrupts_ram_start
                0x20017df9                m_data2_end = (__HEAP_start__ - 0x1)
                0x000000c0                __RAM_VECTOR_TABLE_SIZE = __ram_vector_table_size__
                0x20017dea                __BOOT_STACK_ADDRESS = (m_data2_end - 0xf)

.interrupts     0x00000000       0xc0
                0x00000000                __VECTOR_TABLE = .
                0x00000000                . = ALIGN (0x4)
 *(SORT_BY_ALIGNMENT(.isr_vector))
 .isr_vector    0x00000000       0xc0 ./startup/startup_MKW41Z4.o
                0x00000000                __isr_vector
                0x000000c0                . = ALIGN (0x4)

.freescale_prod_data
                0x0007f800        0x0
                0x0007f800                . = ALIGN (0x4)
 *(SORT_BY_ALIGNMENT(.FREESCALE_PROD_DATA))
                0x0007f800                . = ALIGN (0x4)

.flash_config   0x00000400       0x10
                0x00000400                . = ALIGN (0x4)
 *(SORT_BY_ALIGNMENT(.FlashConfig))
 .FlashConfig   0x00000400       0x10 ./startup/startup_MKW41Z4.o
                0x00000410                . = ALIGN (0x4)

.text           0x00000420    0x1076c
                0x00000420                . = ALIGN (0x4)
 *(SORT_BY_ALIGNMENT(.text))
 .text          0x00000420       0x48 c:/nxp/mcuxpressoide_11.0.1_2563/ide/plugins/com.nxp.mcuxpresso.tools.win32_11.0.1.201907311258/tools/bin/../lib/gcc/arm-none-eabi/8.2.1/thumb/v6-m/nofp/crtbegin.o
 .text          0x00000468       0x78 c:/nxp/mcuxpressoide_11.0.1_2563/ide/plugins/com.nxp.mcuxpresso.tools.win32_11.0.1.201907311258/tools/bin/../lib/gcc/arm-none-eabi/8.2.1/../../../../arm-none-eabi/lib/thumb/v6-m/nofp/crt0.o
                0x00000468                _start
                0x00000468                _mainCRTStartup
 .text          0x000004e0       0xc0 ./startup/startup_MKW41Z4.o
                0x000004e0                Reset_Handler
                0x00000528                Radio_0_IRQHandler
                0x00000528                DMA0_DriverIRQHandler
                0x00000528                CMP0_IRQHandler
                0x00000528                DMA2_DriverIRQHandler
                0x00000528                TPM0_IRQHandler
                0x00000528                Radio_1_IRQHandler
                0x00000528                LLWU_IRQHandler
                0x00000528                TSI0_IRQHandler
                0x00000528                ADC0_IRQHandler
                0x00000528                CMT_IRQHandler
                0x00000528                LPTMR0_IRQHandler
                0x00000528                DefaultISR
                0x00000528                PORTB_PORTC_IRQHandler
                0x00000528                TPM2_IRQHandler
                0x00000528                RTC_IRQHandler
                0x00000528                LVD_LVW_DCDC_IRQHandler
                0x00000528                DMA3_DriverIRQHandler
                0x00000528                RTC_Seconds_IRQHandler
                0x00000528                MCG_IRQHandler
                0x00000528                TRNG0_IRQHandler
                0x00000528                Reserved20_IRQHandler
                0x00000528                LTC0_IRQHandler
                0x00000528                PIT_IRQHandler
                0x00000528                DMA1_DriverIRQHandler
                0x00000528                FTFA_IRQHandler
                0x00000528                PORTA_IRQHandler
                0x00000528                TPM1_IRQHandler
                0x00000528                DAC0_IRQHandler
                0x00000540                DMA0_IRQHandler
                0x00000544                DMA1_IRQHandler
                0x00000548                DMA2_IRQHandler
                0x0000054c                DMA3_IRQHandler
                0x00000550                I2C0_IRQHandler
                0x00000554                I2C1_IRQHandler
                0x00000558                SPI0_IRQHandler
                0x0000055c                LPUART0_IRQHandler
                0x00000560                SPI1_IRQHandler
 .text          0x000005a0       0x14 c:/nxp/mcuxpressoide_11.0.1_2563/ide/plugins/com.nxp.mcuxpresso.tools.win32_11.0.1.201907311258/tools/bin/../lib/gcc/arm-none-eabi/8.2.1/thumb/v6-m/nofp\libgcc.a(_thumb1_case_sqi.o)
                0x000005a0                __gnu_thumb1_case_sqi
 .text          0x000005b4       0x14 c:/nxp/mcuxpressoide_11.0.1_2563/ide/plugins/com.nxp.mcuxpresso.tools.win32_11.0.1.201907311258/tools/bin/../lib/gcc/arm-none-eabi/8.2.1/thumb/v6-m/nofp\libgcc.a(_thumb1_case_uqi.o)
                0x000005b4                __gnu_thumb1_case_uqi
 .text          0x000005c8       0x14 c:/nxp/mcuxpressoide_11.0.1_2563/ide/plugins/com.nxp.mcuxpresso.tools.win32_11.0.1.201907311258/tools/bin/../lib/gcc/arm-none-eabi/8.2.1/thumb/v6-m/nofp\libgcc.a(_thumb1_case_uhi.o)
                0x000005c8                __gnu_thumb1_case_uhi
 .text          0x000005dc      0x114 c:/nxp/mcuxpressoide_11.0.1_2563/ide/plugins/com.nxp.mcuxpresso.tools.win32_11.0.1.201907311258/tools/bin/../lib/gcc/arm-none-eabi/8.2.1/thumb/v6-m/nofp\libgcc.a(_udivsi3.o)
                0x000005dc                __aeabi_uidiv
                0x000005dc                __udivsi3
                0x000006e8                __aeabi_uidivmod
 .text          0x000006f0      0x1d4 c:/nxp/mcuxpressoide_11.0.1_2563/ide/plugins/com.nxp.mcuxpresso.tools.win32_11.0.1.201907311258/tools/bin/../lib/gcc/arm-none-eabi/8.2.1/thumb/v6-m/nofp\libgcc.a(_divsi3.o)
                0x000006f0                __divsi3
                0x000006f0                __aeabi_idiv
                0x000008bc                __aeabi_idivmod
 .text          0x000008c4        0x4 c:/nxp/mcuxpressoide_11.0.1_2563/ide/plugins/com.nxp.mcuxpresso.tools.win32_11.0.1.201907311258/tools/bin/../lib/gcc/arm-none-eabi/8.2.1/thumb/v6-m/nofp\libgcc.a(_dvmd_tls.o)
                0x000008c4                __aeabi_idiv0
                0x000008c4                __aeabi_ldiv0
 .text          0x000008c8       0x74 c:/nxp/mcuxpressoide_11.0.1_2563/ide/plugins/com.nxp.mcuxpresso.tools.win32_11.0.1.201907311258/tools/bin/../lib/gcc/arm-none-eabi/8.2.1/thumb/v6-m/nofp\libgcc.a(_arm_cmpsf2.o)
                0x000008c8                __aeabi_cfrcmple
                0x000008d0                __aeabi_cfcmpeq
                0x000008d0                __aeabi_cfcmple
                0x000008e0                __aeabi_fcmpeq
                0x000008ec                __aeabi_fcmplt
                0x00000900                __aeabi_fcmple
                0x00000914                __aeabi_fcmpgt
                0x00000928                __aeabi_fcmpge
 .text          0x0000093c       0x40 c:/nxp/mcuxpressoide_11.0.1_2563/ide/plugins/com.nxp.mcuxpresso.tools.win32_11.0.1.201907311258/tools/bin/../lib/gcc/arm-none-eabi/8.2.1/thumb/v6-m/nofp\libgcc.a(_aeabi_uldivmod.o)
                0x0000093c                __aeabi_uldivmod
 .text          0x0000097c       0x54 c:/nxp/mcuxpressoide_11.0.1_2563/ide/plugins/com.nxp.mcuxpresso.tools.win32_11.0.1.201907311258/tools/bin/../lib/gcc/arm-none-eabi/8.2.1/thumb/v6-m/nofp\libgcc.a(_muldi3.o)
                0x0000097c                __muldi3
                0x0000097c                __aeabi_lmul
 .text          0x000009d0       0x30 c:/nxp/mcuxpressoide_11.0.1_2563/ide/plugins/com.nxp.mcuxpresso.tools.win32_11.0.1.201907311258/tools/bin/../lib/gcc/arm-none-eabi/8.2.1/thumb/v6-m/nofp\libgcc.a(_fixunssfsi.o)
                0x000009d0                __fixunssfsi
                0x000009d0                __aeabi_f2uiz
 .text          0x00000a00      0x1a4 c:/nxp/mcuxpressoide_11.0.1_2563/ide/plugins/com.nxp.mcuxpresso.tools.win32_11.0.1.201907311258/tools/bin/../lib/gcc/arm-none-eabi/8.2.1/thumb/v6-m/nofp\libgcc.a(_udivmoddi4.o)
                0x00000a00                __udivmoddi4
 .text          0x00000ba4      0x2f8 c:/nxp/mcuxpressoide_11.0.1_2563/ide/plugins/com.nxp.mcuxpresso.tools.win32_11.0.1.201907311258/tools/bin/../lib/gcc/arm-none-eabi/8.2.1/thumb/v6-m/nofp\libgcc.a(addsf3.o)
                0x00000ba4                __aeabi_fadd
 .text          0x00000e9c      0x230 c:/nxp/mcuxpressoide_11.0.1_2563/ide/plugins/com.nxp.mcuxpresso.tools.win32_11.0.1.201907311258/tools/bin/../lib/gcc/arm-none-eabi/8.2.1/thumb/v6-m/nofp\libgcc.a(divsf3.o)
                0x00000e9c                __aeabi_fdiv
 .text          0x000010cc       0x50 c:/nxp/mcuxpressoide_11.0.1_2563/ide/plugins/com.nxp.mcuxpresso.tools.win32_11.0.1.201907311258/tools/bin/../lib/gcc/arm-none-eabi/8.2.1/thumb/v6-m/nofp\libgcc.a(eqsf2.o)
                0x000010cc                __eqsf2
                0x000010cc                __nesf2
 .text          0x0000111c       0x9c c:/nxp/mcuxpressoide_11.0.1_2563/ide/plugins/com.nxp.mcuxpresso.tools.win32_11.0.1.201907311258/tools/bin/../lib/gcc/arm-none-eabi/8.2.1/thumb/v6-m/nofp\libgcc.a(gesf2.o)
                0x0000111c                __gesf2
                0x0000111c                __gtsf2
 .text          0x000011b8       0x9c c:/nxp/mcuxpressoide_11.0.1_2563/ide/plugins/com.nxp.mcuxpresso.tools.win32_11.0.1.201907311258/tools/bin/../lib/gcc/arm-none-eabi/8.2.1/thumb/v6-m/nofp\libgcc.a(lesf2.o)
                0x000011b8                __ltsf2
                0x000011b8                __lesf2
 .text          0x00001254      0x22c c:/nxp/mcuxpressoide_11.0.1_2563/ide/plugins/com.nxp.mcuxpresso.tools.win32_11.0.1.201907311258/tools/bin/../lib/gcc/arm-none-eabi/8.2.1/thumb/v6-m/nofp\libgcc.a(mulsf3.o)
                0x00001254                __aeabi_fmul
 .text          0x00001480      0x34c c:/nxp/mcuxpressoide_11.0.1_2563/ide/plugins/com.nxp.mcuxpresso.tools.win32_11.0.1.201907311258/tools/bin/../lib/gcc/arm-none-eabi/8.2.1/thumb/v6-m/nofp\libgcc.a(subsf3.o)
                0x00001480                __aeabi_fsub
 .text          0x000017cc       0x40 c:/nxp/mcuxpressoide_11.0.1_2563/ide/plugins/com.nxp.mcuxpresso.tools.win32_11.0.1.201907311258/tools/bin/../lib/gcc/arm-none-eabi/8.2.1/thumb/v6-m/nofp\libgcc.a(fixsfsi.o)
                0x000017cc                __aeabi_f2iz
 .text          0x0000180c       0x94 c:/nxp/mcuxpressoide_11.0.1_2563/ide/plugins/com.nxp.mcuxpresso.tools.win32_11.0.1.201907311258/tools/bin/../lib/gcc/arm-none-eabi/8.2.1/thumb/v6-m/nofp\libgcc.a(floatsisf.o)
                0x0000180c                __aeabi_i2f
 .text          0x000018a0       0x80 c:/nxp/mcuxpressoide_11.0.1_2563/ide/plugins/com.nxp.mcuxpresso.tools.win32_11.0.1.201907311258/tools/bin/../lib/gcc/arm-none-eabi/8.2.1/thumb/v6-m/nofp\libgcc.a(floatunsisf.o)
                0x000018a0                __aeabi_ui2f
 .text          0x00001920       0x3c c:/nxp/mcuxpressoide_11.0.1_2563/ide/plugins/com.nxp.mcuxpresso.tools.win32_11.0.1.201907311258/tools/bin/../lib/gcc/arm-none-eabi/8.2.1/thumb/v6-m/nofp\libgcc.a(_clzsi2.o)
                0x00001920                __clzsi2
 .text          0x0000195c       0x18 c:/nxp/mcuxpressoide_11.0.1_2563/ide/plugins/com.nxp.mcuxpresso.tools.win32_11.0.1.201907311258/tools/bin/../lib/gcc/arm-none-eabi/8.2.1/thumb/v6-m/nofp\libgcc.a(_clzdi2.o)
                0x0000195c                __clzdi2
 .text          0x00001974       0x38 G:\Programming Projects\RealTime\RTOS_for_coursework\host_device\libs\lib_crypto_m0.a(SW_RNG.o)
                0x00001974                SecLib_set_rng_seed
                0x00001984                SecLib_get_random
 .text          0x000019ac      0x530 G:\Programming Projects\RealTime\RTOS_for_coursework\host_device\libs\lib802.15.4_mac_06_cm0.a(MacMain.o)
                0x000019ac                BindToMAC
                0x000019d8                UnBindFromMAC
                0x000019f4                MAC_EventSet
                0x00001a1e                Mac_Task
                0x00001b10                Mac_InitializeData
                0x00001bb4                Mac_RegisterSapHandlers
                0x00001bc6                PD_MAC_SapHandler
                0x00001be8                PLME_MAC_SapHandler
                0x00001bf0                NWK_MCPS_SapHandler
                0x00001c4c                NWK_MLME_SapHandler
                0x00001cf4                Mlme_VerifyNwkInput
                0x00001e00                Mac_GetState
                0x00001e68                Dumy_MCPS_NWK_SapHandler
                0x00001e6c                Dumy_MLME_NWK_SapHandler
                0x00001e76                Mac_SetTrxLowPowerMode
                0x00001eaa                Mac_SetTrxActiveMode
 .text          0x00001edc      0xc88 G:\Programming Projects\RealTime\RTOS_for_coursework\host_device\libs\lib802.15.4_mac_06_cm0.a(MacPib.o)
                0x00001edc                macInitPIBs
                0x000021e8                macVerifySetReq
                0x000022ec                mlmeGetSetReq
                0x00002874                mlmeGetSizeOfPIB
                0x000029c2                Mac_SetPhyPIBs
                0x00002af2                Mac_SetExtendedAddress
                0x00002b20                Mac_GetExtendedAddress
 .text          0x00002b64      0x5a0 G:\Programming Projects\RealTime\RTOS_for_coursework\host_device\libs\lib802.15.4_mac_06_cm0.a(MacStateMachine.o)
                0x00002b64                Mac_TransactionExpire
                0x00002b70                Mac_PhyMsgHandler
                0x00002c30                Mac_NwkMsgHandler
                0x00002e64                Mac_McpsDataReqHandle
 .text          0x00003104      0x290 G:\Programming Projects\RealTime\RTOS_for_coursework\host_device\libs\lib802.15.4_mac_06_cm0.a(Poll.o)
                0x00003104                Poll_VerifyParameters
                0x00003142                Poll_InitSeq
                0x000031aa                Poll_SendStatus
                0x000031e4                Poll_DataRx
                0x000032a0                Poll_SendConfirm
                0x00003338                Poll_Timeout
 .text          0x00003394       0xdc G:\Programming Projects\RealTime\RTOS_for_coursework\host_device\libs\lib802.15.4_mac_06_cm0.a(RxEnable.o)
                0x00003394                RxEnable_InitSeq
                0x000033ee                RxEnable_SetRx
                0x0000342e                RxEnable_Deactivate
 .text          0x00003470      0x670 G:\Programming Projects\RealTime\RTOS_for_coursework\host_device\libs\lib802.15.4_mac_06_cm0.a(Scan.o)
                0x00003470                Mac_ScanMsgHandler
                0x000034fe                Scan_StartFastEDScan
                0x00003530                Scan_StartEDScan
                0x000035a8                Scan_StartActivePassiveScan
                0x00003602                Scan_StartOrphanScan
                0x00003632                Scan_Advance
                0x00003654                Scan_StartTimer
                0x00003680                Scan_FastEdAcquire
                0x000036d6                Scan_EdAcquire
                0x0000372a                Scan_ActivePassiveAcquire
                0x00003868                Scan_OrphanAcquire
 .text          0x00003ae0      0x1b6 G:\Programming Projects\RealTime\RTOS_for_coursework\host_device\libs\lib802.15.4_mac_06_cm0.a(Start.o)
                0x00003ae0                Start_VerifyParameters
                0x00003ba0                Start_InitSeq
                0x00003be6                Start_SetPIBs
                0x00003c46                CoordRealignment_SendStatus
                0x00003c6e                Start_SeqTerminate
 *fill*         0x00003c96        0x2 
 .text          0x00003c98      0x3c6 G:\Programming Projects\RealTime\RTOS_for_coursework\host_device\libs\lib802.15.4_mac_06_cm0.a(Association.o)
                0x00003c98                Association_VerifyParameters
                0x00003ce8                Association_InitSeq
                0x00003d4c                Association_TriggerPoll
                0x00003d86                AssociationPoll_SendStatus
                0x00003e20                AssociationPoll_DataRx
                0x00003f20                AssociationReq_SendStatus
                0x00003fdc                AssociationRes_VerifyParameters
                0x00004010                AssociationRes_SendStatus
 *fill*         0x0000405e        0x2 
 .text          0x00004060      0x710 G:\Programming Projects\RealTime\RTOS_for_coursework\host_device\libs\lib802.15.4_mac_06_cm0.a(DataRx.o)
                0x00004060                Mac_PreProcessDataIndication
                0x000040ec                Mac_ProcessDataIndication
                0x0000430c                Mac_ProcessBeaconFrame
                0x000044c0                Mac_CreateMcpsDataInd
                0x00004572                Mac_CreateMlmeCommStatusInd
                0x00004614                Mac_CreateMlmeSyncLossInd
                0x0000466e                Mac_IsPanIdConflict
                0x000046cc                Mac_IsMyCoordinator
                0x0000471e                Mac_PostponeActiveSeq
 .text          0x00004770      0x5d8 G:\Programming Projects\RealTime\RTOS_for_coursework\host_device\libs\lib802.15.4_mac_06_cm0.a(DataTx.o)
                0x00004770                DataTx_VerifyParameters
                0x000047e6                DataTx_InitSeq
                0x000049d4                DataTx_SendData
                0x00004a08                DataTx_SendDataConfirm
                0x00004aa2                DataTx_SendEmptyFrame
                0x00004adc                DataTx_SendStatus
                0x00004c08                DataTx_CheckForExpirePackets
                0x00004c94                Mac_GetRandomBackoff
                0x00004cb4                DataTx_CsmaCaRetry
                0x00004cdc                DataTx_Backoff
                0x00004cee                DataTx_SendDataWithBackoff
                0x00004d3c                Mac_InitCsmaCaVariables
 .text          0x00004d48      0x10c G:\Programming Projects\RealTime\RTOS_for_coursework\host_device\libs\lib802.15.4_mac_06_cm0.a(Disassociation.o)
                0x00004d48                Disassociation_VerifyParameters
                0x00004dd2                Disassociation_InitSeq
                0x00004e14                Disassociation_SendStatus
 .text          0x00004e54      0xca4 G:\Programming Projects\RealTime\RTOS_for_coursework\host_device\libs\lib802.15.4_mac_06_cm0.a(MacFrames.o)
                0x00004e54                FrameBuild_AssociationRequest
                0x00004ebc                FrameBuild_AssociationResponse
                0x00004f3c                FrameBuild_DisassociationNotification
                0x00004fac                FrameBuild_DataRequest
                0x00005062                FrameBuild_PanIdConflictNotification
                0x00005094                FrameBuild_OrphanNotification
                0x000050c6                FrameBuild_BeaconRequest
                0x00005104                FrameBuild_CoordinatorRealignment
                0x00005230                FrameBuild_Beacon
                0x000053f0                FrameBuild_Data
                0x00005678                FrameBuild_ZeroLengthPayload
                0x00005740                Mac_GetMacHeader
                0x00005824                Mac_GetMaxMsduLength
                0x00005854                Mac_GetOverheadSize
                0x000058a0                FrameBuild_Command
                0x00005af4                addrModeFieldLengthTable
 .text          0x00005af8       0x4c G:\Programming Projects\RealTime\RTOS_for_coursework\host_device\libs\lib802.15.4_mac_06_cm0.a(MacMem.o)
                0x00005af8                Mac_MemAllocZero
                0x00005b18                FrameAlloc
 .text          0x00005b44      0xa28 G:\Programming Projects\RealTime\RTOS_for_coursework\host_device\libs\lib802.15.4_mac_06_cm0.a(MacSec.o)
                0x00005b7c                Sec_DetermineASHLength
                0x00005bac                keyIdModeToAshLengthTable
                0x00005d12                Sec_CheckBeaconSecurityParameters
                0x00005dd0                Sec_SecureTxFrame
                0x00005f88                Sec_CreateAuxSecHeader
                0x00006010                Sec_CheckRxSecLevel
                0x00006018                Sec_UnsecureRxFrame
 .text          0x0000656c       0x78 c:/nxp/mcuxpressoide_11.0.1_2563/ide/plugins/com.nxp.mcuxpresso.tools.win32_11.0.1.201907311258/tools/bin/../lib/gcc/arm-none-eabi/8.2.1/thumb/v6-m/nofp\libgcc.a(unaligned-funcs.o)
                0x0000656c                __aeabi_uread4
                0x00006584                __aeabi_uwrite4
                0x00006598                __aeabi_uread8
                0x000065c4                __aeabi_uwrite8
 .text          0x000065e4       0xce G:\Programming Projects\RealTime\RTOS_for_coursework\host_device\libs\lib802.15.4_mac_06_cm0.a(Orphan.o)
                0x000065e4                Orphan_VerifyParameters
                0x0000661c                Orphan_InitSeq
                0x0000665e                Orphan_SendStatus
 .text          0x000066b2      0x11c G:\Programming Projects\RealTime\RTOS_for_coursework\host_device\libs\lib802.15.4_mac_06_cm0.a(Reset.o)
                0x000066b2                mlmeResetReq
 .text          0x000067ce       0xfa G:\Programming Projects\RealTime\RTOS_for_coursework\host_device\libs\lib802.15.4_mac_06_cm0.a(MacSequenceMngr.o)
                0x000067ce                getFirstSequenceByChecksum
                0x000067e8                getLastSequenceByChecksum
                0x00006808                getSequenceByDestination
                0x00006832                getSequenceByMsduHandle
                0x00006852                createNewSeq
                0x00006868                getChecksum
                0x00006894                getFreeIndex
 .text          0x000068c8       0x68 G:\Programming Projects\RealTime\RTOS_for_coursework\host_device\libs\lib802.15.4_mac_06_cm0.a(SecurityLib.o)
                0x000068c8                AES_128_CCM_Star
 *(SORT_BY_ALIGNMENT(.text*))
 .text.vPortStartFirstTask
                0x00006930       0x34 ./freertos/port.o
 *fill*         0x00006964        0xc 
 .text.PendSV_Handler
                0x00006970       0x44 ./freertos/port.o
                0x00006970                PendSV_Handler
 .text.AckTimerCallback
                0x000069b4       0x50 ./source/mwa_coordinator.o
 .text.MLME_NWK_SapHandler
                0x00006a04       0x20 ./source/mwa_coordinator.o
                0x00006a04                MLME_NWK_SapHandler
 .text.MCPS_NWK_SapHandler
                0x00006a24       0x20 ./source/mwa_coordinator.o
                0x00006a24                MCPS_NWK_SapHandler
 .text.App_HandleKeys
                0x00006a44       0x28 ./source/mwa_coordinator.o
 .text.UartRxCallBack
                0x00006a6c       0x60 ./source/mwa_coordinator.o
 .text.App_init
                0x00006acc       0xb8 ./source/mwa_coordinator.o
                0x00006acc                App_init
 .text.AppThread
                0x00006b84      0x508 ./source/mwa_coordinator.o
                0x00006b84                AppThread
 .text.main_task
                0x0000708c       0x64 ./source/mwa_coordinator.o
                0x0000708c                main_task
 .text.HardFault_Handler
                0x000070f0       0x2c ./source/semihost_hardfault.o
                0x000070f0                HardFault_Handler
 .text.PhyIsrSeqCleanup
                0x0000711c       0x3c ./ieee_802.15.4/phy/source/MKW41Z/PhyISR.o
 .text.Phy_GetRxParams
                0x00007158       0x58 ./ieee_802.15.4/phy/source/MKW41Z/PhyISR.o
 .text.PHY_InterruptHandler
                0x000071b0      0x238 ./ieee_802.15.4/phy/source/MKW41Z/PhyISR.o
                0x000071b0                PHY_InterruptHandler
 .text.ProtectFromXcvrInterrupt
                0x000073e8       0x2c ./ieee_802.15.4/phy/source/MKW41Z/PhyISR.o
                0x000073e8                ProtectFromXcvrInterrupt
 .text.UnprotectFromXcvrInterrupt
                0x00007414       0x30 ./ieee_802.15.4/phy/source/MKW41Z/PhyISR.o
                0x00007414                UnprotectFromXcvrInterrupt
 .text.PhyIsrPassRxParams
                0x00007444        0xc ./ieee_802.15.4/phy/source/MKW41Z/PhyISR.o
                0x00007444                PhyIsrPassRxParams
 .text.Phy_GetEnergyLevel
                0x00007450       0x28 ./ieee_802.15.4/phy/source/MKW41Z/PhyISR.o
                0x00007450                Phy_GetEnergyLevel
 .text.PHY_InstallIsr
                0x00007478       0x3c ./ieee_802.15.4/phy/source/MKW41Z/PhyISR.o
                0x00007478                PHY_InstallIsr
 .text.PHY_ForceIrqPending
                0x000074b4       0x10 ./ieee_802.15.4/phy/source/MKW41Z/PhyISR.o
                0x000074b4                PHY_ForceIrqPending
 .text.PhyHwInit
                0x000074c4       0xcc ./ieee_802.15.4/phy/source/MKW41Z/PhyPacketProcessor.o
                0x000074c4                PhyHwInit
 .text.PhyAbort
                0x00007590       0x90 ./ieee_802.15.4/phy/source/MKW41Z/PhyPacketProcessor.o
                0x00007590                PhyAbort
 .text.PhyPpGetState
                0x00007620       0x10 ./ieee_802.15.4/phy/source/MKW41Z/PhyPacketProcessor.o
                0x00007620                PhyPpGetState
 .text.PhyPpSetPanId
                0x00007630       0x40 ./ieee_802.15.4/phy/source/MKW41Z/PhyPacketProcessor.o
                0x00007630                PhyPpSetPanId
 .text.PhyPpSetShortAddr
                0x00007670       0x40 ./ieee_802.15.4/phy/source/MKW41Z/PhyPacketProcessor.o
                0x00007670                PhyPpSetShortAddr
 .text.PhyPpSetLongAddr
                0x000076b0       0x38 ./ieee_802.15.4/phy/source/MKW41Z/PhyPacketProcessor.o
                0x000076b0                PhyPpSetLongAddr
 .text.PhyPpSetMacRole
                0x000076e8       0x3c ./ieee_802.15.4/phy/source/MKW41Z/PhyPacketProcessor.o
                0x000076e8                PhyPpSetMacRole
 .text.PhyPpSetPromiscuous
                0x00007724       0x38 ./ieee_802.15.4/phy/source/MKW41Z/PhyPacketProcessor.o
                0x00007724                PhyPpSetPromiscuous
 .text.PhyPp_IndirectQueueInsert
                0x0000775c       0x30 ./ieee_802.15.4/phy/source/MKW41Z/PhyPacketProcessor.o
                0x0000775c                PhyPp_IndirectQueueInsert
 .text.PhyPp_RemoveFromIndirect
                0x0000778c       0x28 ./ieee_802.15.4/phy/source/MKW41Z/PhyPacketProcessor.o
                0x0000778c                PhyPp_RemoveFromIndirect
 .text.PhyPpIsTxAckDataPending
                0x000077b4       0x20 ./ieee_802.15.4/phy/source/MKW41Z/PhyPacketProcessor.o
                0x000077b4                PhyPpIsTxAckDataPending
 .text.PhyPlmeSetPwrState
                0x000077d4       0x80 ./ieee_802.15.4/phy/source/MKW41Z/PhyPacketProcessor.o
                0x000077d4                PhyPlmeSetPwrState
 .text.PhyPdDataRequest
                0x00007854       0xf4 ./ieee_802.15.4/phy/source/MKW41Z/PhyPlmeData.o
                0x00007854                PhyPdDataRequest
 .text.PhyPlmeRxRequest
                0x00007948       0xd4 ./ieee_802.15.4/phy/source/MKW41Z/PhyPlmeData.o
                0x00007948                PhyPlmeRxRequest
 .text.PhyRxRetry
                0x00007a1c       0x48 ./ieee_802.15.4/phy/source/MKW41Z/PhyPlmeData.o
 .text.PhyPlmeCcaEdRequest
                0x00007a64       0x7c ./ieee_802.15.4/phy/source/MKW41Z/PhyPlmeData.o
                0x00007a64                PhyPlmeCcaEdRequest
 .text.PhyPlmeGetCurrentChannelRequest
                0x00007ae0       0x14 ./ieee_802.15.4/phy/source/MKW41Z/PhyPlmeData.o
                0x00007ae0                PhyPlmeGetCurrentChannelRequest
 .text.PhyPlmeSetPwrLevelRequest
                0x00007af4       0x38 ./ieee_802.15.4/phy/source/MKW41Z/PhyPlmeData.o
                0x00007af4                PhyPlmeSetPwrLevelRequest
 .text.PhyPlmeGetPwrLevelRequest
                0x00007b2c       0x14 ./ieee_802.15.4/phy/source/MKW41Z/PhyPlmeData.o
                0x00007b2c                PhyPlmeGetPwrLevelRequest
 .text.PhyPlmeSetCurrentChannelRequest
                0x00007b40       0x40 ./ieee_802.15.4/phy/source/MKW41Z/PhyPlmeData.o
                0x00007b40                PhyPlmeSetCurrentChannelRequest
 .text.PhyPlmeSetPIBRequest
                0x00007b80       0xd4 ./ieee_802.15.4/phy/source/MKW41Z/PhyPlmeData.o
                0x00007b80                PhyPlmeSetPIBRequest
 .text.PhyPlmeGetPIBRequest
                0x00007c54       0xe8 ./ieee_802.15.4/phy/source/MKW41Z/PhyPlmeData.o
                0x00007c54                PhyPlmeGetPIBRequest
 .text.PLME_SendMessage.constprop.7
                0x00007d3c       0x84 ./ieee_802.15.4/phy/source/MKW41Z/PhyStateMachine.o
 .text.PD_SendMessage.constprop.3
                0x00007dc0      0x128 ./ieee_802.15.4/phy/source/MKW41Z/PhyStateMachine.o
 .text.Phy_Init
                0x00007ee8       0x34 ./ieee_802.15.4/phy/source/MKW41Z/PhyStateMachine.o
                0x00007ee8                Phy_Init
 .text.Phy_RegisterSapHandlers
                0x00007f1c        0xc ./ieee_802.15.4/phy/source/MKW41Z/PhyStateMachine.o
                0x00007f1c                Phy_RegisterSapHandlers
 .text.MAC_PD_SapHandler
                0x00007f28       0x48 ./ieee_802.15.4/phy/source/MKW41Z/PhyStateMachine.o
                0x00007f28                MAC_PD_SapHandler
 .text.Phy_EnterIdle.constprop.6
                0x00007f70       0x58 ./ieee_802.15.4/phy/source/MKW41Z/PhyStateMachine.o
 .text.PhyPlmeSetFrameWaitTime
                0x00007fc8        0xc ./ieee_802.15.4/phy/source/MKW41Z/PhyStateMachine.o
                0x00007fc8                PhyPlmeSetFrameWaitTime
 .text.PhyPlmeSetRxOnWhenIdle
                0x00007fd4       0x44 ./ieee_802.15.4/phy/source/MKW41Z/PhyStateMachine.o
                0x00007fd4                PhyPlmeSetRxOnWhenIdle
 .text.PhyIsIdleRx
                0x00008018       0x24 ./ieee_802.15.4/phy/source/MKW41Z/PhyStateMachine.o
                0x00008018                PhyIsIdleRx
 .text.MAC_PLME_SapHandler
                0x0000803c       0xec ./ieee_802.15.4/phy/source/MKW41Z/PhyStateMachine.o
                0x0000803c                MAC_PLME_SapHandler
 .text.Radio_Phy_PdDataConfirm
                0x00008128       0x54 ./ieee_802.15.4/phy/source/MKW41Z/PhyStateMachine.o
                0x00008128                Radio_Phy_PdDataConfirm
 .text.Radio_Phy_PlmeCcaConfirm
                0x0000817c       0x1c ./ieee_802.15.4/phy/source/MKW41Z/PhyStateMachine.o
                0x0000817c                Radio_Phy_PlmeCcaConfirm
 .text.Radio_Phy_PlmeEdConfirm
                0x00008198       0x1c ./ieee_802.15.4/phy/source/MKW41Z/PhyStateMachine.o
                0x00008198                Radio_Phy_PlmeEdConfirm
 .text.Radio_Phy_TimeRxTimeoutIndication
                0x000081b4       0x18 ./ieee_802.15.4/phy/source/MKW41Z/PhyStateMachine.o
                0x000081b4                Radio_Phy_TimeRxTimeoutIndication
 .text.Radio_Phy_PlmeRxWatermark
                0x000081cc       0x68 ./ieee_802.15.4/phy/source/MKW41Z/PhyStateMachine.o
                0x000081cc                Radio_Phy_PlmeRxWatermark
 .text.Radio_Phy_PlmeFilterFailRx
                0x00008234       0x30 ./ieee_802.15.4/phy/source/MKW41Z/PhyStateMachine.o
                0x00008234                Radio_Phy_PlmeFilterFailRx
 .text.Radio_Phy_Notify
                0x00008264      0x1c0 ./ieee_802.15.4/phy/source/MKW41Z/PhyStateMachine.o
                0x00008264                Radio_Phy_Notify
 .text.PhyTime_OverflowCB
                0x00008424       0x40 ./ieee_802.15.4/phy/source/MKW41Z/PhyTime.o
 .text.PhyTimeSetEventTrigger
                0x00008464       0x40 ./ieee_802.15.4/phy/source/MKW41Z/PhyTime.o
                0x00008464                PhyTimeSetEventTrigger
 .text.PhyTimeDisableEventTrigger
                0x000084a4       0x38 ./ieee_802.15.4/phy/source/MKW41Z/PhyTime.o
                0x000084a4                PhyTimeDisableEventTrigger
 .text.PhyTimeSetEventTimeout
                0x000084dc       0x4c ./ieee_802.15.4/phy/source/MKW41Z/PhyTime.o
                0x000084dc                PhyTimeSetEventTimeout
 .text.PhyTimeGetEventTimeout
                0x00008528        0xc ./ieee_802.15.4/phy/source/MKW41Z/PhyTime.o
                0x00008528                PhyTimeGetEventTimeout
 .text.PhyTimeDisableEventTimeout
                0x00008534       0x3c ./ieee_802.15.4/phy/source/MKW41Z/PhyTime.o
                0x00008534                PhyTimeDisableEventTimeout
 .text.PhyTimeReadClock
                0x00008570       0x14 ./ieee_802.15.4/phy/source/MKW41Z/PhyTime.o
                0x00008570                PhyTimeReadClock
 .text.PhyTimeSetWaitTimeout
                0x00008584       0x40 ./ieee_802.15.4/phy/source/MKW41Z/PhyTime.o
                0x00008584                PhyTimeSetWaitTimeout
 .text.PhyTimeDisableWaitTimeout
                0x000085c4       0x30 ./ieee_802.15.4/phy/source/MKW41Z/PhyTime.o
                0x000085c4                PhyTimeDisableWaitTimeout
 .text.PhyTime_TimerInit
                0x000085f4       0x60 ./ieee_802.15.4/phy/source/MKW41Z/PhyTime.o
                0x000085f4                PhyTime_TimerInit
 .text.PhyTime_GetTimestamp
                0x00008654       0x68 ./ieee_802.15.4/phy/source/MKW41Z/PhyTime.o
                0x00008654                PhyTime_GetTimestamp
 .text.PhyTime_CancelEvent
                0x000086bc       0x54 ./ieee_802.15.4/phy/source/MKW41Z/PhyTime.o
                0x000086bc                PhyTime_CancelEvent
 .text.PhyTime_CancelEventsWithParam
                0x00008710       0x84 ./ieee_802.15.4/phy/source/MKW41Z/PhyTime.o
                0x00008710                PhyTime_CancelEventsWithParam
 .text.PhyTime_RunCallback
                0x00008794       0x44 ./ieee_802.15.4/phy/source/MKW41Z/PhyTime.o
                0x00008794                PhyTime_RunCallback
 .text.PhyTime_Maintenance
                0x000087d8       0xa8 ./ieee_802.15.4/phy/source/MKW41Z/PhyTime.o
                0x000087d8                PhyTime_Maintenance
 .text.PhyTime_ISR
                0x00008880       0x48 ./ieee_802.15.4/phy/source/MKW41Z/PhyTime.o
                0x00008880                PhyTime_ISR
 .text.PhyTime_ScheduleEvent
                0x000088c8       0x88 ./ieee_802.15.4/phy/source/MKW41Z/PhyTime.o
                0x000088c8                PhyTime_ScheduleEvent
 .text.MAC_Init
                0x00008950       0x50 ./ieee_802.15.4/mac/source/App/MacGlobals.o
                0x00008950                MAC_Init
 .text.xEventGroupSetBitsFromISR
                0x000089a0       0x14 ./freertos/event_groups.o
                0x000089a0                xEventGroupSetBitsFromISR
 .text.prvSetupTimerInterrupt
                0x000089b4       0x34 ./freertos/fsl_tickless_lptmr.o
                0x000089b4                prvSetupTimerInterrupt
 .text.prvInsertBlockIntoFreeList
                0x000089e8       0x48 ./freertos/heap_4.o
 .text.pvPortMalloc
                0x00008a30       0xfc ./freertos/heap_4.o
                0x00008a30                pvPortMalloc
 .text.vPortFree
                0x00008b2c       0x48 ./freertos/heap_4.o
                0x00008b2c                vPortFree
 .text.prvTaskExitError
                0x00008b74       0x14 ./freertos/port.o
 .text.pxPortInitialiseStack
                0x00008b88       0x20 ./freertos/port.o
                0x00008b88                pxPortInitialiseStack
 .text.xPortStartScheduler
                0x00008ba8       0x34 ./freertos/port.o
                0x00008ba8                xPortStartScheduler
 .text.vPortYield
                0x00008bdc       0x18 ./freertos/port.o
                0x00008bdc                vPortYield
 .text.vPortEnterCritical
                0x00008bf4       0x18 ./freertos/port.o
                0x00008bf4                vPortEnterCritical
 .text.vPortExitCritical
                0x00008c0c       0x1c ./freertos/port.o
                0x00008c0c                vPortExitCritical
 .text.SysTick_Handler
                0x00008c28       0x24 ./freertos/port.o
                0x00008c28                SysTick_Handler
 .text.vQueueAddToRegistry
                0x00008c4c       0x24 ./freertos/queue.o
                0x00008c4c                vQueueAddToRegistry
 .text.prvResetNextTaskUnblockTime
                0x00008c70       0x28 ./freertos/tasks.o
 .text.prvAddCurrentTaskToDelayedList
                0x00008c98       0x70 ./freertos/tasks.o
 .text.xTaskCreate
                0x00008d08      0x1a4 ./freertos/tasks.o
                0x00008d08                xTaskCreate
 .text.vTaskStartScheduler
                0x00008eac       0x5c ./freertos/tasks.o
                0x00008eac                vTaskStartScheduler
 .text.vTaskSuspendAll
                0x00008f08       0x10 ./freertos/tasks.o
                0x00008f08                vTaskSuspendAll
 .text.xTaskGetTickCount
                0x00008f18        0xc ./freertos/tasks.o
                0x00008f18                xTaskGetTickCount
 .text.xTaskIncrementTick
                0x00008f24       0xe8 ./freertos/tasks.o
                0x00008f24                xTaskIncrementTick
 .text.xTaskResumeAll
                0x0000900c       0xd0 ./freertos/tasks.o
                0x0000900c                xTaskResumeAll
 .text.prvIdleTask
                0x000090dc       0x68 ./freertos/tasks.o
 .text.vTaskSwitchContext
                0x00009144       0x6c ./freertos/tasks.o
                0x00009144                vTaskSwitchContext
 .text.vTaskPlaceOnEventList
                0x000091b0       0x24 ./freertos/tasks.o
                0x000091b0                vTaskPlaceOnEventList
 .text.vTaskPlaceOnUnorderedEventList
                0x000091d4       0x40 ./freertos/tasks.o
                0x000091d4                vTaskPlaceOnUnorderedEventList
 .text.vTaskPlaceOnEventListRestricted
                0x00009214       0x30 ./freertos/tasks.o
                0x00009214                vTaskPlaceOnEventListRestricted
 .text.xTaskRemoveFromEventList
                0x00009244       0x78 ./freertos/tasks.o
                0x00009244                xTaskRemoveFromEventList
 .text.xTaskRemoveFromUnorderedEventList
                0x000092bc       0x70 ./freertos/tasks.o
                0x000092bc                xTaskRemoveFromUnorderedEventList
 .text.vTaskSetTimeOutState
                0x0000932c       0x20 ./freertos/tasks.o
                0x0000932c                vTaskSetTimeOutState
 .text.xTaskCheckForTimeOut
                0x0000934c       0x60 ./freertos/tasks.o
                0x0000934c                xTaskCheckForTimeOut
 .text.vTaskMissedYield
                0x000093ac        0xc ./freertos/tasks.o
                0x000093ac                vTaskMissedYield
 .text.xTaskGetCurrentTaskHandle
                0x000093b8        0xc ./freertos/tasks.o
                0x000093b8                xTaskGetCurrentTaskHandle
 .text.xTaskGetSchedulerState
                0x000093c4       0x20 ./freertos/tasks.o
                0x000093c4                xTaskGetSchedulerState
 .text.vTaskPriorityInherit
                0x000093e4       0x6c ./freertos/tasks.o
                0x000093e4                vTaskPriorityInherit
 .text.xTaskPriorityDisinherit
                0x00009450       0x6c ./freertos/tasks.o
                0x00009450                xTaskPriorityDisinherit
 .text.uxTaskResetEventItemValue
                0x000094bc       0x18 ./freertos/tasks.o
                0x000094bc                uxTaskResetEventItemValue
 .text.pvTaskIncrementMutexHeldCount
                0x000094d4       0x18 ./freertos/tasks.o
                0x000094d4                pvTaskIncrementMutexHeldCount
 .text.prvCheckForValidListAndQueue
                0x000094ec       0x5c ./freertos/timers.o
 .text.prvInsertTimerInActiveList
                0x00009548       0x3c ./freertos/timers.o
 .text.xTimerCreateTimerTask
                0x00009584       0x3c ./freertos/timers.o
                0x00009584                xTimerCreateTimerTask
 .text.xTimerGenericCommand
                0x000095c0       0x4c ./freertos/timers.o
                0x000095c0                xTimerGenericCommand
 .text.prvSwitchTimerLists
                0x0000960c       0x64 ./freertos/timers.o
 .text.prvTimerTask
                0x00009670      0x18c ./freertos/timers.o
 .text.xTimerPendFunctionCallFromISR
                0x000097fc       0x28 ./freertos/timers.o
                0x000097fc                xTimerPendFunctionCallFromISR
 .text.XCVR_GetDefaultConfig
                0x00009824       0xcc ./framework/XCVR/MKW41Z4/fsl_xcvr.o
                0x00009824                XCVR_GetDefaultConfig
 .text.XcvrPanic
                0x000098f0       0x18 ./framework/XCVR/MKW41Z4/fsl_xcvr.o
                0x000098f0                XcvrPanic
 .text.XCVR_SetXtalTrim
                0x00009908       0x24 ./framework/XCVR/MKW41Z4/fsl_xcvr.o
                0x00009908                XCVR_SetXtalTrim
 .text.XCVR_OverrideChannel
                0x0000992c       0xbc ./framework/XCVR/MKW41Z4/fsl_xcvr.o
                0x0000992c                XCVR_OverrideChannel
 .text.XCVR_ForceRxWu
                0x000099e8       0x10 ./framework/XCVR/MKW41Z4/fsl_xcvr.o
                0x000099e8                XCVR_ForceRxWu
 .text.XCVR_ForceRxWd
                0x000099f8       0x10 ./framework/XCVR/MKW41Z4/fsl_xcvr.o
                0x000099f8                XCVR_ForceRxWd
 .text.XCVR_Configure
                0x00009a08      0x60c ./framework/XCVR/MKW41Z4/fsl_xcvr.o
                0x00009a08                XCVR_Configure
 .text.XCVR_Init
                0x0000a014       0xac ./framework/XCVR/MKW41Z4/fsl_xcvr.o
                0x0000a014                XCVR_Init
 .text.rx_dc_est_average
                0x0000a0c0       0xbc ./framework/XCVR/MKW41Z4/fsl_xcvr_trim.o
                0x0000a0c0                rx_dc_est_average
 .text.rx_bba_dcoc_dac_trim_DCest
                0x0000a17c      0x414 ./framework/XCVR/MKW41Z4/fsl_xcvr_trim.o
                0x0000a17c                rx_bba_dcoc_dac_trim_DCest
 .text.DCOC_DAC_INIT_Cal
                0x0000a590      0x2cc ./framework/XCVR/MKW41Z4/fsl_xcvr_trim.o
                0x0000a590                DCOC_DAC_INIT_Cal
 .text.read_resource_ifr
                0x0000a85c       0x60 ./framework/XCVR/MKW41Z4/ifr_radio.o
                0x0000a85c                read_resource_ifr
 .text.read_another_ifr_word
                0x0000a8bc       0x18 ./framework/XCVR/MKW41Z4/ifr_radio.o
                0x0000a8bc                read_another_ifr_word
 .text.handle_ifr
                0x0000a8d4       0x98 ./framework/XCVR/MKW41Z4/ifr_radio.o
                0x0000a8d4                handle_ifr
 .text.StackTimer_Init
                0x0000a96c       0x74 ./framework/TimersManager/Source/TMR_Adapter.o
                0x0000a96c                StackTimer_Init
 .text.StackTimer_Enable
                0x0000a9e0       0x18 ./framework/TimersManager/Source/TMR_Adapter.o
                0x0000a9e0                StackTimer_Enable
 .text.StackTimer_Disable
                0x0000a9f8       0x18 ./framework/TimersManager/Source/TMR_Adapter.o
                0x0000a9f8                StackTimer_Disable
 .text.StackTimer_GetCounterValue
                0x0000aa10        0xc ./framework/TimersManager/Source/TMR_Adapter.o
                0x0000aa10                StackTimer_GetCounterValue
 .text.StackTimer_SetOffsetTicks
                0x0000aa1c       0x14 ./framework/TimersManager/Source/TMR_Adapter.o
                0x0000aa1c                StackTimer_SetOffsetTicks
 .text.StackTimer_ClearIntFlag
                0x0000aa30        0xc ./framework/TimersManager/Source/TMR_Adapter.o
                0x0000aa30                StackTimer_ClearIntFlag
 .text.StackTimer_ISR
                0x0000aa3c       0x18 ./framework/TimersManager/Source/TimersManager.o
 .text.TMR_NotifyClkChanged
                0x0000aa54       0x40 ./framework/TimersManager/Source/TimersManager.o
                0x0000aa54                TMR_NotifyClkChanged
 .text.TMR_Init
                0x0000aa94       0x58 ./framework/TimersManager/Source/TimersManager.o
                0x0000aa94                TMR_Init
 .text.TMR_AllocateTimer
                0x0000aaec       0x20 ./framework/TimersManager/Source/TimersManager.o
                0x0000aaec                TMR_AllocateTimer
 .text.TMR_IsTimerActive
                0x0000ab0c       0x18 ./framework/TimersManager/Source/TimersManager.o
                0x0000ab0c                TMR_IsTimerActive
 .text.TMR_StopTimer
                0x0000ab24       0x7c ./framework/TimersManager/Source/TimersManager.o
                0x0000ab24                TMR_StopTimer
 .text.TMR_Task
                0x0000aba0      0x19c ./framework/TimersManager/Source/TimersManager.o
                0x0000aba0                TMR_Task
 .text.TMR_EnableTimer
                0x0000ad3c       0x50 ./framework/TimersManager/Source/TimersManager.o
                0x0000ad3c                TMR_EnableTimer
 .text.TMR_StartTimer
                0x0000ad8c       0x94 ./framework/TimersManager/Source/TimersManager.o
                0x0000ad8c                TMR_StartTimer
 .text.LPUART_ISR
                0x0000ae20       0xb8 ./framework/SerialManager/Source/UART_Adapter/UART_Adapter.o
 .text.LPUART_Initialize
                0x0000aed8       0x88 ./framework/SerialManager/Source/UART_Adapter/UART_Adapter.o
                0x0000aed8                LPUART_Initialize
 .text.LPUART_SetBaudrate
                0x0000af60       0x24 ./framework/SerialManager/Source/UART_Adapter/UART_Adapter.o
                0x0000af60                LPUART_SetBaudrate
 .text.LPUART_SendData
                0x0000af84       0x74 ./framework/SerialManager/Source/UART_Adapter/UART_Adapter.o
                0x0000af84                LPUART_SendData
 .text.LPUART_InstallRxCalback
                0x0000aff8       0x18 ./framework/SerialManager/Source/UART_Adapter/UART_Adapter.o
                0x0000aff8                LPUART_InstallRxCalback
 .text.LPUART_InstallTxCalback
                0x0000b010       0x18 ./framework/SerialManager/Source/UART_Adapter/UART_Adapter.o
                0x0000b010                LPUART_InstallTxCalback
 .text.LPUART_IsTxActive
                0x0000b028       0x2c ./framework/SerialManager/Source/UART_Adapter/UART_Adapter.o
                0x0000b028                LPUART_IsTxActive
 .text.Serial_WriteInternal
                0x0000b054       0x8c ./framework/SerialManager/Source/SerialManager.o
 .text.Serial_TxQueueMaintenance.part.0
                0x0000b0e0       0xa4 ./framework/SerialManager/Source/SerialManager.o
 .text.Serial_RxBufferByteCount.part.1
                0x0000b184       0x34 ./framework/SerialManager/Source/SerialManager.o
 .text.SerialManagerTask
                0x0000b1b8       0x9c ./framework/SerialManager/Source/SerialManager.o
                0x0000b1b8                SerialManagerTask
 .text.SerialManager_Init
                0x0000b254       0x5c ./framework/SerialManager/Source/SerialManager.o
                0x0000b254                SerialManager_Init
 .text.Serial_InitInterface
                0x0000b2b0       0xac ./framework/SerialManager/Source/SerialManager.o
                0x0000b2b0                Serial_InitInterface
 .text.Serial_AsyncWrite
                0x0000b35c       0xf4 ./framework/SerialManager/Source/SerialManager.o
                0x0000b35c                Serial_AsyncWrite
 .text.Serial_SyncWrite
                0x0000b450       0x8c ./framework/SerialManager/Source/SerialManager.o
                0x0000b450                Serial_SyncWrite
 .text.Serial_Read
                0x0000b4dc       0x78 ./framework/SerialManager/Source/SerialManager.o
                0x0000b4dc                Serial_Read
 .text.Serial_SetRxCallBack
                0x0000b554       0x18 ./framework/SerialManager/Source/SerialManager.o
                0x0000b554                Serial_SetRxCallBack
 .text.Serial_SetBaudRate
                0x0000b56c       0x30 ./framework/SerialManager/Source/SerialManager.o
                0x0000b56c                Serial_SetBaudRate
 .text.SerialManager_RxNotify
                0x0000b59c       0x78 ./framework/SerialManager/Source/SerialManager.o
                0x0000b59c                SerialManager_RxNotify
 .text.Serial_UartRxCb
                0x0000b614       0x28 ./framework/SerialManager/Source/SerialManager.o
 .text.SerialManager_TxNotify
                0x0000b63c       0x94 ./framework/SerialManager/Source/SerialManager.o
                0x0000b63c                SerialManager_TxNotify
 .text.SecLib_Init
                0x0000b6d0       0x2c ./framework/SecLib/SecLib.o
                0x0000b6d0                SecLib_Init
 .text.AES_128_CCM
                0x0000b6fc       0x94 ./framework/SecLib/SecLib.o
                0x0000b6fc                AES_128_CCM
 .text.TRNG_ISR
                0x0000b790       0x2c ./framework/RNG/Source/RNG.o
 .text.RNG_Init
                0x0000b7bc       0xa0 ./framework/RNG/Source/RNG.o
                0x0000b7bc                RNG_Init
 .text.osObjectIsAllocated.constprop.3
                0x0000b85c       0x24 ./framework/OSAbstraction/Source/fsl_os_abstraction_free_rtos.o
 .text.OSA_EventSet
                0x0000b880       0x64 ./framework/OSAbstraction/Source/fsl_os_abstraction_free_rtos.o
                0x0000b880                OSA_EventSet
 .text.OSA_SemaphorePost
                0x0000b8e4       0x4c ./framework/OSAbstraction/Source/fsl_os_abstraction_free_rtos.o
                0x0000b8e4                OSA_SemaphorePost
 .text.OSA_InterruptEnable
                0x0000b930       0x30 ./framework/OSAbstraction/Source/fsl_os_abstraction_free_rtos.o
                0x0000b930                OSA_InterruptEnable
 .text.OSA_InterruptDisable
                0x0000b960       0x34 ./framework/OSAbstraction/Source/fsl_os_abstraction_free_rtos.o
                0x0000b960                OSA_InterruptDisable
 .text.OSA_EventCreate
                0x0000b994       0x60 ./framework/OSAbstraction/Source/fsl_os_abstraction_free_rtos.o
                0x0000b994                OSA_EventCreate
 .text.startup.main
                0x0000b9f4       0x1c ./framework/OSAbstraction/Source/fsl_os_abstraction_free_rtos.o
                0x0000b9f4                main
 .text.MEM_Init
                0x0000ba10       0x6c ./framework/MemManager/Source/MemManager.o
                0x0000ba10                MEM_Init
 .text.MEM_BufferAllocWithId
                0x0000ba7c       0x64 ./framework/MemManager/Source/MemManager.o
                0x0000ba7c                MEM_BufferAllocWithId
 .text.MEM_BufferFree
                0x0000bae0       0x6c ./framework/MemManager/Source/MemManager.o
                0x0000bae0                MEM_BufferFree
 .text.LED_Init
                0x0000bb4c       0x20 ./framework/LED/Source/LED.o
                0x0000bb4c                LED_Init
 .text.LED_Operate
                0x0000bb6c       0x48 ./framework/LED/Source/LED.o
                0x0000bb6c                LED_Operate
 .text.LED_FlashTimeout
                0x0000bbb4       0x80 ./framework/LED/Source/LED.o
 .text.LED_StopFlash
                0x0000bc34       0x24 ./framework/LED/Source/LED.o
                0x0000bc34                LED_StopFlash
 .text.LED_StartFlashWithPeriod
                0x0000bc58       0x34 ./framework/LED/Source/LED.o
                0x0000bc58                LED_StartFlashWithPeriod
 .text.LED_StartBlip
                0x0000bc8c       0x28 ./framework/LED/Source/LED.o
                0x0000bc8c                LED_StartBlip
 .text.LED_StartSerialFlashWithPeriod
                0x0000bcb4       0x3c ./framework/LED/Source/LED.o
                0x0000bcb4                LED_StartSerialFlashWithPeriod
 .text.LED_StopSerialFlash
                0x0000bcf0       0x38 ./framework/LED/Source/LED.o
                0x0000bcf0                LED_StopSerialFlash
 .text.LED_SetLed
                0x0000bd28       0x70 ./framework/LED/Source/LED.o
                0x0000bd28                LED_SetLed
 .text.KeyScan  0x0000bd98      0x138 ./framework/Keyboard/Source/Keyboard.o
 .text.Switch_Press_ISR
                0x0000bed0       0x58 ./framework/Keyboard/Source/Keyboard.o
                0x0000bed0                Switch_Press_ISR
 .text.KBD_Init
                0x0000bf28       0x7c ./framework/Keyboard/Source/Keyboard.o
                0x0000bf28                KBD_Init
 .text.Gpio_CommonIsr
                0x0000bfa4       0x50 ./framework/GPIO/GPIO_Adapter.o
 .text.NVIC_SetPriority
                0x0000bff4       0x50 ./framework/GPIO/GPIO_Adapter.o
 .text.GpioSetPinMux
                0x0000c044       0x28 ./framework/GPIO/GPIO_Adapter.o
                0x0000c044                GpioSetPinMux
 .text.GpioClearPinIntFlag
                0x0000c06c       0x18 ./framework/GPIO/GPIO_Adapter.o
                0x0000c06c                GpioClearPinIntFlag
 .text.GpioIsPinIntPending
                0x0000c084       0x1c ./framework/GPIO/GPIO_Adapter.o
                0x0000c084                GpioIsPinIntPending
 .text.GpioSetPinOutput
                0x0000c0a0       0x18 ./framework/GPIO/GPIO_Adapter.o
                0x0000c0a0                GpioSetPinOutput
 .text.GpioClearPinOutput
                0x0000c0b8       0x18 ./framework/GPIO/GPIO_Adapter.o
                0x0000c0b8                GpioClearPinOutput
 .text.GpioTogglePinOutput
                0x0000c0d0       0x18 ./framework/GPIO/GPIO_Adapter.o
                0x0000c0d0                GpioTogglePinOutput
 .text.GpioReadPinInput
                0x0000c0e8       0x18 ./framework/GPIO/GPIO_Adapter.o
                0x0000c0e8                GpioReadPinInput
 .text.GpioInputPinInit
                0x0000c100       0x80 ./framework/GPIO/GPIO_Adapter.o
                0x0000c100                GpioInputPinInit
 .text.GpioOutputPinInit
                0x0000c180       0x74 ./framework/GPIO/GPIO_Adapter.o
                0x0000c180                GpioOutputPinInit
 .text.GpioInstallIsr
                0x0000c1f4      0x160 ./framework/GPIO/GPIO_Adapter.o
                0x0000c1f4                GpioInstallIsr
 .text.NV_ComputeCrcOverHWParameters
                0x0000c354       0x3c ./framework/Flash/Internal/Flash_Adapter.o
 .text.NV_ReadHWParameters
                0x0000c390       0x50 ./framework/Flash/Internal/Flash_Adapter.o
                0x0000c390                NV_ReadHWParameters
 .text.DCDC_GetOutputTargetsBuck
                0x0000c3e0       0x90 ./framework/DCDC/Source/DCDC.o
 .text.DCDC_MakeADCConversion
                0x0000c470       0x28 ./framework/DCDC/Source/DCDC.o
 .text.DCDC_Get1P8VOutputTargetAndVBatInmV
                0x0000c498       0x5c ./framework/DCDC/Source/DCDC.o
 .text.DCDC_AdjustVbatDiv.part.0
                0x0000c4f4       0x3c ./framework/DCDC/Source/DCDC.o
 .text.DCDC_VBatMonitorBuck
                0x0000c530      0x138 ./framework/DCDC/Source/DCDC.o
 .text.DCDC_mVToMcuVOutputTargetBoost
                0x0000c668       0x44 ./framework/DCDC/Source/DCDC.o
                0x0000c668                DCDC_mVToMcuVOutputTargetBoost
 .text.DCDC_GetOutputTargetsBoost
                0x0000c6ac       0xf4 ./framework/DCDC/Source/DCDC.o
 .text.DCDC_VBatMonitorBoost
                0x0000c7a0      0x130 ./framework/DCDC/Source/DCDC.o
 .text.DCDC_Init
                0x0000c8d0      0x18c ./framework/DCDC/Source/DCDC.o
                0x0000c8d0                DCDC_Init
 .text.ADC16_Init
                0x0000ca5c       0x8c ./drivers/fsl_adc16.o
                0x0000ca5c                ADC16_Init
 .text.CLOCK_GetMcgExtClkFreq
                0x0000cae8       0x20 ./drivers/fsl_clock.o
 .text.CLOCK_GetFllExtRefClkFreq
                0x0000cb08       0x40 ./drivers/fsl_clock.o
 .text.CLOCK_GetInternalRefClkSelectFreq
                0x0000cb48       0x28 ./drivers/fsl_clock.o
 .text.CLOCK_GetOsc0ErClkFreq
                0x0000cb70        0xc ./drivers/fsl_clock.o
                0x0000cb70                CLOCK_GetOsc0ErClkFreq
 .text.CLOCK_SetSimConfig
                0x0000cb7c       0x2c ./drivers/fsl_clock.o
                0x0000cb7c                CLOCK_SetSimConfig
 .text.CLOCK_GetFllFreq
                0x0000cba8       0x48 ./drivers/fsl_clock.o
                0x0000cba8                CLOCK_GetFllFreq
 .text.CLOCK_GetInternalRefClkFreq
                0x0000cbf0       0x18 ./drivers/fsl_clock.o
                0x0000cbf0                CLOCK_GetInternalRefClkFreq
 .text.CLOCK_SetExternalRefClkConfig
                0x0000cc08       0x34 ./drivers/fsl_clock.o
                0x0000cc08                CLOCK_SetExternalRefClkConfig
 .text.CLOCK_SetInternalRefClkConfig
                0x0000cc3c       0x74 ./drivers/fsl_clock.o
                0x0000cc3c                CLOCK_SetInternalRefClkConfig
 .text.CLOCK_InitOsc0
                0x0000ccb0       0x44 ./drivers/fsl_clock.o
                0x0000ccb0                CLOCK_InitOsc0
 .text.CLOCK_SetFeeMode
                0x0000ccf4       0x88 ./drivers/fsl_clock.o
                0x0000ccf4                CLOCK_SetFeeMode
 .text.InstallIRQHandler
                0x0000cd7c       0x50 ./drivers/fsl_common.o
                0x0000cd7c                InstallIRQHandler
 .text.DSPI_CommonIRQHandler
                0x0000cdcc       0x1c ./drivers/fsl_dspi.o
 .text.SPI0_DriverIRQHandler
                0x0000cde8       0x18 ./drivers/fsl_dspi.o
                0x0000cde8                SPI0_DriverIRQHandler
 .text.SPI1_DriverIRQHandler
                0x0000ce00       0x18 ./drivers/fsl_dspi.o
                0x0000ce00                SPI1_DriverIRQHandler
 .text.I2C_TransferCommonIRQHandler
                0x0000ce18       0x28 ./drivers/fsl_i2c.o
 .text.I2C0_DriverIRQHandler
                0x0000ce40       0x18 ./drivers/fsl_i2c.o
                0x0000ce40                I2C0_DriverIRQHandler
 .text.I2C1_DriverIRQHandler
                0x0000ce58       0x18 ./drivers/fsl_i2c.o
                0x0000ce58                I2C1_DriverIRQHandler
 .text.LPUART_Init
                0x0000ce70      0x158 ./drivers/fsl_lpuart.o
                0x0000ce70                LPUART_Init
 .text.LPUART_SetBaudRate
                0x0000cfc8       0xd0 ./drivers/fsl_lpuart.o
                0x0000cfc8                LPUART_SetBaudRate
 .text.LPUART_GetEnabledInterrupts
                0x0000d098       0x18 ./drivers/fsl_lpuart.o
                0x0000d098                LPUART_GetEnabledInterrupts
 .text.LPUART_ClearStatusFlags
                0x0000d0b0       0x44 ./drivers/fsl_lpuart.o
                0x0000d0b0                LPUART_ClearStatusFlags
 .text.LPUART0_DriverIRQHandler
                0x0000d0f4       0x1c ./drivers/fsl_lpuart.o
                0x0000d0f4                LPUART0_DriverIRQHandler
 .text.ltc_aes_ccm_process.part.2
                0x0000d110      0x33c ./drivers/fsl_ltc.o
 .text.LTC_Init
                0x0000d44c       0x14 ./drivers/fsl_ltc.o
                0x0000d44c                LTC_Init
 .text.LTC_AES_EncryptTagCcm
                0x0000d460       0x88 ./drivers/fsl_ltc.o
                0x0000d460                LTC_AES_EncryptTagCcm
 .text.LTC_AES_DecryptTagCcm
                0x0000d4e8       0xa4 ./drivers/fsl_ltc.o
                0x0000d4e8                LTC_AES_DecryptTagCcm
 .text.TPM_Init
                0x0000d58c       0xa8 ./drivers/fsl_tpm.o
                0x0000d58c                TPM_Init
 .text.TPM_SetupOutputCompare
                0x0000d634       0x40 ./drivers/fsl_tpm.o
                0x0000d634                TPM_SetupOutputCompare
 .text.trng_SetStatisticalCheckLimit
                0x0000d674      0x1a8 ./drivers/fsl_trng.o
 .text.TRNG_GetDefaultConfig
                0x0000d81c       0x7c ./drivers/fsl_trng.o
                0x0000d81c                TRNG_GetDefaultConfig
 .text.TRNG_Init
                0x0000d898      0x188 ./drivers/fsl_trng.o
                0x0000d898                TRNG_Init
 .text.NMI_Handler
                0x0000da20       0x20 ./board/board.o
                0x0000da20                NMI_Handler
 .text.BOARD_DCDCInit
                0x0000da40       0x10 ./board/board.o
                0x0000da40                BOARD_DCDCInit
 .text.hardware_init
                0x0000da50       0xd4 ./board/board.o
                0x0000da50                hardware_init
 .text.BOARD_GetLpuartClock
                0x0000db24       0x34 ./board/board.o
                0x0000db24                BOARD_GetLpuartClock
 .text.BOARD_GetTpmClock
                0x0000db58       0x34 ./board/board.o
                0x0000db58                BOARD_GetTpmClock
 .text.CLOCK_CONFIG_FllStableDelay
                0x0000db8c       0x14 ./board/clock_config.o
 .text.BOARD_RfOscInit
                0x0000dba0       0x7c ./board/clock_config.o
                0x0000dba0                BOARD_RfOscInit
 .text.BOARD_InitOsc0
                0x0000dc1c       0x20 ./board/clock_config.o
                0x0000dc1c                BOARD_InitOsc0
 .text.BOARD_BootClockRUN
                0x0000dc3c       0xec ./board/clock_config.o
                0x0000dc3c                BOARD_BootClockRUN
 .text.CLOCK_EnableClock
                0x0000dd28       0x14 ./board/pin_mux.o
 .text.BOARD_InitButtons
                0x0000dd3c       0x30 ./board/pin_mux.o
                0x0000dd3c                BOARD_InitButtons
 .text.BOARD_InitLEDs
                0x0000dd6c       0x68 ./board/pin_mux.o
                0x0000dd6c                BOARD_InitLEDs
 .text.BOARD_InitLPUART
                0x0000ddd4       0x44 ./board/pin_mux.o
                0x0000ddd4                BOARD_InitLPUART
 .text.SystemInit
                0x0000de18       0x10 ./CMSIS/system_MKW41Z4.o
                0x0000de18                SystemInit
 .text.roundf   0x0000de28       0x44 c:/nxp/mcuxpressoide_11.0.1_2563/ide/plugins/com.nxp.mcuxpresso.tools.win32_11.0.1.201907311258/tools/bin/../lib/gcc/arm-none-eabi/8.2.1/../../../../arm-none-eabi/lib/thumb/v6-m/nofp\libm.a(lib_a-sf_round.o)
                0x0000de28                roundf
 .text.exit     0x0000de6c       0x20 c:/nxp/mcuxpressoide_11.0.1_2563/ide/plugins/com.nxp.mcuxpresso.tools.win32_11.0.1.201907311258/tools/bin/../lib/gcc/arm-none-eabi/8.2.1/../../../../arm-none-eabi/lib/thumb/v6-m/nofp\libc.a(lib_a-exit.o)
                0x0000de6c                exit
 .text.__libc_init_array
                0x0000de8c       0x44 c:/nxp/mcuxpressoide_11.0.1_2563/ide/plugins/com.nxp.mcuxpresso.tools.win32_11.0.1.201907311258/tools/bin/../lib/gcc/arm-none-eabi/8.2.1/../../../../arm-none-eabi/lib/thumb/v6-m/nofp\libc.a(lib_a-init.o)
                0x0000de8c                __libc_init_array
 .text.memcpy   0x0000ded0       0xa4 c:/nxp/mcuxpressoide_11.0.1_2563/ide/plugins/com.nxp.mcuxpresso.tools.win32_11.0.1.201907311258/tools/bin/../lib/gcc/arm-none-eabi/8.2.1/../../../../arm-none-eabi/lib/thumb/v6-m/nofp\libc.a(lib_a-memcpy-stub.o)
                0x0000ded0                memcpy
 .text.memset   0x0000df74       0xa8 c:/nxp/mcuxpressoide_11.0.1_2563/ide/plugins/com.nxp.mcuxpresso.tools.win32_11.0.1.201907311258/tools/bin/../lib/gcc/arm-none-eabi/8.2.1/../../../../arm-none-eabi/lib/thumb/v6-m/nofp\libc.a(lib_a-memset.o)
                0x0000df74                memset
 .text.strlen   0x0000e01c       0x68 c:/nxp/mcuxpressoide_11.0.1_2563/ide/plugins/com.nxp.mcuxpresso.tools.win32_11.0.1.201907311258/tools/bin/../lib/gcc/arm-none-eabi/8.2.1/../../../../arm-none-eabi/lib/thumb/v6-m/nofp\libc.a(lib_a-strlen-stub.o)
                0x0000e01c                strlen
 .text.startup.register_fini
                0x0000e084       0x18 c:/nxp/mcuxpressoide_11.0.1_2563/ide/plugins/com.nxp.mcuxpresso.tools.win32_11.0.1.201907311258/tools/bin/../lib/gcc/arm-none-eabi/8.2.1/../../../../arm-none-eabi/lib/thumb/v6-m/nofp\libc.a(lib_a-__call_atexit.o)
 .text.__call_exitprocs
                0x0000e09c       0xd4 c:/nxp/mcuxpressoide_11.0.1_2563/ide/plugins/com.nxp.mcuxpresso.tools.win32_11.0.1.201907311258/tools/bin/../lib/gcc/arm-none-eabi/8.2.1/../../../../arm-none-eabi/lib/thumb/v6-m/nofp\libc.a(lib_a-__call_atexit.o)
                0x0000e09c                __call_exitprocs
 .text.atexit   0x0000e170       0x10 c:/nxp/mcuxpressoide_11.0.1_2563/ide/plugins/com.nxp.mcuxpresso.tools.win32_11.0.1.201907311258/tools/bin/../lib/gcc/arm-none-eabi/8.2.1/../../../../arm-none-eabi/lib/thumb/v6-m/nofp\libc.a(lib_a-atexit.o)
                0x0000e170                atexit
 .text.__libc_fini_array
                0x0000e180       0x28 c:/nxp/mcuxpressoide_11.0.1_2563/ide/plugins/com.nxp.mcuxpresso.tools.win32_11.0.1.201907311258/tools/bin/../lib/gcc/arm-none-eabi/8.2.1/../../../../arm-none-eabi/lib/thumb/v6-m/nofp\libc.a(lib_a-fini.o)
                0x0000e180                __libc_fini_array
 .text.__retarget_lock_acquire_recursive
                0x0000e1a8        0x4 c:/nxp/mcuxpressoide_11.0.1_2563/ide/plugins/com.nxp.mcuxpresso.tools.win32_11.0.1.201907311258/tools/bin/../lib/gcc/arm-none-eabi/8.2.1/../../../../arm-none-eabi/lib/thumb/v6-m/nofp\libc.a(lib_a-lock.o)
                0x0000e1a8                __retarget_lock_acquire_recursive
 .text.__retarget_lock_release_recursive
                0x0000e1ac        0x4 c:/nxp/mcuxpressoide_11.0.1_2563/ide/plugins/com.nxp.mcuxpresso.tools.win32_11.0.1.201907311258/tools/bin/../lib/gcc/arm-none-eabi/8.2.1/../../../../arm-none-eabi/lib/thumb/v6-m/nofp\libc.a(lib_a-lock.o)
                0x0000e1ac                __retarget_lock_release_recursive
 .text.__register_exitproc
                0x0000e1b0       0xc0 c:/nxp/mcuxpressoide_11.0.1_2563/ide/plugins/com.nxp.mcuxpresso.tools.win32_11.0.1.201907311258/tools/bin/../lib/gcc/arm-none-eabi/8.2.1/../../../../arm-none-eabi/lib/thumb/v6-m/nofp\libc.a(lib_a-__atexit.o)
                0x0000e1b0                __register_exitproc
 .text._exit    0x0000e270        0x4 c:/nxp/mcuxpressoide_11.0.1_2563/ide/plugins/com.nxp.mcuxpresso.tools.win32_11.0.1.201907311258/tools/bin/../lib/gcc/arm-none-eabi/8.2.1/../../../../arm-none-eabi/lib/thumb/v6-m/nofp\libnosys.a(_exit.o)
                0x0000e270                _exit
 .text.MPM_AcquirePAN
                0x0000e274        0x4 ./ieee_802.15.4/phy/source/MKW41Z/MPM.o
                0x0000e274                MPM_AcquirePAN
 .text.MPM_ReleasePAN
                0x0000e278        0x4 ./ieee_802.15.4/phy/source/MKW41Z/MPM.o
                0x0000e278                MPM_ReleasePAN
 .text.Phy_SendLatePD
                0x0000e27c        0xa ./ieee_802.15.4/phy/source/MKW41Z/PhyStateMachine.o
 .text.Phy_SendLatePLME
                0x0000e286        0xa ./ieee_802.15.4/phy/source/MKW41Z/PhyStateMachine.o
 .text.BindToPHY
                0x0000e290        0x4 ./ieee_802.15.4/phy/source/MKW41Z/PhyStateMachine.o
                0x0000e290                BindToPHY
 .text.Phy_SetSequenceTiming
                0x0000e294       0x54 ./ieee_802.15.4/phy/source/MKW41Z/PhyStateMachine.o
                0x0000e294                Phy_SetSequenceTiming
 .text.Radio_Phy_PdDataIndication
                0x0000e2e8        0xe ./ieee_802.15.4/phy/source/MKW41Z/PhyStateMachine.o
                0x0000e2e8                Radio_Phy_PdDataIndication
 .text.Radio_Phy_TimeWaitTimeoutIndication
                0x0000e2f6        0x8 ./ieee_802.15.4/phy/source/MKW41Z/PhyStateMachine.o
                0x0000e2f6                Radio_Phy_TimeWaitTimeoutIndication
 .text.Radio_Phy_TimeStartEventIndication
                0x0000e2fe        0x2 ./ieee_802.15.4/phy/source/MKW41Z/PhyStateMachine.o
                0x0000e2fe                Radio_Phy_TimeStartEventIndication
 .text.Radio_Phy_PlmeSyncLossIndication
                0x0000e300       0x10 ./ieee_802.15.4/phy/source/MKW41Z/PhyStateMachine.o
                0x0000e300                Radio_Phy_PlmeSyncLossIndication
 .text.MAC_Monitor
                0x0000e310        0x2 ./ieee_802.15.4/mac/source/App/FsciMacCommands.o
                0x0000e310                MAC_Monitor
 .text.xEventGroupCreate
                0x0000e312       0x18 ./freertos/event_groups.o
                0x0000e312                xEventGroupCreate
 .text.xEventGroupWaitBits
                0x0000e32a       0xce ./freertos/event_groups.o
                0x0000e32a                xEventGroupWaitBits
 .text.xEventGroupSetBits
                0x0000e3f8       0x78 ./freertos/event_groups.o
                0x0000e3f8                xEventGroupSetBits
 .text.vEventGroupSetBitsCallback
                0x0000e470        0x8 ./freertos/event_groups.o
                0x0000e470                vEventGroupSetBitsCallback
 .text.vListInitialise
                0x0000e478       0x16 ./freertos/list.o
                0x0000e478                vListInitialise
 .text.vListInitialiseItem
                0x0000e48e        0x6 ./freertos/list.o
                0x0000e48e                vListInitialiseItem
 .text.vListInsertEnd
                0x0000e494       0x18 ./freertos/list.o
                0x0000e494                vListInsertEnd
 .text.vListInsert
                0x0000e4ac       0x2e ./freertos/list.o
                0x0000e4ac                vListInsert
 .text.uxListRemove
                0x0000e4da       0x1e ./freertos/list.o
                0x0000e4da                uxListRemove
 .text.SVC_Handler
                0x0000e4f8        0x2 ./freertos/port.o
                0x0000e4f8                SVC_Handler
 .text.ulSetInterruptMaskFromISR
                0x0000e4fa        0xa ./freertos/port.o
                0x0000e4fa                ulSetInterruptMaskFromISR
 .text.vClearInterruptMaskFromISR
                0x0000e504        0x6 ./freertos/port.o
                0x0000e504                vClearInterruptMaskFromISR
 .text.prvCopyDataToQueue
                0x0000e50a       0x70 ./freertos/queue.o
 .text.prvCopyDataFromQueue
                0x0000e57a       0x24 ./freertos/queue.o
 .text.prvUnlockQueue
                0x0000e59e       0x6a ./freertos/queue.o
 .text.xQueueGenericReset
                0x0000e608       0x68 ./freertos/queue.o
                0x0000e608                xQueueGenericReset
 .text.xQueueGenericCreate
                0x0000e670       0x3e ./freertos/queue.o
                0x0000e670                xQueueGenericCreate
 .text.xQueueGetMutexHolder
                0x0000e6ae       0x1a ./freertos/queue.o
                0x0000e6ae                xQueueGetMutexHolder
 .text.xQueueCreateCountingSemaphore
                0x0000e6c8       0x24 ./freertos/queue.o
                0x0000e6c8                xQueueCreateCountingSemaphore
 .text.xQueueGenericSend
                0x0000e6ec      0x120 ./freertos/queue.o
                0x0000e6ec                xQueueGenericSend
 .text.xQueueCreateMutex
                0x0000e80c       0x38 ./freertos/queue.o
                0x0000e80c                xQueueCreateMutex
 .text.xQueueGenericSendFromISR
                0x0000e844       0x92 ./freertos/queue.o
                0x0000e844                xQueueGenericSendFromISR
 .text.xQueueGiveFromISR
                0x0000e8d6       0x78 ./freertos/queue.o
                0x0000e8d6                xQueueGiveFromISR
 .text.xQueueGenericReceive
                0x0000e94e      0x150 ./freertos/queue.o
                0x0000e94e                xQueueGenericReceive
 .text.vQueueWaitForMessageRestricted
                0x0000ea9e       0x4a ./freertos/queue.o
                0x0000ea9e                vQueueWaitForMessageRestricted
 .text.calc_dcoc_dac_step
                0x0000eae8       0x38 ./framework/XCVR/MKW41Z4/fsl_xcvr_trim.o
                0x0000eae8                calc_dcoc_dac_step
 .text.store_sw_trim
                0x0000eb20       0x22 ./framework/XCVR/MKW41Z4/ifr_radio.o
                0x0000eb20                store_sw_trim
 .text.StackTimer_GetInputFrequency
                0x0000eb42        0xc ./framework/TimersManager/Source/TMR_Adapter.o
                0x0000eb42                StackTimer_GetInputFrequency
 .text.TMR_StartLowPowerTimer
                0x0000eb4e       0x10 ./framework/TimersManager/Source/TimersManager.o
                0x0000eb4e                TMR_StartLowPowerTimer
 .text.TMR_StartIntervalTimer
                0x0000eb5e       0x10 ./framework/TimersManager/Source/TimersManager.o
                0x0000eb5e                TMR_StartIntervalTimer
 .text.Serial_SyncTxCallback
                0x0000eb6e        0xc ./framework/SerialManager/Source/SerialManager.o
 .text.Serial_RxBufferByteCount
                0x0000eb7a       0x18 ./framework/SerialManager/Source/SerialManager.o
                0x0000eb7a                Serial_RxBufferByteCount
 .text.Serial_UartTxCb
                0x0000eb92        0xa ./framework/SerialManager/Source/SerialManager.o
 .text.RNG_GetRandomNo.part.1
                0x0000eb9c       0x16 ./framework/RNG/Source/RNG.o
 .text.RNG_GetRandomNo
                0x0000ebb2        0xc ./framework/RNG/Source/RNG.o
                0x0000ebb2                RNG_GetRandomNo
 .text.panic    0x0000ebbe        0x2 ./framework/Panic/Source/Panic.o
                0x0000ebbe                panic
 .text.startup_task
                0x0000ebc0        0x8 ./framework/OSAbstraction/Source/fsl_os_abstraction_free_rtos.o
                0x0000ebc0                startup_task
 .text.OSA_TaskGetId
                0x0000ebc8        0x8 ./framework/OSAbstraction/Source/fsl_os_abstraction_free_rtos.o
                0x0000ebc8                OSA_TaskGetId
 .text.OSA_TaskCreate
                0x0000ebd0       0x2c ./framework/OSAbstraction/Source/fsl_os_abstraction_free_rtos.o
                0x0000ebd0                OSA_TaskCreate
 .text.OSA_SemaphoreCreate
                0x0000ebfc        0xc ./framework/OSAbstraction/Source/fsl_os_abstraction_free_rtos.o
                0x0000ebfc                OSA_SemaphoreCreate
 .text.OSA_SemaphoreWait
                0x0000ec08       0x32 ./framework/OSAbstraction/Source/fsl_os_abstraction_free_rtos.o
                0x0000ec08                OSA_SemaphoreWait
 .text.OSA_MutexCreate
                0x0000ec3a        0xa ./framework/OSAbstraction/Source/fsl_os_abstraction_free_rtos.o
                0x0000ec3a                OSA_MutexCreate
 .text.OSA_MutexLock
                0x0000ec44       0x42 ./framework/OSAbstraction/Source/fsl_os_abstraction_free_rtos.o
                0x0000ec44                OSA_MutexLock
 .text.OSA_MutexUnlock
                0x0000ec86       0x2e ./framework/OSAbstraction/Source/fsl_os_abstraction_free_rtos.o
                0x0000ec86                OSA_MutexUnlock
 .text.OSA_EventWait
                0x0000ecb4       0x42 ./framework/OSAbstraction/Source/fsl_os_abstraction_free_rtos.o
                0x0000ecb4                OSA_EventWait
 .text.OSA_InstallIntHandler
                0x0000ecf6        0xa ./framework/OSAbstraction/Source/fsl_os_abstraction_free_rtos.o
                0x0000ecf6                OSA_InstallIntHandler
 .text.ListAddTailMsg
                0x0000ed00        0xa ./framework/Messaging/Source/Messaging.o
                0x0000ed00                ListAddTailMsg
 .text.ListAddHeadMsg
                0x0000ed0a        0xa ./framework/Messaging/Source/Messaging.o
                0x0000ed0a                ListAddHeadMsg
 .text.ListRemoveHeadMsg
                0x0000ed14        0xe ./framework/Messaging/Source/Messaging.o
                0x0000ed14                ListRemoveHeadMsg
 .text.ListGetHeadMsg
                0x0000ed22       0x1a ./framework/Messaging/Source/Messaging.o
                0x0000ed22                ListGetHeadMsg
 .text.ListGetNextMsg
                0x0000ed3c       0x1c ./framework/Messaging/Source/Messaging.o
                0x0000ed3c                ListGetNextMsg
 .text.ListRemoveMsg
                0x0000ed58        0xa ./framework/Messaging/Source/Messaging.o
                0x0000ed58                ListRemoveMsg
 .text.ListInit
                0x0000ed62        0xc ./framework/Lists/GenericList.o
                0x0000ed62                ListInit
 .text.ListAddTail
                0x0000ed6e       0x40 ./framework/Lists/GenericList.o
                0x0000ed6e                ListAddTail
 .text.ListAddHead
                0x0000edae       0x40 ./framework/Lists/GenericList.o
                0x0000edae                ListAddHead
 .text.ListRemoveHead
                0x0000edee       0x3c ./framework/Lists/GenericList.o
                0x0000edee                ListRemoveHead
 .text.ListRemoveElement
                0x0000ee2a       0x42 ./framework/Lists/GenericList.o
                0x0000ee2a                ListRemoveElement
 .text.ListGetSize
                0x0000ee6c        0x4 ./framework/Lists/GenericList.o
                0x0000ee6c                ListGetSize
 .text.LED_GpioSet
                0x0000ee70       0x20 ./framework/LED/Source/LED.o
 .text.LED_TurnOnLed
                0x0000ee90        0xa ./framework/LED/Source/LED.o
                0x0000ee90                LED_TurnOnLed
 .text.LED_TurnOffLed
                0x0000ee9a        0xa ./framework/LED/Source/LED.o
                0x0000ee9a                LED_TurnOffLed
 .text.LED_ToggleLed
                0x0000eea4        0xa ./framework/LED/Source/LED.o
                0x0000eea4                LED_ToggleLed
 .text.LED_TurnOffAllLeds
                0x0000eeae        0xa ./framework/LED/Source/LED.o
                0x0000eeae                LED_TurnOffAllLeds
 .text.LED_StopFlashingAllLeds
                0x0000eeb8        0xc ./framework/LED/Source/LED.o
                0x0000eeb8                LED_StopFlashingAllLeds
 .text.FLib_MemCpy
                0x0000eec4       0x12 ./framework/FunctionLib/FunctionLib.o
                0x0000eec4                FLib_MemCpy
 .text.FLib_MemCpyReverseOrder
                0x0000eed6       0x1a ./framework/FunctionLib/FunctionLib.o
                0x0000eed6                FLib_MemCpyReverseOrder
 .text.FLib_MemCmp
                0x0000eef0       0x1c ./framework/FunctionLib/FunctionLib.o
                0x0000eef0                FLib_MemCmp
 .text.FLib_MemSet
                0x0000ef0c        0xc ./framework/FunctionLib/FunctionLib.o
                0x0000ef0c                FLib_MemSet
 .text.ADC16_SetChannelMuxMode
                0x0000ef18       0x14 ./drivers/fsl_adc16.o
                0x0000ef18                ADC16_SetChannelMuxMode
 .text.ADC16_SetHardwareCompareConfig
                0x0000ef2c       0x36 ./drivers/fsl_adc16.o
                0x0000ef2c                ADC16_SetHardwareCompareConfig
 .text.ADC16_SetHardwareAverage
                0x0000ef62       0x18 ./drivers/fsl_adc16.o
                0x0000ef62                ADC16_SetHardwareAverage
 .text.ADC16_GetStatusFlags
                0x0000ef7a       0x14 ./drivers/fsl_adc16.o
                0x0000ef7a                ADC16_GetStatusFlags
 .text.ADC16_DoAutoCalibration
                0x0000ef8e       0xac ./drivers/fsl_adc16.o
                0x0000ef8e                ADC16_DoAutoCalibration
 .text.ADC16_SetChannelConfig
                0x0000f03a       0x22 ./drivers/fsl_adc16.o
                0x0000f03a                ADC16_SetChannelConfig
 .text.ADC16_GetChannelStatusFlags
                0x0000f05c        0xe ./drivers/fsl_adc16.o
                0x0000f05c                ADC16_GetChannelStatusFlags
 .text.CLOCK_BootToFeeMode
                0x0000f06a       0x1a ./drivers/fsl_clock.o
                0x0000f06a                CLOCK_BootToFeeMode
 .text.GPIO_PinInit
                0x0000f084       0x26 ./drivers/fsl_gpio.o
                0x0000f084                GPIO_PinInit
 .text.LPUART_GetDefaultConfig
                0x0000f0aa        0xe ./drivers/fsl_lpuart.o
                0x0000f0aa                LPUART_GetDefaultConfig
 .text.LPUART_EnableInterrupts
                0x0000f0b8       0x1c ./drivers/fsl_lpuart.o
                0x0000f0b8                LPUART_EnableInterrupts
 .text.LPUART_DisableInterrupts
                0x0000f0d4       0x1c ./drivers/fsl_lpuart.o
                0x0000f0d4                LPUART_DisableInterrupts
 .text.LPUART_GetStatusFlags
                0x0000f0f0        0x4 ./drivers/fsl_lpuart.o
                0x0000f0f0                LPUART_GetStatusFlags
 .text.ltc_move_block_to_ififo
                0x0000f0f4       0x38 ./drivers/fsl_ltc.o
 .text.ltc_get_word_from_unaligned
                0x0000f12c       0x20 ./drivers/fsl_ltc.o
 .text.ltc_set_key
                0x0000f14c       0x26 ./drivers/fsl_ltc.o
 .text.ltc_set_unaligned_from_word
                0x0000f172       0x18 ./drivers/fsl_ltc.o
 .text.ltc_wait
                0x0000f18a       0x2a ./drivers/fsl_ltc.o
                0x0000f18a                ltc_wait
 .text.ltc_memcpy
                0x0000f1b4       0x12 ./drivers/fsl_ltc.o
                0x0000f1b4                ltc_memcpy
 .text.ltc_move_to_ififo
                0x0000f1c6       0x50 ./drivers/fsl_ltc.o
 .text.ltc_set_context
                0x0000f216       0x5e ./drivers/fsl_ltc.o
                0x0000f216                ltc_set_context
 .text.ltc_get_context
                0x0000f274       0x5e ./drivers/fsl_ltc.o
                0x0000f274                ltc_get_context
 .text.ltc_symmetric_process
                0x0000f2d2       0xac ./drivers/fsl_ltc.o
                0x0000f2d2                ltc_symmetric_process
 .text.ltc_symmetric_process_data
                0x0000f37e       0x4e ./drivers/fsl_ltc.o
                0x0000f37e                ltc_symmetric_process_data
 .text.TPM_EnableInterrupts
                0x0000f3cc       0x32 ./drivers/fsl_tpm.o
                0x0000f3cc                TPM_EnableInterrupts
 .text.TRNG_GetRandomData
                0x0000f3fe       0x7c ./drivers/fsl_trng.o
                0x0000f3fe                TRNG_GetRandomData
 *(SORT_BY_ALIGNMENT(.rodata))
 *fill*         0x0000f47a        0x2 
 .rodata        0x0000f47c       0x18 ./framework/XCVR/MKW41Z4/fsl_xcvr.o
 .rodata        0x0000f494       0xac c:/nxp/mcuxpressoide_11.0.1_2563/ide/plugins/com.nxp.mcuxpresso.tools.win32_11.0.1.201907311258/tools/bin/../lib/gcc/arm-none-eabi/8.2.1/thumb/v6-m/nofp\libgcc.a(divsf3.o)
 .rodata        0x0000f540       0x40 c:/nxp/mcuxpressoide_11.0.1_2563/ide/plugins/com.nxp.mcuxpresso.tools.win32_11.0.1.201907311258/tools/bin/../lib/gcc/arm-none-eabi/8.2.1/thumb/v6-m/nofp\libgcc.a(mulsf3.o)
 .rodata        0x0000f580       0x60 G:\Programming Projects\RealTime\RTOS_for_coursework\host_device\libs\lib802.15.4_mac_06_cm0.a(MacPib.o)
 .rodata        0x0000f5e0       0x1c G:\Programming Projects\RealTime\RTOS_for_coursework\host_device\libs\lib802.15.4_mac_06_cm0.a(MacVersion.o)
 .rodata        0x0000f5fc        0x2 G:\Programming Projects\RealTime\RTOS_for_coursework\host_device\libs\lib802.15.4_mac_06_cm0.a(MacMain.o)
                0x0000f5fc                gMacLocalDataSize
 *(SORT_BY_ALIGNMENT(.rodata*))
 *fill*         0x0000f5fe        0x2 
 .rodata.mExtendedAddress
                0x0000f600        0x8 ./source/mwa_coordinator.o
 .rodata.ant_mode_config
                0x0000f608       0x48 ./framework/XCVR/MKW41Z4/cfgs_kw4x_3x_2x/fsl_xcvr_ant_config.o
                0x0000f608                ant_mode_config
 .rodata.xcvr_ANT_1mbps_config
                0x0000f650       0x70 ./framework/XCVR/MKW41Z4/cfgs_kw4x_3x_2x/fsl_xcvr_ant_config.o
                0x0000f650                xcvr_ANT_1mbps_config
 .rodata.ble_mode_config
                0x0000f6c0       0x48 ./framework/XCVR/MKW41Z4/cfgs_kw4x_3x_2x/fsl_xcvr_ble_config.o
                0x0000f6c0                ble_mode_config
 .rodata.xcvr_BLE_1mbps_config
                0x0000f708       0x70 ./framework/XCVR/MKW41Z4/cfgs_kw4x_3x_2x/fsl_xcvr_ble_config.o
                0x0000f708                xcvr_BLE_1mbps_config
 .rodata.xcvr_common_config
                0x0000f778      0x23c ./framework/XCVR/MKW41Z4/cfgs_kw4x_3x_2x/fsl_xcvr_common_config.o