board.c:418:6:BOARD_SetPinsLowPower.part.0	24	static
board.c:376:17:ADC16_ReadValue.constprop	24	static
board.c:218:6:NMI_Handler	8	static
board.c:225:6:BOARD_InitAdc	24	static
board.c:237:9:BOARD_GetBatteryLevel	16	static
board.c:251:10:BOARD_GetPotentiometerLevel	16	static
board.c:259:9:BOARD_GetTemperature	16	static
board.c:286:6:BOARD_DCDCInit	8	static
board.c:171:6:hardware_init	16	static
board.c:295:6:BOARD_GetMCUUid	24	static
board.c:410:6:BOARD_InstallLowPowerCallbacks	0	static
board.c:418:6:BOARD_SetPinsLowPower	16	static
board.c:442:6:BOARD_EnterLowPowerCb	8	static
board.c:455:6:BOARD_ExitLowPowerCb	8	static
board.c:467:10:BOARD_GetLpuartClock	8	static
board.c:493:10:BOARD_GetTpmClock	8	static
board.c:519:10:BOARD_GetSpiClock	8	static
board.c:525:10:BOARD_GetI2cClock	8	static
board.c:543:6:BOARD_BLPEtoBLPI	0	static
board.c:547:6:BOARD_BLPItoBLPE	0	static
