Archive member included to satisfy reference by file (symbol)

c:/nxp/mcuxpressoide_11.0.1_2563/ide/plugins/com.nxp.mcuxpresso.tools.win32_11.0.1.201907311258/tools/bin/../lib/gcc/arm-none-eabi/8.2.1/../../../../arm-none-eabi/lib/thumb/v6-m/nofp\libm.a(lib_a-s_round.o)
                              ./framework/XCVR/MKW41Z4/fsl_xcvr.o (round)
c:/nxp/mcuxpressoide_11.0.1_2563/ide/plugins/com.nxp.mcuxpresso.tools.win32_11.0.1.201907311258/tools/bin/../lib/gcc/arm-none-eabi/8.2.1/../../../../arm-none-eabi/lib/thumb/v6-m/nofp\libm.a(lib_a-s_trunc.o)
                              ./framework/XCVR/MKW41Z4/fsl_xcvr.o (trunc)
c:/nxp/mcuxpressoide_11.0.1_2563/ide/plugins/com.nxp.mcuxpresso.tools.win32_11.0.1.201907311258/tools/bin/../lib/gcc/arm-none-eabi/8.2.1/../../../../arm-none-eabi/lib/thumb/v6-m/nofp\libm.a(lib_a-sf_round.o)
                              ./framework/XCVR/MKW41Z4/fsl_xcvr_trim.o (roundf)
c:/nxp/mcuxpressoide_11.0.1_2563/ide/plugins/com.nxp.mcuxpresso.tools.win32_11.0.1.201907311258/tools/bin/../lib/gcc/arm-none-eabi/8.2.1/../../../../arm-none-eabi/lib/thumb/v6-m/nofp\libc.a(lib_a-exit.o)
                              c:/nxp/mcuxpressoide_11.0.1_2563/ide/plugins/com.nxp.mcuxpresso.tools.win32_11.0.1.201907311258/tools/bin/../lib/gcc/arm-none-eabi/8.2.1/../../../../arm-none-eabi/lib/thumb/v6-m/nofp/crt0.o (exit)
c:/nxp/mcuxpressoide_11.0.1_2563/ide/plugins/com.nxp.mcuxpresso.tools.win32_11.0.1.201907311258/tools/bin/../lib/gcc/arm-none-eabi/8.2.1/../../../../arm-none-eabi/lib/thumb/v6-m/nofp\libc.a(lib_a-impure.o)
                              c:/nxp/mcuxpressoide_11.0.1_2563/ide/plugins/com.nxp.mcuxpresso.tools.win32_11.0.1.201907311258/tools/bin/../lib/gcc/arm-none-eabi/8.2.1/../../../../arm-none-eabi/lib/thumb/v6-m/nofp\libc.a(lib_a-exit.o) (_global_impure_ptr)
c:/nxp/mcuxpressoide_11.0.1_2563/ide/plugins/com.nxp.mcuxpresso.tools.win32_11.0.1.201907311258/tools/bin/../lib/gcc/arm-none-eabi/8.2.1/../../../../arm-none-eabi/lib/thumb/v6-m/nofp\libc.a(lib_a-init.o)
                              c:/nxp/mcuxpressoide_11.0.1_2563/ide/plugins/com.nxp.mcuxpresso.tools.win32_11.0.1.201907311258/tools/bin/../lib/gcc/arm-none-eabi/8.2.1/../../../../arm-none-eabi/lib/thumb/v6-m/nofp/crt0.o (__libc_init_array)
c:/nxp/mcuxpressoide_11.0.1_2563/ide/plugins/com.nxp.mcuxpresso.tools.win32_11.0.1.201907311258/tools/bin/../lib/gcc/arm-none-eabi/8.2.1/../../../../arm-none-eabi/lib/thumb/v6-m/nofp\libc.a(lib_a-memcpy-stub.o)
                              ./source/mwa_end_device.o (memcpy)
c:/nxp/mcuxpressoide_11.0.1_2563/ide/plugins/com.nxp.mcuxpresso.tools.win32_11.0.1.201907311258/tools/bin/../lib/gcc/arm-none-eabi/8.2.1/../../../../arm-none-eabi/lib/thumb/v6-m/nofp\libc.a(lib_a-memset.o)
                              c:/nxp/mcuxpressoide_11.0.1_2563/ide/plugins/com.nxp.mcuxpresso.tools.win32_11.0.1.201907311258/tools/bin/../lib/gcc/arm-none-eabi/8.2.1/../../../../arm-none-eabi/lib/thumb/v6-m/nofp/crt0.o (memset)
c:/nxp/mcuxpressoide_11.0.1_2563/ide/plugins/com.nxp.mcuxpresso.tools.win32_11.0.1.201907311258/tools/bin/../lib/gcc/arm-none-eabi/8.2.1/../../../../arm-none-eabi/lib/thumb/v6-m/nofp\libc.a(lib_a-strlen-stub.o)
                              ./framework/SerialManager/Source/SerialManager.o (strlen)
c:/nxp/mcuxpressoide_11.0.1_2563/ide/plugins/com.nxp.mcuxpresso.tools.win32_11.0.1.201907311258/tools/bin/../lib/gcc/arm-none-eabi/8.2.1/../../../../arm-none-eabi/lib/thumb/v6-m/nofp\libc.a(lib_a-__call_atexit.o)
                              c:/nxp/mcuxpressoide_11.0.1_2563/ide/plugins/com.nxp.mcuxpresso.tools.win32_11.0.1.201907311258/tools/bin/../lib/gcc/arm-none-eabi/8.2.1/../../../../arm-none-eabi/lib/thumb/v6-m/nofp\libc.a(lib_a-exit.o) (__call_exitprocs)
c:/nxp/mcuxpressoide_11.0.1_2563/ide/plugins/com.nxp.mcuxpresso.tools.win32_11.0.1.201907311258/tools/bin/../lib/gcc/arm-none-eabi/8.2.1/../../../../arm-none-eabi/lib/thumb/v6-m/nofp\libc.a(lib_a-atexit.o)
                              c:/nxp/mcuxpressoide_11.0.1_2563/ide/plugins/com.nxp.mcuxpresso.tools.win32_11.0.1.201907311258/tools/bin/../lib/gcc/arm-none-eabi/8.2.1/../../../../arm-none-eabi/lib/thumb/v6-m/nofp\libc.a(lib_a-__call_atexit.o) (atexit)
c:/nxp/mcuxpressoide_11.0.1_2563/ide/plugins/com.nxp.mcuxpresso.tools.win32_11.0.1.201907311258/tools/bin/../lib/gcc/arm-none-eabi/8.2.1/../../../../arm-none-eabi/lib/thumb/v6-m/nofp\libc.a(lib_a-fini.o)
                              c:/nxp/mcuxpressoide_11.0.1_2563/ide/plugins/com.nxp.mcuxpresso.tools.win32_11.0.1.201907311258/tools/bin/../lib/gcc/arm-none-eabi/8.2.1/../../../../arm-none-eabi/lib/thumb/v6-m/nofp\libc.a(lib_a-__call_atexit.o) (__libc_fini_array)
c:/nxp/mcuxpressoide_11.0.1_2563/ide/plugins/com.nxp.mcuxpresso.tools.win32_11.0.1.201907311258/tools/bin/../lib/gcc/arm-none-eabi/8.2.1/../../../../arm-none-eabi/lib/thumb/v6-m/nofp\libc.a(lib_a-lock.o)
[...]
Memory Configuration

Name             Origin             Length             Attributes
TEXT_region1     0x00000000         0x00000400         xr
m_flash_config_region 0x00000400         0x00000010         xr
TEXT_region2     0x00000411         0x0007d3ee         xr
NVM_region       0x0007d800         0x00001fff         rw
DATA1_region     0x1fff8000         0x00008000         rw
DATA2_region     0x20000000         0x00018000         rw
PRODUCT_INFO_region 0x0007f800         0x000007ff         xr
*default*        0x00000000         0xffffffff

Linker script and memory map

LOAD c:/nxp/mcuxpressoide_11.0.1_2563/ide/plugins/com.nxp.mcuxpresso.tools.win32_11.0.1.201907311258/tools/bin/../lib/gcc/arm-none-eabi/8.2.1/thumb/v6-m/nofp/crti.o
LOAD c:/nxp/mcuxpressoide_11.0.1_2563/ide/plugins/com.nxp.mcuxpresso.tools.win32_11.0.1.201907311258/tools/bin/../lib/gcc/arm-none-eabi/8.2.1/thumb/v6-m/nofp/crtbegin.o
LOAD c:/nxp/mcuxpressoide_11.0.1_2563/ide/plugins/com.nxp.mcuxpresso.tools.win32_11.0.1.201907311258/tools/bin/../lib/gcc/arm-none-eabi/8.2.1/../../../../arm-none-eabi/lib/thumb/v6-m/nofp/crt0.o
LOAD ./utilities/fsl_debug_console.o
LOAD ./startup/startup_MKW41Z4.o
LOAD ./source/mtb.o
LOAD ./source/mwa_end_device.o
LOAD ./source/semihost_hardfault.o
LOAD ./ieee_802.15.4/phy/source/MKW41Z/ASP.o
LOAD ./ieee_802.15.4/phy/source/MKW41Z/MPM.o
LOAD ./ieee_802.15.4/phy/source/MKW41Z/PhyISR.o
LOAD ./ieee_802.15.4/phy/source/MKW41Z/PhyPacketProcessor.o
LOAD ./ieee_802.15.4/phy/source/MKW41Z/PhyPlmeData.o
LOAD ./ieee_802.15.4/phy/source/MKW41Z/PhyStateMachine.o
LOAD ./ieee_802.15.4/phy/source/MKW41Z/PhyTime.o
LOAD ./ieee_802.15.4/mac/source/App/FsciAspCommands.o
LOAD ./ieee_802.15.4/mac/source/App/FsciMacCommands.o
LOAD ./ieee_802.15.4/mac/source/App/MacGlobals.o
LOAD ./freertos/croutine.o
LOAD ./freertos/event_groups.o
LOAD ./freertos/fsl_tickless_lptmr.o
LOAD ./freertos/fsl_tickless_systick.o
LOAD ./freertos/heap_4.o
LOAD ./freertos/list.o
LOAD ./freertos/port.o
LOAD ./freertos/queue.o
LOAD ./freertos/tasks.o
LOAD ./freertos/timers.o
LOAD ./framework/XCVR/MKW41Z4/cfgs_kw4x_3x_2x/fsl_xcvr_ant_config.o
LOAD ./framework/XCVR/MKW41Z4/cfgs_kw4x_3x_2x/fsl_xcvr_ble_config.o
LOAD ./framework/XCVR/MKW41Z4/cfgs_kw4x_3x_2x/fsl_xcvr_common_config.o
LOAD ./framework/XCVR/MKW41Z4/cfgs_kw4x_3x_2x/fsl_xcvr_gfsk_bt_0p3_h_0p5_config.o
LOAD ./framework/XCVR/MKW41Z4/cfgs_kw4x_3x_2x/fsl_xcvr_gfsk_bt_0p5_h_0p32_config.o
LOAD ./framework/XCVR/MKW41Z4/cfgs_kw4x_3x_2x/fsl_xcvr_gfsk_bt_0p5_h_0p5_config.o
LOAD ./framework/XCVR/MKW41Z4/cfgs_kw4x_3x_2x/fsl_xcvr_gfsk_bt_0p5_h_0p7_config.o
LOAD ./framework/XCVR/MKW41Z4/cfgs_kw4x_3x_2x/fsl_xcvr_gfsk_bt_0p5_h_1p0_config.o
LOAD ./framework/XCVR/MKW41Z4/cfgs_kw4x_3x_2x/fsl_xcvr_gfsk_bt_0p7_h_0p5_config.o
LOAD ./framework/XCVR/MKW41Z4/cfgs_kw4x_3x_2x/fsl_xcvr_mode_datarate_config.o
LOAD ./framework/XCVR/MKW41Z4/cfgs_kw4x_3x_2x/fsl_xcvr_msk_config.o
LOAD ./framework/XCVR/MKW41Z4/cfgs_kw4x_3x_2x/fsl_xcvr_zgbe_config.o
LOAD ./framework/XCVR/MKW41Z4/dbg_ram_capture.o
LOAD ./framework/XCVR/MKW41Z4/fsl_xcvr.o
LOAD ./framework/XCVR/MKW41Z4/fsl_xcvr_trim.o
LOAD ./framework/XCVR/MKW41Z4/ifr_radio.o
LOAD ./framework/TimersManager/Source/TMR_Adapter.o
LOAD ./framework/TimersManager/Source/TimersManager.o
LOAD ./framework/SerialManager/Source/UART_Adapter/UART_Adapter.o
LOAD ./framework/SerialManager/Source/SPI_Adapter/SPI_Adapter.o
LOAD ./framework/SerialManager/Source/I2C_Adapter/I2C_Adapter.o
LOAD ./framework/SerialManager/Source/SerialManager.o
LOAD ./framework/SecLib/SecLib.o
LOAD ./framework/Reset/Reset.o
LOAD ./framework/RNG/Source/RNG.o
LOAD ./framework/Panic/Source/Panic.o
LOAD ./framework/OSAbstraction/Source/fsl_os_abstraction_free_rtos.o
LOAD ./framework/NVM/Source/NV_Flash.o
LOAD ./framework/NVM/Source/NV_FsciCommands.o
LOAD ./framework/ModuleInfo/ModuleInfo.o
LOAD ./framework/Messaging/Source/Messaging.o
LOAD ./framework/MemManager/Source/MemManager.o
LOAD ./framework/MWSCoexistence/Source/MWS.o
LOAD ./framework/LowPower/Source/MKW41Z/PWR.o
LOAD ./framework/LowPower/Source/MKW41Z/PWRLib.o
LOAD ./framework/Lists/GenericList.o
LOAD ./framework/LED/Source/LED.o
LOAD ./framework/Keyboard/Source/Keyboard.o
LOAD ./framework/GPIO/GPIO_Adapter.o
LOAD ./framework/FunctionLib/FunctionLib.o
LOAD ./framework/Flash/Internal/Flash_Adapter.o
LOAD ./framework/DCDC/Source/DCDC.o
LOAD ./drivers/fsl_adc16.o
LOAD ./drivers/fsl_clock.o
LOAD ./drivers/fsl_common.o
LOAD ./drivers/fsl_dspi.o
LOAD ./drivers/fsl_dspi_freertos.o
LOAD ./drivers/fsl_flash.o
LOAD ./drivers/fsl_gpio.o
LOAD ./drivers/fsl_i2c.o
LOAD ./drivers/fsl_i2c_freertos.o
LOAD ./drivers/fsl_llwu.o
LOAD ./drivers/fsl_lptmr.o
LOAD ./drivers/fsl_lpuart.o
LOAD ./drivers/fsl_lpuart_freertos.o
LOAD ./drivers/fsl_ltc.o
LOAD ./drivers/fsl_pmc.o
LOAD ./drivers/fsl_rtc.o
LOAD ./drivers/fsl_smc.o
LOAD ./drivers/fsl_tpm.o
LOAD ./drivers/fsl_trng.o
LOAD ./drivers/fsl_tsi_v4.o
LOAD ./board/board.o
LOAD ./board/clock_config.o
LOAD ./board/gpio_pins.o
LOAD ./board/pin_mux.o
LOAD ./CMSIS/system_MKW41Z4.o
LOAD c:/nxp/mcuxpressoide_11.0.1_2563/ide/plugins/com.nxp.mcuxpresso.tools.win32_11.0.1.201907311258/tools/bin/../lib/gcc/arm-none-eabi/8.2.1/../../../../arm-none-eabi/lib/thumb/v6-m/nofp\libm.a
LOAD c:/nxp/mcuxpressoide_11.0.1_2563/ide/plugins/com.nxp.mcuxpresso.tools.win32_11.0.1.201907311258/tools/bin/../lib/gcc/arm-none-eabi/8.2.1/../../../../arm-none-eabi/lib/thumb/v6-m/nofp\libc.a
LOAD c:/nxp/mcuxpressoide_11.0.1_2563/ide/plugins/com.nxp.mcuxpresso.tools.win32_11.0.1.201907311258/tools/bin/../lib/gcc/arm-none-eabi/8.2.1/thumb/v6-m/nofp\libgcc.a
LOAD c:/nxp/mcuxpressoide_11.0.1_2563/ide/plugins/com.nxp.mcuxpresso.tools.win32_11.0.1.201907311258/tools/bin/../lib/gcc/arm-none-eabi/8.2.1/../../../../arm-none-eabi/lib/thumb/v6-m/nofp\libnosys.a
LOAD G:\Programming Projects\RealTime\frdmkw41z_wireless_examples_ieee_802_15_4_mwa_end_device_freertos_again\libs\lib_crypto_m0.a
LOAD G:\Programming Projects\RealTime\frdmkw41z_wireless_examples_ieee_802_15_4_mwa_end_device_freertos_again\libs\lib802.15.4_mac_06_cm0.a
START GROUP
LOAD c:/nxp/mcuxpressoide_11.0.1_2563/ide/plugins/com.nxp.mcuxpresso.tools.win32_11.0.1.201907311258/tools/bin/../lib/gcc/arm-none-eabi/8.2.1/thumb/v6-m/nofp\libgcc.a
LOAD c:/nxp/mcuxpressoide_11.0.1_2563/ide/plugins/com.nxp.mcuxpresso.tools.win32_11.0.1.201907311258/tools/bin/../lib/gcc/arm-none-eabi/8.2.1/../../../../arm-none-eabi/lib/thumb/v6-m/nofp\libc.a
END GROUP
LOAD c:/nxp/mcuxpressoide_11.0.1_2563/ide/plugins/com.nxp.mcuxpresso.tools.win32_11.0.1.201907311258/tools/bin/../lib/gcc/arm-none-eabi/8.2.1/thumb/v6-m/nofp/crtend.o
LOAD c:/nxp/mcuxpressoide_11.0.1_2563/ide/plugins/com.nxp.mcuxpresso.tools.win32_11.0.1.201907311258/tools/bin/../lib/gcc/arm-none-eabi/8.2.1/thumb/v6-m/nofp/crtn.o
                0x00000001                gUseNVMLink_d = DEFINED (gUseNVMLink_d)?gUseNVMLink_d:0x1
                0x00000004                gNVMSectorCountLink_d = DEFINED (gNVMSectorCountLink_d)?gNVMSectorCountLink_d:0x4
                0x00000001                __ram_vector_table__ = DEFINED (__ram_vector_table__)?__ram_vector_table__:0x1
                0x00000000                __region_ROM_start__ = 0x0
                0x0007ffff                __region_ROM_end__ = 0x7ffff
                0x1fff8000                __region_RAM1_start__ = 0x1fff8000
                0x1fffffff                __region_RAM1_end__ = 0x1fffffff
                0x20000000                __region_RAM2_start__ = 0x20000000
                0x20017fff                __region_RAM2_end__ = 0x20017fff
                0x000000c0                __vector_table_size__ = 0xc0
                0x00000000                __ram_vector_table_size__ = DEFINED (__ram_vector_table__)?__vector_table_size__:0x0
                0x1fff8000                _RAM_START_ = __region_RAM1_start__
                0x20017fff                _RAM_END_ = __region_RAM2_end__
                0x00000000                m_interrupts_start = __region_ROM_start__
                0x000000bf                m_interrupts_end = ((m_interrupts_start + __vector_table_size__) - 0x1)
                0x00000400                m_flash_config_start = 0x400
                0x00000410                m_flash_config_end = 0x410
                0x00000800                m_sector_size = 0x800
                0x00000200                __size_cstack__ = DEFINED (__stack_size__)?__stack_size__:0x200
                0x00000000                __size_heap__ = DEFINED (__heap_size__)?__heap_size__:0x0
                0x0007f800                m_fsl_prodInfo_start = ((__region_ROM_end__ - m_sector_size) + 0x1)
                0x0007ffff                m_fsl_prodInfo_end = __region_ROM_end__
                0x0007f800                FREESCALE_PROD_DATA_BASE_ADDR = m_fsl_prodInfo_start
                0x00000800                NV_STORAGE_SECTOR_SIZE = m_sector_size
                0x00000004                NV_STORAGE_MAX_SECTORS = gNVMSectorCountLink_d
                0x0007f7ff                NV_STORAGE_START_ADDRESS = (m_fsl_prodInfo_start - 0x1)
                0x0007d800                NV_STORAGE_END_ADDRESS = ((NV_STORAGE_START_ADDRESS - (NV_STORAGE_MAX_SECTORS * NV_STORAGE_SECTOR_SIZE)) + 0x1)
                0x00000800                NV_STORAGE_SECTOR_SIZE_C = m_sector_size
                0x00000004                NV_STORAGE_MAX_SECTORS_C = gNVMSectorCountLink_d
                0x0007f7ff                NV_STORAGE_START_ADDRESS_C = (m_fsl_prodInfo_start - 0x1)
                0x0007d800                NV_STORAGE_END_ADDRESS_C = ((NV_STORAGE_START_ADDRESS_C - (NV_STORAGE_MAX_SECTORS_C * NV_STORAGE_SECTOR_SIZE_C)) + 0x1)
                0x00000000                m_text_start = m_interrupts_start
                0x0007d7ff                m_text_end = (NV_STORAGE_END_ADDRESS_C - 0x1)
                0x20000000                m_interrupts_ram_start = __region_RAM2_start__
                0x200000bf                m_interrupts_ram_end = ((m_interrupts_ram_start + __ram_vector_table_size__) - 0x1)
                0x20017fff                __CSTACK_end__ = __region_RAM2_end__
                0x20017dff                __CSTACK_start__ = (__CSTACK_end__ - __size_cstack__)
                0x20017dfe                __HEAP_end__ = (__CSTACK_start__ - 0x1)
                0x20017dfa                __HEAP_start__ = ((__HEAP_end__ - __size_heap__) - 0x4)
                0x1fff8000                m_data1_start = __region_RAM1_start__
                0x1fffffff                m_data1_end = __region_RAM1_end__
                0x20000000                m_data2_start = m_interrupts_ram_start
                0x20017df9                m_data2_end = (__HEAP_start__ - 0x1)
                0x000000c0                __RAM_VECTOR_TABLE_SIZE = __ram_vector_table_size__
                0x20017dea                __BOOT_STACK_ADDRESS = (m_data2_end - 0xf)

.interrupts     0x00000000       0xc0
                0x00000000                __VECTOR_TABLE = .
                0x00000000                . = ALIGN (0x4)
 *(SORT_BY_ALIGNMENT(.isr_vector))
 .isr_vector    0x00000000       0xc0 ./startup/startup_MKW41Z4.o
                0x00000000                __isr_vector
                0x000000c0                . = ALIGN (0x4)

.freescale_prod_data
                0x0007f800        0x0
                0x0007f800                . = ALIGN (0x4)
 *(SORT_BY_ALIGNMENT(.FREESCALE_PROD_DATA))
                0x0007f800                . = ALIGN (0x4)

.flash_config   0x00000400       0x10
                0x00000400                . = ALIGN (0x4)
 *(SORT_BY_ALIGNMENT(.FlashConfig))
 .FlashConfig   0x00000400       0x10 ./startup/startup_MKW41Z4.o
                0x00000410                . = ALIGN (0x4)

.text           0x00000420    0x11140
                0x00000420                . = ALIGN (0x4)
 *(SORT_BY_ALIGNMENT(.text))
 .text          0x00000420       0x48 c:/nxp/mcuxpressoide_11.0.1_2563/ide/plugins/com.nxp.mcuxpresso.tools.win32_11.0.1.201907311258/tools/bin/../lib/gcc/arm-none-eabi/8.2.1/thumb/v6-m/nofp/crtbegin.o
 .text          0x00000468       0x78 c:/nxp/mcuxpressoide_11.0.1_2563/ide/plugins/com.nxp.mcuxpresso.tools.win32_11.0.1.201907311258/tools/bin/../lib/gcc/arm-none-eabi/8.2.1/../../../../arm-none-eabi/lib/thumb/v6-m/nofp/crt0.o
                0x00000468                _start
                0x00000468                _mainCRTStartup
 .text          0x000004e0       0xc0 ./startup/startup_MKW41Z4.o
                0x000004e0                Reset_Handler
                0x00000528                Radio_0_IRQHandler
                0x00000528                DMA0_DriverIRQHandler
                0x00000528                CMP0_IRQHandler
                0x00000528                DMA2_DriverIRQHandler
                0x00000528                TPM0_IRQHandler
                0x00000528                Radio_1_IRQHandler
                0x00000528                LLWU_IRQHandler
                0x00000528                TSI0_IRQHandler
                0x00000528                ADC0_IRQHandler
                0x00000528                CMT_IRQHandler
                0x00000528                LPTMR0_IRQHandler
                0x00000528                DefaultISR
                0x00000528                PORTB_PORTC_IRQHandler
                0x00000528                TPM2_IRQHandler
                0x00000528                RTC_IRQHandler
                0x00000528                LVD_LVW_DCDC_IRQHandler
                0x00000528                DMA3_DriverIRQHandler
                0x00000528                RTC_Seconds_IRQHandler
                0x00000528                MCG_IRQHandler
                0x00000528                TRNG0_IRQHandler
                0x00000528                Reserved20_IRQHandler
                0x00000528                LTC0_IRQHandler
                0x00000528                PIT_IRQHandler
                0x00000528                DMA1_DriverIRQHandler
                0x00000528                FTFA_IRQHandler
                0x00000528                PORTA_IRQHandler
                0x00000528                TPM1_IRQHandler
                0x00000528                DAC0_IRQHandler
                0x00000540                DMA0_IRQHandler
                0x00000544                DMA1_IRQHandler
                0x00000548                DMA2_IRQHandler
                0x0000054c                DMA3_IRQHandler
                0x00000550                I2C0_IRQHandler
                0x00000554                I2C1_IRQHandler
                0x00000558                SPI0_IRQHandler
                0x0000055c                LPUART0_IRQHandler
                0x00000560                SPI1_IRQHandler
 .text          0x000005a0       0x14 c:/nxp/mcuxpressoide_11.0.1_2563/ide/plugins/com.nxp.mcuxpresso.tools.win32_11.0.1.201907311258/tools/bin/../lib/gcc/arm-none-eabi/8.2.1/thumb/v6-m/nofp\libgcc.a(_thumb1_case_sqi.o)
                0x000005a0                __gnu_thumb1_case_sqi
 .text          0x000005b4       0x14 c:/nxp/mcuxpressoide_11.0.1_2563/ide/plugins/com.nxp.mcuxpresso.tools.win32_11.0.1.201907311258/tools/bin/../lib/gcc/arm-none-eabi/8.2.1/thumb/v6-m/nofp\libgcc.a(_thumb1_case_uqi.o)
                0x000005b4                __gnu_thumb1_case_uqi
 .text          0x000005c8       0x14 c:/nxp/mcuxpressoide_11.0.1_2563/ide/plugins/com.nxp.mcuxpresso.tools.win32_11.0.1.201907311258/tools/bin/../lib/gcc/arm-none-eabi/8.2.1/thumb/v6-m/nofp\libgcc.a(_thumb1_case_uhi.o)
                0x000005c8                __gnu_thumb1_case_uhi
 .text          0x000005dc      0x114 c:/nxp/mcuxpressoide_11.0.1_2563/ide/plugins/com.nxp.mcuxpresso.tools.win32_11.0.1.201907311258/tools/bin/../lib/gcc/arm-none-eabi/8.2.1/thumb/v6-m/nofp\libgcc.a(_udivsi3.o)
                0x000005dc                __aeabi_uidiv
                0x000005dc                __udivsi3
                0x000006e8                __aeabi_uidivmod
 .text          0x000006f0      0x1d4 c:/nxp/mcuxpressoide_11.0.1_2563/ide/plugins/com.nxp.mcuxpresso.tools.win32_11.0.1.201907311258/tools/bin/../lib/gcc/arm-none-eabi/8.2.1/thumb/v6-m/nofp\libgcc.a(_divsi3.o)
                0x000006f0                __divsi3
                0x000006f0                __aeabi_idiv
                0x000008bc                __aeabi_idivmod
 .text          0x000008c4        0x4 c:/nxp/mcuxpressoide_11.0.1_2563/ide/plugins/com.nxp.mcuxpresso.tools.win32_11.0.1.201907311258/tools/bin/../lib/gcc/arm-none-eabi/8.2.1/thumb/v6-m/nofp\libgcc.a(_dvmd_tls.o)
                0x000008c4                __aeabi_idiv0
                0x000008c4                __aeabi_ldiv0
 .text          0x000008c8       0x74 c:/nxp/mcuxpressoide_11.0.1_2563/ide/plugins/com.nxp.mcuxpresso.tools.win32_11.0.1.201907311258/tools/bin/../lib/gcc/arm-none-eabi/8.2.1/thumb/v6-m/nofp\libgcc.a(_arm_cmpsf2.o)
                0x000008c8                __aeabi_cfrcmple
                0x000008d0                __aeabi_cfcmpeq
                0x000008d0                __aeabi_cfcmple
                0x000008e0                __aeabi_fcmpeq
                0x000008ec                __aeabi_fcmplt
                0x00000900                __aeabi_fcmple
                0x00000914                __aeabi_fcmpgt
                0x00000928                __aeabi_fcmpge
 .text          0x0000093c       0x40 c:/nxp/mcuxpressoide_11.0.1_2563/ide/plugins/com.nxp.mcuxpresso.tools.win32_11.0.1.201907311258/tools/bin/../lib/gcc/arm-none-eabi/8.2.1/thumb/v6-m/nofp\libgcc.a(_aeabi_uldivmod.o)
                0x0000093c                __aeabi_uldivmod
 .text          0x0000097c       0x54 c:/nxp/mcuxpressoide_11.0.1_2563/ide/plugins/com.nxp.mcuxpresso.tools.win32_11.0.1.201907311258/tools/bin/../lib/gcc/arm-none-eabi/8.2.1/thumb/v6-m/nofp\libgcc.a(_muldi3.o)
                0x0000097c                __muldi3
                0x0000097c                __aeabi_lmul
 .text          0x000009d0       0x30 c:/nxp/mcuxpressoide_11.0.1_2563/ide/plugins/com.nxp.mcuxpresso.tools.win32_11.0.1.201907311258/tools/bin/../lib/gcc/arm-none-eabi/8.2.1/thumb/v6-m/nofp\libgcc.a(_fixunssfsi.o)
                0x000009d0                __fixunssfsi
                0x000009d0                __aeabi_f2uiz
 .text          0x00000a00      0x1a4 c:/nxp/mcuxpressoide_11.0.1_2563/ide/plugins/com.nxp.mcuxpresso.tools.win32_11.0.1.201907311258/tools/bin/../lib/gcc/arm-none-eabi/8.2.1/thumb/v6-m/nofp\libgcc.a(_udivmoddi4.o)
                0x00000a00                __udivmoddi4
 .text          0x00000ba4      0x2f8 c:/nxp/mcuxpressoide_11.0.1_2563/ide/plugins/com.nxp.mcuxpresso.tools.win32_11.0.1.201907311258/tools/bin/../lib/gcc/arm-none-eabi/8.2.1/thumb/v6-m/nofp\libgcc.a(addsf3.o)
                0x00000ba4                __aeabi_fadd
 .text          0x00000e9c      0x230 c:/nxp/mcuxpressoide_11.0.1_2563/ide/plugins/com.nxp.mcuxpresso.tools.win32_11.0.1.201907311258/tools/bin/../lib/gcc/arm-none-eabi/8.2.1/thumb/v6-m/nofp\libgcc.a(divsf3.o)
                0x00000e9c                __aeabi_fdiv
 .text          0x000010cc       0x50 c:/nxp/mcuxpressoide_11.0.1_2563/ide/plugins/com.nxp.mcuxpresso.tools.win32_11.0.1.201907311258/tools/bin/../lib/gcc/arm-none-eabi/8.2.1/thumb/v6-m/nofp\libgcc.a(eqsf2.o)
                0x000010cc                __eqsf2
                0x000010cc                __nesf2
 .text          0x0000111c       0x9c c:/nxp/mcuxpressoide_11.0.1_2563/ide/plugins/com.nxp.mcuxpresso.tools.win32_11.0.1.201907311258/tools/bin/../lib/gcc/arm-none-eabi/8.2.1/thumb/v6-m/nofp\libgcc.a(gesf2.o)
                0x0000111c                __gesf2
                0x0000111c                __gtsf2
 .text          0x000011b8       0x9c c:/nxp/mcuxpressoide_11.0.1_2563/ide/plugins/com.nxp.mcuxpresso.tools.win32_11.0.1.201907311258/tools/bin/../lib/gcc/arm-none-eabi/8.2.1/thumb/v6-m/nofp\libgcc.a(lesf2.o)
                0x000011b8                __ltsf2
                0x000011b8                __lesf2
 .text          0x00001254      0x22c c:/nxp/mcuxpressoide_11.0.1_2563/ide/plugins/com.nxp.mcuxpresso.tools.win32_11.0.1.201907311258/tools/bin/../lib/gcc/arm-none-eabi/8.2.1/thumb/v6-m/nofp\libgcc.a(mulsf3.o)
                0x00001254                __aeabi_fmul
 .text          0x00001480      0x34c c:/nxp/mcuxpressoide_11.0.1_2563/ide/plugins/com.nxp.mcuxpresso.tools.win32_11.0.1.201907311258/tools/bin/../lib/gcc/arm-none-eabi/8.2.1/thumb/v6-m/nofp\libgcc.a(subsf3.o)
                0x00001480                __aeabi_fsub
 .text          0x000017cc       0x40 c:/nxp/mcuxpressoide_11.0.1_2563/ide/plugins/com.nxp.mcuxpresso.tools.win32_11.0.1.201907311258/tools/bin/../lib/gcc/arm-none-eabi/8.2.1/thumb/v6-m/nofp\libgcc.a(fixsfsi.o)
                0x000017cc                __aeabi_f2iz
 .text          0x0000180c       0x94 c:/nxp/mcuxpressoide_11.0.1_2563/ide/plugins/com.nxp.mcuxpresso.tools.win32_11.0.1.201907311258/tools/bin/../lib/gcc/arm-none-eabi/8.2.1/thumb/v6-m/nofp\libgcc.a(floatsisf.o)
                0x0000180c                __aeabi_i2f
 .text          0x000018a0       0x80 c:/nxp/mcuxpressoide_11.0.1_2563/ide/plugins/com.nxp.mcuxpresso.tools.win32_11.0.1.201907311258/tools/bin/../lib/gcc/arm-none-eabi/8.2.1/thumb/v6-m/nofp\libgcc.a(floatunsisf.o)
                0x000018a0                __aeabi_ui2f
 .text          0x00001920       0x3c c:/nxp/mcuxpressoide_11.0.1_2563/ide/plugins/com.nxp.mcuxpresso.tools.win32_11.0.1.201907311258/tools/bin/../lib/gcc/arm-none-eabi/8.2.1/thumb/v6-m/nofp\libgcc.a(_clzsi2.o)
                0x00001920                __clzsi2
 .text          0x0000195c       0x18 c:/nxp/mcuxpressoide_11.0.1_2563/ide/plugins/com.nxp.mcuxpresso.tools.win32_11.0.1.201907311258/tools/bin/../lib/gcc/arm-none-eabi/8.2.1/thumb/v6-m/nofp\libgcc.a(_clzdi2.o)
                0x0000195c                __clzdi2
 .text          0x00001974       0x38 G:\Programming Projects\RealTime\frdmkw41z_wireless_examples_ieee_802_15_4_mwa_end_device_freertos_again\libs\lib_crypto_m0.a(SW_RNG.o)
                0x00001974                SecLib_set_rng_seed
                0x00001984                SecLib_get_random
 .text          0x000019ac      0x530 G:\Programming Projects\RealTime\frdmkw41z_wireless_examples_ieee_802_15_4_mwa_end_device_freertos_again\libs\lib802.15.4_mac_06_cm0.a(MacMain.o)
                0x000019ac                BindToMAC
                0x000019d8                UnBindFromMAC
                0x000019f4                MAC_EventSet
                0x00001a1e                Mac_Task
                0x00001b10                Mac_InitializeData
                0x00001bb4                Mac_RegisterSapHandlers
                0x00001bc6                PD_MAC_SapHandler
                0x00001be8                PLME_MAC_SapHandler
                0x00001bf0                NWK_MCPS_SapHandler
                0x00001c4c                NWK_MLME_SapHandler
                0x00001cf4                Mlme_VerifyNwkInput
                0x00001e00                Mac_GetState
                0x00001e68                Dumy_MCPS_NWK_SapHandler
                0x00001e6c                Dumy_MLME_NWK_SapHandler
                0x00001e76                Mac_SetTrxLowPowerMode
                0x00001eaa                Mac_SetTrxActiveMode
 .text          0x00001edc      0xc88 G:\Programming Projects\RealTime\frdmkw41z_wireless_examples_ieee_802_15_4_mwa_end_device_freertos_again\libs\lib802.15.4_mac_06_cm0.a(MacPib.o)
                0x00001edc                macInitPIBs
                0x000021e8                macVerifySetReq
                0x000022ec                mlmeGetSetReq
                0x00002874                mlmeGetSizeOfPIB
                0x000029c2                Mac_SetPhyPIBs
                0x00002af2                Mac_SetExtendedAddress
                0x00002b20                Mac_GetExtendedAddress
 .text          0x00002b64      0x5a0 G:\Programming Projects\RealTime\frdmkw41z_wireless_examples_ieee_802_15_4_mwa_end_device_freertos_again\libs\lib802.15.4_mac_06_cm0.a(MacStateMachine.o)
                0x00002b64                Mac_TransactionExpire
                0x00002b70                Mac_PhyMsgHandler
                0x00002c30                Mac_NwkMsgHandler
                0x00002e64                Mac_McpsDataReqHandle
 .text          0x00003104      0x290 G:\Programming Projects\RealTime\frdmkw41z_wireless_examples_ieee_802_15_4_mwa_end_device_freertos_again\libs\lib802.15.4_mac_06_cm0.a(Poll.o)
                0x00003104                Poll_VerifyParameters
                0x00003142                Poll_InitSeq
                0x000031aa                Poll_SendStatus
                0x000031e4                Poll_DataRx
                0x000032a0                Poll_SendConfirm
                0x00003338                Poll_Timeout
 .text          0x00003394       0xdc G:\Programming Projects\RealTime\frdmkw41z_wireless_examples_ieee_802_15_4_mwa_end_device_freertos_again\libs\lib802.15.4_mac_06_cm0.a(RxEnable.o)
                0x00003394                RxEnable_InitSeq
                0x000033ee                RxEnable_SetRx
                0x0000342e                RxEnable_Deactivate
 .text          0x00003470      0x670 G:\Programming Projects\RealTime\frdmkw41z_wireless_examples_ieee_802_15_4_mwa_end_device_freertos_again\libs\lib802.15.4_mac_06_cm0.a(Scan.o)
                0x00003470                Mac_ScanMsgHandler
                0x000034fe                Scan_StartFastEDScan
                0x00003530                Scan_StartEDScan
                0x000035a8                Scan_StartActivePassiveScan
                0x00003602                Scan_StartOrphanScan
                0x00003632                Scan_Advance
                0x00003654                Scan_StartTimer
                0x00003680                Scan_FastEdAcquire
                0x000036d6                Scan_EdAcquire
                0x0000372a                Scan_ActivePassiveAcquire
                0x00003868                Scan_OrphanAcquire
 .text          0x00003ae0      0x1b6 G:\Programming Projects\RealTime\frdmkw41z_wireless_examples_ieee_802_15_4_mwa_end_device_freertos_again\libs\lib802.15.4_mac_06_cm0.a(Start.o)
                0x00003ae0                Start_VerifyParameters
                0x00003ba0                Start_InitSeq
                0x00003be6                Start_SetPIBs
                0x00003c46                CoordRealignment_SendStatus
                0x00003c6e                Start_SeqTerminate
 *fill*         0x00003c96        0x2 
 .text          0x00003c98      0x3c6 G:\Programming Projects\RealTime\frdmkw41z_wireless_examples_ieee_802_15_4_mwa_end_device_freertos_again\libs\lib802.15.4_mac_06_cm0.a(Association.o)
                0x00003c98                Association_VerifyParameters
                0x00003ce8                Association_InitSeq
                0x00003d4c                Association_TriggerPoll
                0x00003d86                AssociationPoll_SendStatus
                0x00003e20                AssociationPoll_DataRx
                0x00003f20                AssociationReq_SendStatus
                0x00003fdc                AssociationRes_VerifyParameters
                0x00004010                AssociationRes_SendStatus
 *fill*         0x0000405e        0x2 
 .text          0x00004060      0x710 G:\Programming Projects\RealTime\frdmkw41z_wireless_examples_ieee_802_15_4_mwa_end_device_freertos_again\libs\lib802.15.4_mac_06_cm0.a(DataRx.o)
                0x00004060                Mac_PreProcessDataIndication
                0x000040ec                Mac_ProcessDataIndication
                0x0000430c                Mac_ProcessBeaconFrame
                0x000044c0                Mac_CreateMcpsDataInd
                0x00004572                Mac_CreateMlmeCommStatusInd
                0x00004614                Mac_CreateMlmeSyncLossInd
                0x0000466e                Mac_IsPanIdConflict
                0x000046cc                Mac_IsMyCoordinator
                0x0000471e                Mac_PostponeActiveSeq
 .text          0x00004770      0x5d8 G:\Programming Projects\RealTime\frdmkw41z_wireless_examples_ieee_802_15_4_mwa_end_device_freertos_again\libs\lib802.15.4_mac_06_cm0.a(DataTx.o)
                0x00004770                DataTx_VerifyParameters
                0x000047e6                DataTx_InitSeq
                0x000049d4                DataTx_SendData
                0x00004a08                DataTx_SendDataConfirm
                0x00004aa2                DataTx_SendEmptyFrame
                0x00004adc                DataTx_SendStatus
                0x00004c08                DataTx_CheckForExpirePackets
                0x00004c94                Mac_GetRandomBackoff
                0x00004cb4                DataTx_CsmaCaRetry
                0x00004cdc                DataTx_Backoff
                0x00004cee                DataTx_SendDataWithBackoff
                0x00004d3c                Mac_InitCsmaCaVariables
 .text          0x00004d48      0x10c G:\Programming Projects\RealTime\frdmkw41z_wireless_examples_ieee_802_15_4_mwa_end_device_freertos_again\libs\lib802.15.4_mac_06_cm0.a(Disassociation.o)
                0x00004d48                Disassociation_VerifyParameters
                0x00004dd2                Disassociation_InitSeq
                0x00004e14                Disassociation_SendStatus
 .text          0x00004e54      0xca4 G:\Programming Projects\RealTime\frdmkw41z_wireless_examples_ieee_802_15_4_mwa_end_device_freertos_again\libs\lib802.15.4_mac_06_cm0.a(MacFrames.o)
                0x00004e54                FrameBuild_AssociationRequest
                0x00004ebc                FrameBuild_AssociationResponse
                0x00004f3c                FrameBuild_DisassociationNotification
                0x00004fac                FrameBuild_DataRequest
                0x00005062                FrameBuild_PanIdConflictNotification
                0x00005094                FrameBuild_OrphanNotification
                0x000050c6                FrameBuild_BeaconRequest
                0x00005104                FrameBuild_CoordinatorRealignment
                0x00005230                FrameBuild_Beacon
                0x000053f0                FrameBuild_Data
                0x00005678                FrameBuild_ZeroLengthPayload
                0x00005740                Mac_GetMacHeader
                0x00005824                Mac_GetMaxMsduLength
                0x00005854                Mac_GetOverheadSize
                0x000058a0                FrameBuild_Command
                0x00005af4                addrModeFieldLengthTable
 .text          0x00005af8       0x4c G:\Programming Projects\RealTime\frdmkw41z_wireless_examples_ieee_802_15_4_mwa_end_device_freertos_again\libs\lib802.15.4_mac_06_cm0.a(MacMem.o)
                0x00005af8                Mac_MemAllocZero
                0x00005b18                FrameAlloc
 .text          0x00005b44      0xa28 G:\Programming Projects\RealTime\frdmkw41z_wireless_examples_ieee_802_15_4_mwa_end_device_freertos_again\libs\lib802.15.4_mac_06_cm0.a(MacSec.o)
                0x00005b7c                Sec_DetermineASHLength
                0x00005bac                keyIdModeToAshLengthTable
                0x00005d12                Sec_CheckBeaconSecurityParameters
                0x00005dd0                Sec_SecureTxFrame
                0x00005f88                Sec_CreateAuxSecHeader
                0x00006010                Sec_CheckRxSecLevel
                0x00006018                Sec_UnsecureRxFrame
 .text          0x0000656c       0x78 c:/nxp/mcuxpressoide_11.0.1_2563/ide/plugins/com.nxp.mcuxpresso.tools.win32_11.0.1.201907311258/tools/bin/../lib/gcc/arm-none-eabi/8.2.1/thumb/v6-m/nofp\libgcc.a(unaligned-funcs.o)
                0x0000656c                __aeabi_uread4
                0x00006584                __aeabi_uwrite4
                0x00006598                __aeabi_uread8
                0x000065c4                __aeabi_uwrite8
 .text          0x000065e4       0xce G:\Programming Projects\RealTime\frdmkw41z_wireless_examples_ieee_802_15_4_mwa_end_device_freertos_again\libs\lib802.15.4_mac_06_cm0.a(Orphan.o)
                0x000065e4                Orphan_VerifyParameters
                0x0000661c                Orphan_InitSeq
                0x0000665e                Orphan_SendStatus
 .text          0x000066b2      0x11c G:\Programming Projects\RealTime\frdmkw41z_wireless_examples_ieee_802_15_4_mwa_end_device_freertos_again\libs\lib802.15.4_mac_06_cm0.a(Reset.o)
                0x000066b2                mlmeResetReq
 .text          0x000067ce       0xfa G:\Programming Projects\RealTime\frdmkw41z_wireless_examples_ieee_802_15_4_mwa_end_device_freertos_again\libs\lib802.15.4_mac_06_cm0.a(MacSequenceMngr.o)
                0x000067ce                getFirstSequenceByChecksum
                0x000067e8                getLastSequenceByChecksum
                0x00006808                getSequenceByDestination
                0x00006832                getSequenceByMsduHandle
                0x00006852                createNewSeq
                0x00006868                getChecksum
                0x00006894                getFreeIndex
 .text          0x000068c8       0x68 G:\Programming Projects\RealTime\frdmkw41z_wireless_examples_ieee_802_15_4_mwa_end_device_freertos_again\libs\lib802.15.4_mac_06_cm0.a(SecurityLib.o)
                0x000068c8                AES_128_CCM_Star
 *(SORT_BY_ALIGNMENT(.text*))
 .text.vPortStartFirstTask
                0x00006930       0x34 ./freertos/port.o
 *fill*         0x00006964        0xc 
 .text.PendSV_Handler
                0x00006970       0x44 ./freertos/port.o
                0x00006970                PendSV_Handler
 .text.AppPollWaitTimeout
                0x000069b4       0x7c ./source/mwa_end_device.o
 .text.App_TransmitUartData
                0x00006a30       0xf0 ./source/mwa_end_device.o
 .text.MLME_NWK_SapHandler
                0x00006b20       0x20 ./source/mwa_end_device.o
                0x00006b20                MLME_NWK_SapHandler
 .text.MCPS_NWK_SapHandler
                0x00006b40       0x20 ./source/mwa_end_device.o
                0x00006b40                MCPS_NWK_SapHandler
 .text.App_HandleKeys
                0x00006b60       0x40 ./source/mwa_end_device.o
 .text.UartRxCallBack
                0x00006ba0       0x60 ./source/mwa_end_device.o
 .text.App_init
                0x00006c00       0xb8 ./source/mwa_end_device.o
                0x00006c00                App_init
 .text.AppThread
                0x00006cb8      0x660 ./source/mwa_end_device.o
                0x00006cb8                AppThread
 .text.main_task
                0x00007318       0x64 ./source/mwa_end_device.o
                0x00007318                main_task
 .text.HardFault_Handler
                0x0000737c       0x2c ./source/semihost_hardfault.o
                0x0000737c                HardFault_Handler
 .text.PhyIsrSeqCleanup
                0x000073a8       0x3c ./ieee_802.15.4/phy/source/MKW41Z/PhyISR.o
 .text.Phy_GetRxParams
                0x000073e4       0x58 ./ieee_802.15.4/phy/source/MKW41Z/PhyISR.o
 .text.PHY_InterruptHandler
                0x0000743c      0x238 ./ieee_802.15.4/phy/source/MKW41Z/PhyISR.o
                0x0000743c                PHY_InterruptHandler
 .text.ProtectFromXcvrInterrupt
                0x00007674       0x2c ./ieee_802.15.4/phy/source/MKW41Z/PhyISR.o
                0x00007674                ProtectFromXcvrInterrupt
 .text.UnprotectFromXcvrInterrupt
                0x000076a0       0x30 ./ieee_802.15.4/phy/source/MKW41Z/PhyISR.o
                0x000076a0                UnprotectFromXcvrInterrupt
 .text.PhyIsrPassRxParams
                0x000076d0        0xc ./ieee_802.15.4/phy/source/MKW41Z/PhyISR.o
                0x000076d0                PhyIsrPassRxParams
 .text.Phy_GetEnergyLevel
                0x000076dc       0x28 ./ieee_802.15.4/phy/source/MKW41Z/PhyISR.o
                0x000076dc                Phy_GetEnergyLevel
 .text.PHY_InstallIsr
                0x00007704       0x3c ./ieee_802.15.4/phy/source/MKW41Z/PhyISR.o
                0x00007704                PHY_InstallIsr
 .text.PHY_ForceIrqPending
                0x00007740       0x10 ./ieee_802.15.4/phy/source/MKW41Z/PhyISR.o
                0x00007740                PHY_ForceIrqPending
 .text.PhyHwInit
                0x00007750       0xcc ./ieee_802.15.4/phy/source/MKW41Z/PhyPacketProcessor.o
                0x00007750                PhyHwInit
 .text.PhyAbort
                0x0000781c       0x90 ./ieee_802.15.4/phy/source/MKW41Z/PhyPacketProcessor.o
                0x0000781c                PhyAbort
 .text.PhyPpGetState
                0x000078ac       0x10 ./ieee_802.15.4/phy/source/MKW41Z/PhyPacketProcessor.o
                0x000078ac                PhyPpGetState
 .text.PhyPpSetPanId
                0x000078bc       0x40 ./ieee_802.15.4/phy/source/MKW41Z/PhyPacketProcessor.o
                0x000078bc                PhyPpSetPanId
 .text.PhyPpSetShortAddr
                0x000078fc       0x40 ./ieee_802.15.4/phy/source/MKW41Z/PhyPacketProcessor.o
                0x000078fc                PhyPpSetShortAddr
 .text.PhyPpSetLongAddr
                0x0000793c       0x38 ./ieee_802.15.4/phy/source/MKW41Z/PhyPacketProcessor.o
                0x0000793c                PhyPpSetLongAddr
 .text.PhyPpSetMacRole
                0x00007974       0x3c ./ieee_802.15.4/phy/source/MKW41Z/PhyPacketProcessor.o
                0x00007974                PhyPpSetMacRole
 .text.PhyPpSetPromiscuous
                0x000079b0       0x38 ./ieee_802.15.4/phy/source/MKW41Z/PhyPacketProcessor.o
                0x000079b0                PhyPpSetPromiscuous
 .text.PhyPp_IndirectQueueInsert
                0x000079e8       0x30 ./ieee_802.15.4/phy/source/MKW41Z/PhyPacketProcessor.o
                0x000079e8                PhyPp_IndirectQueueInsert
 .text.PhyPp_RemoveFromIndirect
                0x00007a18       0x28 ./ieee_802.15.4/phy/source/MKW41Z/PhyPacketProcessor.o
                0x00007a18                PhyPp_RemoveFromIndirect
 .text.PhyPpIsTxAckDataPending
                0x00007a40       0x20 ./ieee_802.15.4/phy/source/MKW41Z/PhyPacketProcessor.o
                0x00007a40                PhyPpIsTxAckDataPending
 .text.PhyPlmeSetPwrState
                0x00007a60       0x80 ./ieee_802.15.4/phy/source/MKW41Z/PhyPacketProcessor.o
                0x00007a60                PhyPlmeSetPwrState
 .text.PhyPdDataRequest
                0x00007ae0       0xf4 ./ieee_802.15.4/phy/source/MKW41Z/PhyPlmeData.o
                0x00007ae0                PhyPdDataRequest
 .text.PhyPlmeRxRequest
                0x00007bd4       0xd4 ./ieee_802.15.4/phy/source/MKW41Z/PhyPlmeData.o
                0x00007bd4                PhyPlmeRxRequest
 .text.PhyRxRetry
                0x00007ca8       0x48 ./ieee_802.15.4/phy/source/MKW41Z/PhyPlmeData.o
 .text.PhyPlmeCcaEdRequest
                0x00007cf0       0x7c ./ieee_802.15.4/phy/source/MKW41Z/PhyPlmeData.o
                0x00007cf0                PhyPlmeCcaEdRequest
 .text.PhyPlmeGetCurrentChannelRequest
                0x00007d6c       0x14 ./ieee_802.15.4/phy/source/MKW41Z/PhyPlmeData.o
                0x00007d6c                PhyPlmeGetCurrentChannelRequest
 .text.PhyPlmeSetPwrLevelRequest
                0x00007d80       0x38 ./ieee_802.15.4/phy/source/MKW41Z/PhyPlmeData.o
                0x00007d80                PhyPlmeSetPwrLevelRequest
 .text.PhyPlmeGetPwrLevelRequest
                0x00007db8       0x14 ./ieee_802.15.4/phy/source/MKW41Z/PhyPlmeData.o
                0x00007db8                PhyPlmeGetPwrLevelRequest
 .text.PhyPlmeSetCurrentChannelRequest
                0x00007dcc       0x40 ./ieee_802.15.4/phy/source/MKW41Z/PhyPlmeData.o
                0x00007dcc                PhyPlmeSetCurrentChannelRequest
 .text.PhyPlmeSetPIBRequest
                0x00007e0c       0xd4 ./ieee_802.15.4/phy/source/MKW41Z/PhyPlmeData.o
                0x00007e0c                PhyPlmeSetPIBRequest
 .text.PhyPlmeGetPIBRequest
                0x00007ee0       0xe8 ./ieee_802.15.4/phy/source/MKW41Z/PhyPlmeData.o
                0x00007ee0                PhyPlmeGetPIBRequest
 .text.PLME_SendMessage.constprop.7
                0x00007fc8       0x84 ./ieee_802.15.4/phy/source/MKW41Z/PhyStateMachine.o
 .text.PD_SendMessage.constprop.3
                0x0000804c      0x128 ./ieee_802.15.4/phy/source/MKW41Z/PhyStateMachine.o
 .text.Phy_Init
                0x00008174       0x34 ./ieee_802.15.4/phy/source/MKW41Z/PhyStateMachine.o
                0x00008174                Phy_Init
 .text.Phy_RegisterSapHandlers
                0x000081a8        0xc ./ieee_802.15.4/phy/source/MKW41Z/PhyStateMachine.o
                0x000081a8                Phy_RegisterSapHandlers
 .text.MAC_PD_SapHandler
                0x000081b4       0x48 ./ieee_802.15.4/phy/source/MKW41Z/PhyStateMachine.o
                0x000081b4                MAC_PD_SapHandler
 .text.Phy_EnterIdle.constprop.6
                0x000081fc       0x58 ./ieee_802.15.4/phy/source/MKW41Z/PhyStateMachine.o
 .text.PhyPlmeSetFrameWaitTime
                0x00008254        0xc ./ieee_802.15.4/phy/source/MKW41Z/PhyStateMachine.o
                0x00008254                PhyPlmeSetFrameWaitTime
 .text.PhyPlmeSetRxOnWhenIdle
                0x00008260       0x44 ./ieee_802.15.4/phy/source/MKW41Z/PhyStateMachine.o
                0x00008260                PhyPlmeSetRxOnWhenIdle
 .text.PhyIsIdleRx
                0x000082a4       0x24 ./ieee_802.15.4/phy/source/MKW41Z/PhyStateMachine.o
                0x000082a4                PhyIsIdleRx
 .text.MAC_PLME_SapHandler
                0x000082c8       0xec ./ieee_802.15.4/phy/source/MKW41Z/PhyStateMachine.o
                0x000082c8                MAC_PLME_SapHandler
 .text.Radio_Phy_PdDataConfirm
                0x000083b4       0x54 ./ieee_802.15.4/phy/source/MKW41Z/PhyStateMachine.o
                0x000083b4                Radio_Phy_PdDataConfirm
 .text.Radio_Phy_PlmeCcaConfirm
                0x00008408       0x1c ./ieee_802.15.4/phy/source/MKW41Z/PhyStateMachine.o
                0x00008408                Radio_Phy_PlmeCcaConfirm
 .text.Radio_Phy_PlmeEdConfirm
                0x00008424       0x1c ./ieee_802.15.4/phy/source/MKW41Z/PhyStateMachine.o
                0x00008424                Radio_Phy_PlmeEdConfirm
 .text.Radio_Phy_TimeRxTimeoutIndication
                0x00008440       0x18 ./ieee_802.15.4/phy/source/MKW41Z/PhyStateMachine.o
                0x00008440                Radio_Phy_TimeRxTimeoutIndication
 .text.Radio_Phy_PlmeRxWatermark
                0x00008458       0x68 ./ieee_802.15.4/phy/source/MKW41Z/PhyStateMachine.o
                0x00008458                Radio_Phy_PlmeRxWatermark
 .text.Radio_Phy_PlmeFilterFailRx
                0x000084c0       0x30 ./ieee_802.15.4/phy/source/MKW41Z/PhyStateMachine.o
                0x000084c0                Radio_Phy_PlmeFilterFailRx
 .text.Radio_Phy_Notify
                0x000084f0      0x1c0 ./ieee_802.15.4/phy/source/MKW41Z/PhyStateMachine.o
                0x000084f0                Radio_Phy_Notify
 .text.PhyTime_OverflowCB
                0x000086b0       0x40 ./ieee_802.15.4/phy/source/MKW41Z/PhyTime.o
 .text.PhyTimeSetEventTrigger
                0x000086f0       0x40 ./ieee_802.15.4/phy/source/MKW41Z/PhyTime.o
                0x000086f0                PhyTimeSetEventTrigger
 .text.PhyTimeDisableEventTrigger
                0x00008730       0x38 ./ieee_802.15.4/phy/source/MKW41Z/PhyTime.o
                0x00008730                PhyTimeDisableEventTrigger
 .text.PhyTimeSetEventTimeout
                0x00008768       0x4c ./ieee_802.15.4/phy/source/MKW41Z/PhyTime.o
                0x00008768                PhyTimeSetEventTimeout
 .text.PhyTimeGetEventTimeout
                0x000087b4        0xc ./ieee_802.15.4/phy/source/MKW41Z/PhyTime.o
                0x000087b4                PhyTimeGetEventTimeout
 .text.PhyTimeDisableEventTimeout
                0x000087c0       0x3c ./ieee_802.15.4/phy/source/MKW41Z/PhyTime.o
                0x000087c0                PhyTimeDisableEventTimeout
 .text.PhyTimeReadClock
                0x000087fc       0x14 ./ieee_802.15.4/phy/source/MKW41Z/PhyTime.o
                0x000087fc                PhyTimeReadClock
 .text.PhyTimeSetWaitTimeout
                0x00008810       0x40 ./ieee_802.15.4/phy/source/MKW41Z/PhyTime.o
                0x00008810                PhyTimeSetWaitTimeout
 .text.PhyTimeDisableWaitTimeout
                0x00008850       0x30 ./ieee_802.15.4/phy/source/MKW41Z/PhyTime.o
                0x00008850                PhyTimeDisableWaitTimeout
 .text.PhyTime_TimerInit
                0x00008880       0x60 ./ieee_802.15.4/phy/source/MKW41Z/PhyTime.o
                0x00008880                PhyTime_TimerInit
 .text.PhyTime_GetTimestamp
                0x000088e0       0x68 ./ieee_802.15.4/phy/source/MKW41Z/PhyTime.o
                0x000088e0                PhyTime_GetTimestamp
 .text.PhyTime_CancelEvent
                0x00008948       0x54 ./ieee_802.15.4/phy/source/MKW41Z/PhyTime.o
                0x00008948                PhyTime_CancelEvent
 .text.PhyTime_CancelEventsWithParam
                0x0000899c       0x84 ./ieee_802.15.4/phy/source/MKW41Z/PhyTime.o
                0x0000899c                PhyTime_CancelEventsWithParam
 .text.PhyTime_RunCallback
                0x00008a20       0x44 ./ieee_802.15.4/phy/source/MKW41Z/PhyTime.o
                0x00008a20                PhyTime_RunCallback
 .text.PhyTime_Maintenance
                0x00008a64       0xa8 ./ieee_802.15.4/phy/source/MKW41Z/PhyTime.o
                0x00008a64                PhyTime_Maintenance
 .text.PhyTime_ISR
                0x00008b0c       0x48 ./ieee_802.15.4/phy/source/MKW41Z/PhyTime.o
                0x00008b0c                PhyTime_ISR
 .text.PhyTime_ScheduleEvent
                0x00008b54       0x88 ./ieee_802.15.4/phy/source/MKW41Z/PhyTime.o
                0x00008b54                PhyTime_ScheduleEvent
 .text.MAC_Init
                0x00008bdc       0x50 ./ieee_802.15.4/mac/source/App/MacGlobals.o
                0x00008bdc                MAC_Init
 .text.xEventGroupSetBitsFromISR
                0x00008c2c       0x14 ./freertos/event_groups.o
                0x00008c2c                xEventGroupSetBitsFromISR
 .text.prvSetupTimerInterrupt
                0x00008c40       0x34 ./freertos/fsl_tickless_lptmr.o
                0x00008c40                prvSetupTimerInterrupt
 .text.prvInsertBlockIntoFreeList
                0x00008c74       0x48 ./freertos/heap_4.o
 .text.pvPortMalloc
                0x00008cbc       0xfc ./freertos/heap_4.o
                0x00008cbc                pvPortMalloc
 .text.vPortFree
                0x00008db8       0x48 ./freertos/heap_4.o
                0x00008db8                vPortFree
 .text.prvTaskExitError
                0x00008e00       0x14 ./freertos/port.o
 .text.pxPortInitialiseStack
                0x00008e14       0x20 ./freertos/port.o
                0x00008e14                pxPortInitialiseStack
 .text.xPortStartScheduler
                0x00008e34       0x34 ./freertos/port.o
                0x00008e34                xPortStartScheduler
 .text.vPortYield
                0x00008e68       0x18 ./freertos/port.o
                0x00008e68                vPortYield
 .text.vPortEnterCritical
                0x00008e80       0x18 ./freertos/port.o
                0x00008e80                vPortEnterCritical
 .text.vPortExitCritical
                0x00008e98       0x1c ./freertos/port.o
                0x00008e98                vPortExitCritical
 .text.SysTick_Handler
                0x00008eb4       0x24 ./freertos/port.o
                0x00008eb4                SysTick_Handler
 .text.vQueueAddToRegistry
                0x00008ed8       0x24 ./freertos/queue.o
                0x00008ed8                vQueueAddToRegistry
 .text.prvResetNextTaskUnblockTime
                0x00008efc       0x28 ./freertos/tasks.o
 .text.prvAddCurrentTaskToDelayedList
                0x00008f24       0x70 ./freertos/tasks.o
 .text.xTaskCreate
                0x00008f94      0x1a4 ./freertos/tasks.o
                0x00008f94                xTaskCreate
 .text.vTaskStartScheduler
                0x00009138       0x5c ./freertos/tasks.o
                0x00009138                vTaskStartScheduler
 .text.vTaskSuspendAll
                0x00009194       0x10 ./freertos/tasks.o
                0x00009194                vTaskSuspendAll
 .text.xTaskGetTickCount
                0x000091a4        0xc ./freertos/tasks.o
                0x000091a4                xTaskGetTickCount
 .text.xTaskIncrementTick
                0x000091b0       0xe8 ./freertos/tasks.o
                0x000091b0                xTaskIncrementTick
 .text.xTaskResumeAll
                0x00009298       0xd0 ./freertos/tasks.o
                0x00009298                xTaskResumeAll
 .text.prvIdleTask
                0x00009368       0x68 ./freertos/tasks.o
 .text.vTaskSwitchContext
                0x000093d0       0x6c ./freertos/tasks.o
                0x000093d0                vTaskSwitchContext
 .text.vTaskPlaceOnEventList
                0x0000943c       0x24 ./freertos/tasks.o
                0x0000943c                vTaskPlaceOnEventList
 .text.vTaskPlaceOnUnorderedEventList
                0x00009460       0x40 ./freertos/tasks.o
                0x00009460                vTaskPlaceOnUnorderedEventList
 .text.vTaskPlaceOnEventListRestricted
                0x000094a0       0x30 ./freertos/tasks.o
                0x000094a0                vTaskPlaceOnEventListRestricted
 .text.xTaskRemoveFromEventList
                0x000094d0       0x78 ./freertos/tasks.o
                0x000094d0                xTaskRemoveFromEventList
 .text.xTaskRemoveFromUnorderedEventList
                0x00009548       0x70 ./freertos/tasks.o
                0x00009548                xTaskRemoveFromUnorderedEventList
 .text.vTaskSetTimeOutState
                0x000095b8       0x20 ./freertos/tasks.o
                0x000095b8                vTaskSetTimeOutState
 .text.xTaskCheckForTimeOut
                0x000095d8       0x60 ./freertos/tasks.o
                0x000095d8                xTaskCheckForTimeOut
 .text.vTaskMissedYield
                0x00009638        0xc ./freertos/tasks.o
                0x00009638                vTaskMissedYield
 .text.xTaskGetCurrentTaskHandle
                0x00009644        0xc ./freertos/tasks.o
                0x00009644                xTaskGetCurrentTaskHandle
 .text.xTaskGetSchedulerState
                0x00009650       0x20 ./freertos/tasks.o
                0x00009650                xTaskGetSchedulerState
 .text.vTaskPriorityInherit
                0x00009670       0x6c ./freertos/tasks.o
                0x00009670                vTaskPriorityInherit
 .text.xTaskPriorityDisinherit
                0x000096dc       0x6c ./freertos/tasks.o
                0x000096dc                xTaskPriorityDisinherit
 .text.uxTaskResetEventItemValue
                0x00009748       0x18 ./freertos/tasks.o
                0x00009748                uxTaskResetEventItemValue
 .text.pvTaskIncrementMutexHeldCount
                0x00009760       0x18 ./freertos/tasks.o
                0x00009760                pvTaskIncrementMutexHeldCount
 .text.prvCheckForValidListAndQueue
                0x00009778       0x5c ./freertos/timers.o
 .text.prvInsertTimerInActiveList
                0x000097d4       0x3c ./freertos/timers.o
 .text.xTimerCreateTimerTask
                0x00009810       0x3c ./freertos/timers.o
                0x00009810                xTimerCreateTimerTask
 .text.xTimerGenericCommand
                0x0000984c       0x4c ./freertos/timers.o
                0x0000984c                xTimerGenericCommand
 .text.prvSwitchTimerLists
                0x00009898       0x64 ./freertos/timers.o
 .text.prvTimerTask
                0x000098fc      0x18c ./freertos/timers.o
 .text.xTimerPendFunctionCallFromISR
                0x00009a88       0x28 ./freertos/timers.o
                0x00009a88                xTimerPendFunctionCallFromISR
 .text.XCVR_GetDefaultConfig
                0x00009ab0       0xcc ./framework/XCVR/MKW41Z4/fsl_xcvr.o
                0x00009ab0                XCVR_GetDefaultConfig
 .text.XcvrPanic
                0x00009b7c       0x18 ./framework/XCVR/MKW41Z4/fsl_xcvr.o
                0x00009b7c                XcvrPanic
 .text.XCVR_SetXtalTrim
                0x00009b94       0x24 ./framework/XCVR/MKW41Z4/fsl_xcvr.o
                0x00009b94                XCVR_SetXtalTrim
 .text.XCVR_OverrideChannel
                0x00009bb8       0xbc ./framework/XCVR/MKW41Z4/fsl_xcvr.o
                0x00009bb8                XCVR_OverrideChannel
 .text.XCVR_ForceRxWu
                0x00009c74       0x10 ./framework/XCVR/MKW41Z4/fsl_xcvr.o
                0x00009c74                XCVR_ForceRxWu
 .text.XCVR_ForceRxWd
                0x00009c84       0x10 ./framework/XCVR/MKW41Z4/fsl_xcvr.o
                0x00009c84                XCVR_ForceRxWd
 .text.XCVR_Configure
                0x00009c94      0x60c ./framework/XCVR/MKW41Z4/fsl_xcvr.o
                0x00009c94                XCVR_Configure
 .text.XCVR_Init
                0x0000a2a0       0xac ./framework/XCVR/MKW41Z4/fsl_xcvr.o
                0x0000a2a0                XCVR_Init
 .text.rx_dc_est_average
                0x0000a34c       0xbc ./framework/XCVR/MKW41Z4/fsl_xcvr_trim.o
                0x0000a34c                rx_dc_est_average
 .text.rx_bba_dcoc_dac_trim_DCest
                0x0000a408      0x414 ./framework/XCVR/MKW41Z4/fsl_xcvr_trim.o
                0x0000a408                rx_bba_dcoc_dac_trim_DCest
 .text.DCOC_DAC_INIT_Cal
                0x0000a81c      0x2cc ./framework/XCVR/MKW41Z4/fsl_xcvr_trim.o
                0x0000a81c                DCOC_DAC_INIT_Cal
 .text.read_resource_ifr
                0x0000aae8       0x60 ./framework/XCVR/MKW41Z4/ifr_radio.o
                0x0000aae8                read_resource_ifr
 .text.read_another_ifr_word
                0x0000ab48       0x18 ./framework/XCVR/MKW41Z4/ifr_radio.o
                0x0000ab48                read_another_ifr_word
 .text.handle_ifr
                0x0000ab60       0x98 ./framework/XCVR/MKW41Z4/ifr_radio.o
                0x0000ab60                handle_ifr
 .text.StackTimer_Init
                0x0000abf8       0x74 ./framework/TimersManager/Source/TMR_Adapter.o
                0x0000abf8                StackTimer_Init
 .text.StackTimer_Enable
                0x0000ac6c       0x18 ./framework/TimersManager/Source/TMR_Adapter.o
                0x0000ac6c                StackTimer_Enable
 .text.StackTimer_Disable
                0x0000ac84       0x18 ./framework/TimersManager/Source/TMR_Adapter.o
                0x0000ac84                StackTimer_Disable
 .text.StackTimer_GetCounterValue
                0x0000ac9c        0xc ./framework/TimersManager/Source/TMR_Adapter.o
                0x0000ac9c                StackTimer_GetCounterValue
 .text.StackTimer_SetOffsetTicks
                0x0000aca8       0x14 ./framework/TimersManager/Source/TMR_Adapter.o
                0x0000aca8                StackTimer_SetOffsetTicks
 .text.StackTimer_ClearIntFlag
                0x0000acbc        0xc ./framework/TimersManager/Source/TMR_Adapter.o
                0x0000acbc                StackTimer_ClearIntFlag
 .text.StackTimer_ISR
                0x0000acc8       0x18 ./framework/TimersManager/Source/TimersManager.o
 .text.TMR_NotifyClkChanged
                0x0000ace0       0x40 ./framework/TimersManager/Source/TimersManager.o
                0x0000ace0                TMR_NotifyClkChanged
 .text.TMR_Init
                0x0000ad20       0x58 ./framework/TimersManager/Source/TimersManager.o
                0x0000ad20                TMR_Init
 .text.TMR_AllocateTimer
                0x0000ad78       0x20 ./framework/TimersManager/Source/TimersManager.o
                0x0000ad78                TMR_AllocateTimer
 .text.TMR_IsTimerActive
                0x0000ad98       0x18 ./framework/TimersManager/Source/TimersManager.o
                0x0000ad98                TMR_IsTimerActive
 .text.TMR_StopTimer
                0x0000adb0       0x7c ./framework/TimersManager/Source/TimersManager.o
                0x0000adb0                TMR_StopTimer
 .text.TMR_Task
                0x0000ae2c      0x19c ./framework/TimersManager/Source/TimersManager.o
                0x0000ae2c                TMR_Task
 .text.TMR_EnableTimer
                0x0000afc8       0x50 ./framework/TimersManager/Source/TimersManager.o
                0x0000afc8                TMR_EnableTimer
 .text.TMR_StartTimer
                0x0000b018       0x94 ./framework/TimersManager/Source/TimersManager.o
                0x0000b018                TMR_StartTimer
 .text.LPUART_ISR
                0x0000b0ac       0xb8 ./framework/SerialManager/Source/UART_Adapter/UART_Adapter.o
 .text.LPUART_Initialize
                0x0000b164       0x88 ./framework/SerialManager/Source/UART_Adapter/UART_Adapter.o
                0x0000b164                LPUART_Initialize
 .text.LPUART_SetBaudrate
                0x0000b1ec       0x24 ./framework/SerialManager/Source/UART_Adapter/UART_Adapter.o
                0x0000b1ec                LPUART_SetBaudrate
 .text.LPUART_SendData
                0x0000b210       0x74 ./framework/SerialManager/Source/UART_Adapter/UART_Adapter.o
                0x0000b210                LPUART_SendData
 .text.LPUART_InstallRxCalback
                0x0000b284       0x18 ./framework/SerialManager/Source/UART_Adapter/UART_Adapter.o
                0x0000b284                LPUART_InstallRxCalback
 .text.LPUART_InstallTxCalback
                0x0000b29c       0x18 ./framework/SerialManager/Source/UART_Adapter/UART_Adapter.o
                0x0000b29c                LPUART_InstallTxCalback
 .text.LPUART_IsTxActive
                0x0000b2b4       0x2c ./framework/SerialManager/Source/UART_Adapter/UART_Adapter.o
                0x0000b2b4                LPUART_IsTxActive
 .text.Serial_WriteInternal
                0x0000b2e0       0x8c ./framework/SerialManager/Source/SerialManager.o
 .text.Serial_TxQueueMaintenance.part.0
                0x0000b36c       0xa4 ./framework/SerialManager/Source/SerialManager.o
 .text.Serial_RxBufferByteCount.part.1
                0x0000b410       0x34 ./framework/SerialManager/Source/SerialManager.o
 .text.SerialManagerTask
                0x0000b444       0x9c ./framework/SerialManager/Source/SerialManager.o
                0x0000b444                SerialManagerTask
 .text.SerialManager_Init
                0x0000b4e0       0x5c ./framework/SerialManager/Source/SerialManager.o
                0x0000b4e0                SerialManager_Init
 .text.Serial_InitInterface
                0x0000b53c       0xac ./framework/SerialManager/Source/SerialManager.o
                0x0000b53c                Serial_InitInterface
 .text.Serial_AsyncWrite
                0x0000b5e8       0xf4 ./framework/SerialManager/Source/SerialManager.o
                0x0000b5e8                Serial_AsyncWrite
 .text.Serial_SyncWrite
                0x0000b6dc       0x8c ./framework/SerialManager/Source/SerialManager.o
                0x0000b6dc                Serial_SyncWrite
 .text.Serial_Read
                0x0000b768       0x78 ./framework/SerialManager/Source/SerialManager.o
                0x0000b768                Serial_Read
 .text.Serial_SetRxCallBack
                0x0000b7e0       0x18 ./framework/SerialManager/Source/SerialManager.o
                0x0000b7e0                Serial_SetRxCallBack
 .text.Serial_SetBaudRate
                0x0000b7f8       0x30 ./framework/SerialManager/Source/SerialManager.o
                0x0000b7f8                Serial_SetBaudRate
 .text.SerialManager_RxNotify
                0x0000b828       0x78 ./framework/SerialManager/Source/SerialManager.o
                0x0000b828                SerialManager_RxNotify
 .text.Serial_UartRxCb
                0x0000b8a0       0x28 ./framework/SerialManager/Source/SerialManager.o
 .text.SerialManager_TxNotify
                0x0000b8c8       0x9c ./framework/SerialManager/Source/SerialManager.o
                0x0000b8c8                SerialManager_TxNotify
 .text.SecLib_Init
                0x0000b964       0x2c ./framework/SecLib/SecLib.o
                0x0000b964                SecLib_Init
 .text.AES_128_CCM
                0x0000b990       0x9c ./framework/SecLib/SecLib.o
                0x0000b990                AES_128_CCM
 .text.TRNG_ISR
                0x0000ba2c       0x34 ./framework/RNG/Source/RNG.o
 .text.RNG_Init
                0x0000ba60       0xa4 ./framework/RNG/Source/RNG.o
                0x0000ba60                RNG_Init
 .text.osObjectIsAllocated.constprop.3
                0x0000bb04       0x24 ./framework/OSAbstraction/Source/fsl_os_abstraction_free_rtos.o
 .text.OSA_EventSet
                0x0000bb28       0x64 ./framework/OSAbstraction/Source/fsl_os_abstraction_free_rtos.o
                0x0000bb28                OSA_EventSet
 .text.OSA_SemaphorePost
                0x0000bb8c       0x4c ./framework/OSAbstraction/Source/fsl_os_abstraction_free_rtos.o
                0x0000bb8c                OSA_SemaphorePost
 .text.OSA_InterruptEnable
                0x0000bbd8       0x30 ./framework/OSAbstraction/Source/fsl_os_abstraction_free_rtos.o
                0x0000bbd8                OSA_InterruptEnable
 .text.OSA_InterruptDisable
                0x0000bc08       0x34 ./framework/OSAbstraction/Source/fsl_os_abstraction_free_rtos.o
                0x0000bc08                OSA_InterruptDisable
 .text.OSA_EventCreate
                0x0000bc3c       0x60 ./framework/OSAbstraction/Source/fsl_os_abstraction_free_rtos.o
                0x0000bc3c                OSA_EventCreate
 .text.startup.main
                0x0000bc9c       0x1c ./framework/OSAbstraction/Source/fsl_os_abstraction_free_rtos.o
                0x0000bc9c                main
 .text.NvClearCriticalSection
                0x0000bcb8       0x20 ./framework/NVM/Source/NV_Flash.o
                0x0000bcb8                NvClearCriticalSection
 .text.MEM_Init
                0x0000bcd8       0x6c ./framework/MemManager/Source/MemManager.o
                0x0000bcd8                MEM_Init
 .text.MEM_BufferAllocWithId
                0x0000bd44       0x64 ./framework/MemManager/Source/MemManager.o
                0x0000bd44                MEM_BufferAllocWithId
 .text.MEM_BufferFree
                0x0000bda8       0x6c ./framework/MemManager/Source/MemManager.o
                0x0000bda8                MEM_BufferFree
 .text.PWR_AllowDeviceToSleep
                0x0000be14       0x1c ./framework/LowPower/Source/MKW41Z/PWR.o
                0x0000be14                PWR_AllowDeviceToSleep
 .text.PWR_DisallowDeviceToSleep
                0x0000be30       0x1c ./framework/LowPower/Source/MKW41Z/PWR.o
                0x0000be30                PWR_DisallowDeviceToSleep
 .text.PWR_AllowXcvrToSleep
                0x0000be4c       0x1c ./framework/LowPower/Source/MKW41Z/PWR.o
                0x0000be4c                PWR_AllowXcvrToSleep
 .text.PWR_DisallowXcvrToSleep
                0x0000be68       0x1c ./framework/LowPower/Source/MKW41Z/PWR.o
                0x0000be68                PWR_DisallowXcvrToSleep
 .text.PWR_RegisterLowPowerEnterCallback
                0x0000be84        0xc ./framework/LowPower/Source/MKW41Z/PWR.o
                0x0000be84                PWR_RegisterLowPowerEnterCallback
 .text.PWR_RegisterLowPowerExitCallback
                0x0000be90        0xc ./framework/LowPower/Source/MKW41Z/PWR.o
                0x0000be90                PWR_RegisterLowPowerExitCallback
 .text.LED_Init
                0x0000be9c       0x20 ./framework/LED/Source/LED.o
                0x0000be9c                LED_Init
 .text.LED_Operate
                0x0000bebc       0x48 ./framework/LED/Source/LED.o
                0x0000bebc                LED_Operate
 .text.LED_FlashTimeout
                0x0000bf04       0x80 ./framework/LED/Source/LED.o
 .text.LED_StopFlash
                0x0000bf84       0x24 ./framework/LED/Source/LED.o
                0x0000bf84                LED_StopFlash
 .text.LED_StartFlashWithPeriod
                0x0000bfa8       0x34 ./framework/LED/Source/LED.o
                0x0000bfa8                LED_StartFlashWithPeriod
 .text.LED_StartBlip
                0x0000bfdc       0x28 ./framework/LED/Source/LED.o
                0x0000bfdc                LED_StartBlip
 .text.LED_StartSerialFlashWithPeriod
                0x0000c004       0x3c ./framework/LED/Source/LED.o
                0x0000c004                LED_StartSerialFlashWithPeriod
 .text.LED_StopSerialFlash
                0x0000c040       0x38 ./framework/LED/Source/LED.o
                0x0000c040                LED_StopSerialFlash
 .text.LED_SetLed
                0x0000c078       0x70 ./framework/LED/Source/LED.o
                0x0000c078                LED_SetLed
 .text.KeyScan  0x0000c0e8      0x138 ./framework/Keyboard/Source/Keyboard.o
 .text.Switch_Press_ISR
                0x0000c220       0x58 ./framework/Keyboard/Source/Keyboard.o
                0x0000c220                Switch_Press_ISR
 .text.KBD_Init
                0x0000c278       0x7c ./framework/Keyboard/Source/Keyboard.o
                0x0000c278                KBD_Init
 .text.Gpio_CommonIsr
                0x0000c2f4       0x50 ./framework/GPIO/GPIO_Adapter.o
 .text.NVIC_SetPriority
                0x0000c344       0x50 ./framework/GPIO/GPIO_Adapter.o
 .text.GpioGetPinPCR
                0x0000c394       0x10 ./framework/GPIO/GPIO_Adapter.o
                0x0000c394                GpioGetPinPCR
 .text.GpioSetPinPCR_ISF_Preserved
                0x0000c3a4       0x18 ./framework/GPIO/GPIO_Adapter.o
                0x0000c3a4                GpioSetPinPCR_ISF_Preserved
 .text.GpioSetPinMux
                0x0000c3bc       0x28 ./framework/GPIO/GPIO_Adapter.o
                0x0000c3bc                GpioSetPinMux
 .text.GpioSetPinMux_ISF_Preserved
                0x0000c3e4       0x28 ./framework/GPIO/GPIO_Adapter.o
                0x0000c3e4                GpioSetPinMux_ISF_Preserved
 .text.GpioClearPinIntFlag
                0x0000c40c       0x18 ./framework/GPIO/GPIO_Adapter.o
                0x0000c40c                GpioClearPinIntFlag
 .text.GpioIsPinIntPending
                0x0000c424       0x1c ./framework/GPIO/GPIO_Adapter.o
                0x0000c424                GpioIsPinIntPending
 .text.GpioSetPinOutput
                0x0000c440       0x18 ./framework/GPIO/GPIO_Adapter.o
                0x0000c440                GpioSetPinOutput
 .text.GpioClearPinOutput
                0x0000c458       0x18 ./framework/GPIO/GPIO_Adapter.o
                0x0000c458                GpioClearPinOutput
 .text.GpioTogglePinOutput
                0x0000c470       0x18 ./framework/GPIO/GPIO_Adapter.o
                0x0000c470                GpioTogglePinOutput
 .text.GpioReadPinInput
                0x0000c488       0x18 ./framework/GPIO/GPIO_Adapter.o
                0x0000c488                GpioReadPinInput
 .text.GpioInputPinInit
                0x0000c4a0       0x80 ./framework/GPIO/GPIO_Adapter.o
                0x0000c4a0                GpioInputPinInit
 .text.GpioOutputPinInit
                0x0000c520       0x74 ./framework/GPIO/GPIO_Adapter.o
                0x0000c520                GpioOutputPinInit
 .text.GpioInstallIsr
                0x0000c594      0x160 ./framework/GPIO/GPIO_Adapter.o
                0x0000c594                GpioInstallIsr
 .text.NV_ComputeCrcOverHWParameters
                0x0000c6f4       0x3c ./framework/Flash/Internal/Flash_Adapter.o
 .text.NV_Flash_ClearCriticalSection
                0x0000c730       0x54 ./framework/Flash/Internal/Flash_Adapter.o
                0x0000c730                NV_Flash_ClearCriticalSection
 .text.NV_ReadHWParameters
                0x0000c784       0x50 ./framework/Flash/Internal/Flash_Adapter.o
                0x0000c784                NV_ReadHWParameters
 .text.DCDC_GetOutputTargetsBuck
                0x0000c7d4       0x90 ./framework/DCDC/Source/DCDC.o
 .text.DCDC_MakeADCConversion
                0x0000c864       0x28 ./framework/DCDC/Source/DCDC.o
 .text.DCDC_Get1P8VOutputTargetAndVBatInmV
                0x0000c88c       0x5c ./framework/DCDC/Source/DCDC.o
 .text.DCDC_AdjustVbatDiv.part.0
                0x0000c8e8       0x3c ./framework/DCDC/Source/DCDC.o
 .text.DCDC_VBatMonitorBuck
                0x0000c924      0x138 ./framework/DCDC/Source/DCDC.o
 .text.DCDC_mVToMcuVOutputTargetBoost
                0x0000ca5c       0x44 ./framework/DCDC/Source/DCDC.o
                0x0000ca5c                DCDC_mVToMcuVOutputTargetBoost
 .text.DCDC_GetOutputTargetsBoost
                0x0000caa0       0xf4 ./framework/DCDC/Source/DCDC.o
 .text.DCDC_VBatMonitorBoost
                0x0000cb94      0x130 ./framework/DCDC/Source/DCDC.o
 .text.DCDC_Init
                0x0000ccc4      0x18c ./framework/DCDC/Source/DCDC.o
                0x0000ccc4                DCDC_Init
 .text.DCDC_PrepareForPulsedMode
                0x0000ce50       0x44 ./framework/DCDC/Source/DCDC.o
                0x0000ce50                DCDC_PrepareForPulsedMode
 .text.DCDC_PrepareForContinuousMode
                0x0000ce94       0x48 ./framework/DCDC/Source/DCDC.o
                0x0000ce94                DCDC_PrepareForContinuousMode
 .text.ADC16_Init
                0x0000cedc       0x8c ./drivers/fsl_adc16.o
                0x0000cedc                ADC16_Init
 .text.CLOCK_GetMcgExtClkFreq
                0x0000cf68       0x20 ./drivers/fsl_clock.o
 .text.CLOCK_GetFllExtRefClkFreq
                0x0000cf88       0x40 ./drivers/fsl_clock.o
 .text.CLOCK_GetInternalRefClkSelectFreq
                0x0000cfc8       0x28 ./drivers/fsl_clock.o
 .text.CLOCK_GetOsc0ErClkFreq
                0x0000cff0        0xc ./drivers/fsl_clock.o
                0x0000cff0                CLOCK_GetOsc0ErClkFreq
 .text.CLOCK_SetSimConfig
                0x0000cffc       0x2c ./drivers/fsl_clock.o
                0x0000cffc                CLOCK_SetSimConfig
 .text.CLOCK_GetFllFreq
                0x0000d028       0x48 ./drivers/fsl_clock.o
                0x0000d028                CLOCK_GetFllFreq
 .text.CLOCK_GetInternalRefClkFreq
                0x0000d070       0x18 ./drivers/fsl_clock.o
                0x0000d070                CLOCK_GetInternalRefClkFreq
 .text.CLOCK_SetExternalRefClkConfig
                0x0000d088       0x34 ./drivers/fsl_clock.o
                0x0000d088                CLOCK_SetExternalRefClkConfig
 .text.CLOCK_SetInternalRefClkConfig
                0x0000d0bc       0x74 ./drivers/fsl_clock.o
                0x0000d0bc                CLOCK_SetInternalRefClkConfig
 .text.CLOCK_InitOsc0
                0x0000d130       0x44 ./drivers/fsl_clock.o
                0x0000d130                CLOCK_InitOsc0
 .text.CLOCK_SetFeeMode
                0x0000d174       0x88 ./drivers/fsl_clock.o
                0x0000d174                CLOCK_SetFeeMode
 .text.InstallIRQHandler
                0x0000d1fc       0x50 ./drivers/fsl_common.o
                0x0000d1fc                InstallIRQHandler
 .text.DSPI_CommonIRQHandler
                0x0000d24c       0x1c ./drivers/fsl_dspi.o
 .text.SPI0_DriverIRQHandler
                0x0000d268       0x18 ./drivers/fsl_dspi.o
                0x0000d268                SPI0_DriverIRQHandler
 .text.SPI1_DriverIRQHandler
                0x0000d280       0x18 ./drivers/fsl_dspi.o
                0x0000d280                SPI1_DriverIRQHandler
 .text.I2C_TransferCommonIRQHandler
                0x0000d298       0x28 ./drivers/fsl_i2c.o
 .text.I2C0_DriverIRQHandler
                0x0000d2c0       0x18 ./drivers/fsl_i2c.o
                0x0000d2c0                I2C0_DriverIRQHandler
 .text.I2C1_DriverIRQHandler
                0x0000d2d8       0x18 ./drivers/fsl_i2c.o
                0x0000d2d8                I2C1_DriverIRQHandler
 .text.LPUART_Init
                0x0000d2f0      0x158 ./drivers/fsl_lpuart.o
                0x0000d2f0                LPUART_Init
 .text.LPUART_SetBaudRate
                0x0000d448       0xd0 ./drivers/fsl_lpuart.o
                0x0000d448                LPUART_SetBaudRate
 .text.LPUART_GetEnabledInterrupts
                0x0000d518       0x18 ./drivers/fsl_lpuart.o
                0x0000d518                LPUART_GetEnabledInterrupts
 .text.LPUART_ClearStatusFlags
                0x0000d530       0x44 ./drivers/fsl_lpuart.o
                0x0000d530                LPUART_ClearStatusFlags
 .text.LPUART0_DriverIRQHandler
                0x0000d574       0x1c ./drivers/fsl_lpuart.o
                0x0000d574                LPUART0_DriverIRQHandler
 .text.ltc_aes_ccm_process.part.2
                0x0000d590      0x33c ./drivers/fsl_ltc.o
 .text.LTC_Init
                0x0000d8cc       0x14 ./drivers/fsl_ltc.o
                0x0000d8cc                LTC_Init
 .text.LTC_AES_EncryptTagCcm
                0x0000d8e0       0x88 ./drivers/fsl_ltc.o
                0x0000d8e0                LTC_AES_EncryptTagCcm
 .text.LTC_AES_DecryptTagCcm
                0x0000d968       0xa4 ./drivers/fsl_ltc.o
                0x0000d968                LTC_AES_DecryptTagCcm
 .text.TPM_Init
                0x0000da0c       0xa8 ./drivers/fsl_tpm.o
                0x0000da0c                TPM_Init
 .text.TPM_SetupOutputCompare
                0x0000dab4       0x40 ./drivers/fsl_tpm.o
                0x0000dab4                TPM_SetupOutputCompare
 .text.trng_SetStatisticalCheckLimit
                0x0000daf4      0x1a8 ./drivers/fsl_trng.o
 .text.TRNG_GetDefaultConfig
                0x0000dc9c       0x7c ./drivers/fsl_trng.o
                0x0000dc9c                TRNG_GetDefaultConfig
 .text.TRNG_Init
                0x0000dd18      0x188 ./drivers/fsl_trng.o
                0x0000dd18                TRNG_Init
 .text.BOARD_SetPinsLowPower.part.0
                0x0000dea0       0x34 ./board/board.o
 .text.BOARD_EnterLowPowerCb
                0x0000ded4       0x24 ./board/board.o
                0x0000ded4                BOARD_EnterLowPowerCb
 .text.NMI_Handler
                0x0000def8       0x20 ./board/board.o
                0x0000def8                NMI_Handler
 .text.BOARD_DCDCInit
                0x0000df18       0x10 ./board/board.o
                0x0000df18                BOARD_DCDCInit
 .text.BOARD_InstallLowPowerCallbacks
                0x0000df28       0x18 ./board/board.o
                0x0000df28                BOARD_InstallLowPowerCallbacks
 .text.hardware_init
                0x0000df40       0xd8 ./board/board.o
                0x0000df40                hardware_init
 .text.BOARD_SetPinsLowPower
                0x0000e018       0x30 ./board/board.o
                0x0000e018                BOARD_SetPinsLowPower
 .text.BOARD_GetLpuartClock
                0x0000e048       0x34 ./board/board.o
                0x0000e048                BOARD_GetLpuartClock
 .text.BOARD_GetTpmClock
                0x0000e07c       0x34 ./board/board.o
                0x0000e07c                BOARD_GetTpmClock
 .text.CLOCK_CONFIG_FllStableDelay
                0x0000e0b0       0x14 ./board/clock_config.o
 .text.BOARD_RfOscInit
                0x0000e0c4       0x7c ./board/clock_config.o
                0x0000e0c4                BOARD_RfOscInit
 .text.BOARD_InitOsc0
                0x0000e140       0x20 ./board/clock_config.o
                0x0000e140                BOARD_InitOsc0
 .text.BOARD_BootClockRUN
                0x0000e160       0xec ./board/clock_config.o
                0x0000e160                BOARD_BootClockRUN
 .text.CLOCK_EnableClock
                0x0000e24c       0x14 ./board/pin_mux.o
 .text.BOARD_InitButtons
                0x0000e260       0x30 ./board/pin_mux.o
                0x0000e260                BOARD_InitButtons
 .text.BOARD_InitLEDs
                0x0000e290       0x68 ./board/pin_mux.o
                0x0000e290                BOARD_InitLEDs
 .text.BOARD_InitLPUART
                0x0000e2f8       0x44 ./board/pin_mux.o
                0x0000e2f8                BOARD_InitLPUART
 .text.SystemInit
                0x0000e33c       0x10 ./CMSIS/system_MKW41Z4.o
                0x0000e33c                SystemInit
 .text.roundf   0x0000e34c       0x44 c:/nxp/mcuxpressoide_11.0.1_2563/ide/plugins/com.nxp.mcuxpresso.tools.win32_11.0.1.201907311258/tools/bin/../lib/gcc/arm-none-eabi/8.2.1/../../../../arm-none-eabi/lib/thumb/v6-m/nofp\libm.a(lib_a-sf_round.o)
                0x0000e34c                roundf
 .text.exit     0x0000e390       0x20 c:/nxp/mcuxpressoide_11.0.1_2563/ide/plugins/com.nxp.mcuxpresso.tools.win32_11.0.1.201907311258/tools/bin/../lib/gcc/arm-none-eabi/8.2.1/../../../../arm-none-eabi/lib/thumb/v6-m/nofp\libc.a(lib_a-exit.o)
                0x0000e390                exit
 .text.__libc_init_array
                0x0000e3b0       0x44 c:/nxp/mcuxpressoide_11.0.1_2563/ide/plugins/com.nxp.mcuxpresso.tools.win32_11.0.1.201907311258/tools/bin/../lib/gcc/arm-none-eabi/8.2.1/../../../../arm-none-eabi/lib/thumb/v6-m/nofp\libc.a(lib_a-init.o)
                0x0000e3b0                __libc_init_array
 .text.memcpy   0x0000e3f4       0xa4 c:/nxp/mcuxpressoide_11.0.1_2563/ide/plugins/com.nxp.mcuxpresso.tools.win32_11.0.1.201907311258/tools/bin/../lib/gcc/arm-none-eabi/8.2.1/../../../../arm-none-eabi/lib/thumb/v6-m/nofp\libc.a(lib_a-memcpy-stub.o)
                0x0000e3f4                memcpy
 .text.memset   0x0000e498       0xa8 c:/nxp/mcuxpressoide_11.0.1_2563/ide/plugins/com.nxp.mcuxpresso.tools.win32_11.0.1.201907311258/tools/bin/../lib/gcc/arm-none-eabi/8.2.1/../../../../arm-none-eabi/lib/thumb/v6-m/nofp\libc.a(lib_a-memset.o)
                0x0000e498                memset
 .text.strlen   0x0000e540       0x68 c:/nxp/mcuxpressoide_11.0.1_2563/ide/plugins/com.nxp.mcuxpresso.tools.win32_11.0.1.201907311258/tools/bin/../lib/gcc/arm-none-eabi/8.2.1/../../../../arm-none-eabi/lib/thumb/v6-m/nofp\libc.a(lib_a-strlen-stub.o)
                0x0000e540                strlen
 .text.startup.register_fini
                0x0000e5a8       0x18 c:/nxp/mcuxpressoide_11.0.1_2563/ide/plugins/com.nxp.mcuxpresso.tools.win32_11.0.1.201907311258/tools/bin/../lib/gcc/arm-none-eabi/8.2.1/../../../../arm-none-eabi/lib/thumb/v6-m/nofp\libc.a(lib_a-__call_atexit.o)
 .text.__call_exitprocs
                0x0000e5c0       0xd4 c:/nxp/mcuxpressoide_11.0.1_2563/ide/plugins/com.nxp.mcuxpresso.tools.win32_11.0.1.201907311258/tools/bin/../lib/gcc/arm-none-eabi/8.2.1/../../../../arm-none-eabi/lib/thumb/v6-m/nofp\libc.a(lib_a-__call_atexit.o)
                0x0000e5c0                __call_exitprocs
 .text.atexit   0x0000e694       0x10 c:/nxp/mcuxpressoide_11.0.1_2563/ide/plugins/com.nxp.mcuxpresso.tools.win32_11.0.1.201907311258/tools/bin/../lib/gcc/arm-none-eabi/8.2.1/../../../../arm-none-eabi/lib/thumb/v6-m/nofp\libc.a(lib_a-atexit.o)
                0x0000e694                atexit
 .text.__libc_fini_array
                0x0000e6a4       0x28 c:/nxp/mcuxpressoide_11.0.1_2563/ide/plugins/com.nxp.mcuxpresso.tools.win32_11.0.1.201907311258/tools/bin/../lib/gcc/arm-none-eabi/8.2.1/../../../../arm-none-eabi/lib/thumb/v6-m/nofp\libc.a(lib_a-fini.o)
                0x0000e6a4                __libc_fini_array
 .text.__retarget_lock_acquire_recursive
                0x0000e6cc        0x4 c:/nxp/mcuxpressoide_11.0.1_2563/ide/plugins/com.nxp.mcuxpresso.tools.win32_11.0.1.201907311258/tools/bin/../lib/gcc/arm-none-eabi/8.2.1/../../../../arm-none-eabi/lib/thumb/v6-m/nofp\libc.a(lib_a-lock.o)
                0x0000e6cc                __retarget_lock_acquire_recursive
 .text.__retarget_lock_release_recursive
                0x0000e6d0        0x4 c:/nxp/mcuxpressoide_11.0.1_2563/ide/plugins/com.nxp.mcuxpresso.tools.win32_11.0.1.201907311258/tools/bin/../lib/gcc/arm-none-eabi/8.2.1/../../../../arm-none-eabi/lib/thumb/v6-m/nofp\libc.a(lib_a-lock.o)
                0x0000e6d0                __retarget_lock_release_recursive
 .text.__register_exitproc
                0x0000e6d4       0xc0 c:/nxp/mcuxpressoide_11.0.1_2563/ide/plugins/com.nxp.mcuxpresso.tools.win32_11.0.1.201907311258/tools/bin/../lib/gcc/arm-none-eabi/8.2.1/../../../../arm-none-eabi/lib/thumb/v6-m/nofp\libc.a(lib_a-__atexit.o)
                0x0000e6d4                __register_exitproc
 .text._exit    0x0000e794        0x4 c:/nxp/mcuxpressoide_11.0.1_2563/ide/plugins/com.nxp.mcuxpresso.tools.win32_11.0.1.201907311258/tools/bin/../lib/gcc/arm-none-eabi/8.2.1/../../../../arm-none-eabi/lib/thumb/v6-m/nofp\libnosys.a(_exit.o)
                0x0000e794                _exit
 .text.App_ExecuteCommand
                0x0000e798       0x1a ./source/mwa_end_device.o
                0x0000e798                App_ExecuteCommand
 .text.MPM_AcquirePAN
                0x0000e7b2        0x4 ./ieee_802.15.4/phy/source/MKW41Z/MPM.o
                0x0000e7b2                MPM_AcquirePAN
 .text.MPM_ReleasePAN
                0x0000e7b6        0x4 ./ieee_802.15.4/phy/source/MKW41Z/MPM.o
                0x0000e7b6                MPM_ReleasePAN
 .text.Phy_SendLatePD
                0x0000e7ba        0xa ./ieee_802.15.4/phy/source/MKW41Z/PhyStateMachine.o
 .text.Phy_SendLatePLME
                0x0000e7c4        0xa ./ieee_802.15.4/phy/source/MKW41Z/PhyStateMachine.o
 .text.BindToPHY
                0x0000e7ce        0x4 ./ieee_802.15.4/phy/source/MKW41Z/PhyStateMachine.o
                0x0000e7ce                BindToPHY
 .text.Phy_SetSequenceTiming
                0x0000e7d2       0x54 ./ieee_802.15.4/phy/source/MKW41Z/PhyStateMachine.o
                0x0000e7d2                Phy_SetSequenceTiming
 .text.Radio_Phy_PdDataIndication
                0x0000e826        0xe ./ieee_802.15.4/phy/source/MKW41Z/PhyStateMachine.o
                0x0000e826                Radio_Phy_PdDataIndication
 .text.Radio_Phy_TimeWaitTimeoutIndication
                0x0000e834        0x8 ./ieee_802.15.4/phy/source/MKW41Z/PhyStateMachine.o
                0x0000e834                Radio_Phy_TimeWaitTimeoutIndication
 .text.Radio_Phy_TimeStartEventIndication
                0x0000e83c        0x2 ./ieee_802.15.4/phy/source/MKW41Z/PhyStateMachine.o
                0x0000e83c                Radio_Phy_TimeStartEventIndication
 .text.Radio_Phy_PlmeSyncLossIndication
                0x0000e83e       0x10 ./ieee_802.15.4/phy/source/MKW41Z/PhyStateMachine.o
                0x0000e83e                Radio_Phy_PlmeSyncLossIndication
 .text.MAC_Monitor
                0x0000e84e        0x2 ./ieee_802.15.4/mac/source/App/FsciMacCommands.o
                0x0000e84e                MAC_Monitor
 .text.xEventGroupCreate
                0x0000e850       0x18 ./freertos/event_groups.o
                0x0000e850                xEventGroupCreate
 .text.xEventGroupWaitBits
                0x0000e868       0xce ./freertos/event_groups.o
                0x0000e868                xEventGroupWaitBits
 .text.xEventGroupSetBits
                0x0000e936       0x78 ./freertos/event_groups.o
                0x0000e936                xEventGroupSetBits
 .text.vEventGroupSetBitsCallback
                0x0000e9ae        0x8 ./freertos/event_groups.o
                0x0000e9ae                vEventGroupSetBitsCallback
 .text.vListInitialise
                0x0000e9b6       0x16 ./freertos/list.o
                0x0000e9b6                vListInitialise
 .text.vListInitialiseItem
                0x0000e9cc        0x6 ./freertos/list.o
                0x0000e9cc                vListInitialiseItem
 .text.vListInsertEnd
                0x0000e9d2       0x18 ./freertos/list.o
                0x0000e9d2                vListInsertEnd
 .text.vListInsert
                0x0000e9ea       0x2e ./freertos/list.o
                0x0000e9ea                vListInsert
 .text.uxListRemove
                0x0000ea18       0x1e ./freertos/list.o
                0x0000ea18                uxListRemove
 .text.SVC_Handler
                0x0000ea36        0x2 ./freertos/port.o
                0x0000ea36                SVC_Handler
 .text.ulSetInterruptMaskFromISR
                0x0000ea38        0xa ./freertos/port.o
                0x0000ea38                ulSetInterruptMaskFromISR
 .text.vClearInterruptMaskFromISR
                0x0000ea42        0x6 ./freertos/port.o
                0x0000ea42                vClearInterruptMaskFromISR
 .text.prvCopyDataToQueue
                0x0000ea48       0x70 ./freertos/queue.o
 .text.prvCopyDataFromQueue
                0x0000eab8       0x24 ./freertos/queue.o
 .text.prvUnlockQueue
                0x0000eadc       0x6a ./freertos/queue.o
 .text.xQueueGenericReset
                0x0000eb46       0x68 ./freertos/queue.o
                0x0000eb46                xQueueGenericReset
 .text.xQueueGenericCreate
                0x0000ebae       0x3e ./freertos/queue.o
                0x0000ebae                xQueueGenericCreate
 .text.xQueueGetMutexHolder
                0x0000ebec       0x1a ./freertos/queue.o
                0x0000ebec                xQueueGetMutexHolder
 .text.xQueueCreateCountingSemaphore
                0x0000ec06       0x24 ./freertos/queue.o
                0x0000ec06                xQueueCreateCountingSemaphore
 .text.xQueueGenericSend
                0x0000ec2a      0x120 ./freertos/queue.o
                0x0000ec2a                xQueueGenericSend
 .text.xQueueCreateMutex
                0x0000ed4a       0x38 ./freertos/queue.o
                0x0000ed4a                xQueueCreateMutex
 .text.xQueueGenericSendFromISR
                0x0000ed82       0x92 ./freertos/queue.o
                0x0000ed82                xQueueGenericSendFromISR
 .text.xQueueGiveFromISR
                0x0000ee14       0x78 ./freertos/queue.o
                0x0000ee14                xQueueGiveFromISR
 .text.xQueueGenericReceive
                0x0000ee8c      0x150 ./freertos/queue.o
                0x0000ee8c                xQueueGenericReceive
 .text.vQueueWaitForMessageRestricted
                0x0000efdc       0x4a ./freertos/queue.o
                0x0000efdc                vQueueWaitForMessageRestricted
 .text.calc_dcoc_dac_step
                0x0000f026       0x38 ./framework/XCVR/MKW41Z4/fsl_xcvr_trim.o
                0x0000f026                calc_dcoc_dac_step
 .text.store_sw_trim
                0x0000f05e       0x22 ./framework/XCVR/MKW41Z4/ifr_radio.o
                0x0000f05e                store_sw_trim
 .text.StackTimer_GetInputFrequency
                0x0000f080        0xc ./framework/TimersManager/Source/TMR_Adapter.o
                0x0000f080                StackTimer_GetInputFrequency
 .text.TMR_StartLowPowerTimer
                0x0000f08c       0x10 ./framework/TimersManager/Source/TimersManager.o
                0x0000f08c                TMR_StartLowPowerTimer
 .text.TMR_StartIntervalTimer
                0x0000f09c       0x10 ./framework/TimersManager/Source/TimersManager.o
                0x0000f09c                TMR_StartIntervalTimer
 .text.Serial_SyncTxCallback
                0x0000f0ac        0xc ./framework/SerialManager/Source/SerialManager.o
 .text.Serial_RxBufferByteCount
                0x0000f0b8       0x18 ./framework/SerialManager/Source/SerialManager.o
                0x0000f0b8                Serial_RxBufferByteCount
 .text.Serial_Print
                0x0000f0d0       0x32 ./framework/SerialManager/Source/SerialManager.o
                0x0000f0d0                Serial_Print
 .text.Serial_PrintHex
                0x0000f102       0xc6 ./framework/SerialManager/Source/SerialManager.o
                0x0000f102                Serial_PrintHex
 .text.Serial_UartTxCb
                0x0000f1c8        0xa ./framework/SerialManager/Source/SerialManager.o
 .text.RNG_GetRandomNo.part.1
                0x0000f1d2       0x16 ./framework/RNG/Source/RNG.o
 .text.RNG_GetRandomNo
                0x0000f1e8        0xc ./framework/RNG/Source/RNG.o
                0x0000f1e8                RNG_GetRandomNo
 .text.panic    0x0000f1f4        0x2 ./framework/Panic/Source/Panic.o
                0x0000f1f4                panic
 .text.startup_task
                0x0000f1f6        0x8 ./framework/OSAbstraction/Source/fsl_os_abstraction_free_rtos.o
                0x0000f1f6                startup_task
 .text.OSA_TaskGetId
                0x0000f1fe        0x8 ./framework/OSAbstraction/Source/fsl_os_abstraction_free_rtos.o
                0x0000f1fe                OSA_TaskGetId
 .text.OSA_TaskCreate
                0x0000f206       0x2c ./framework/OSAbstraction/Source/fsl_os_abstraction_free_rtos.o
                0x0000f206                OSA_TaskCreate
 .text.OSA_SemaphoreCreate
                0x0000f232        0xc ./framework/OSAbstraction/Source/fsl_os_abstraction_free_rtos.o
                0x0000f232                OSA_SemaphoreCreate
 .text.OSA_SemaphoreWait
                0x0000f23e       0x32 ./framework/OSAbstraction/Source/fsl_os_abstraction_free_rtos.o
                0x0000f23e                OSA_SemaphoreWait
 .text.OSA_MutexCreate
                0x0000f270        0xa ./framework/OSAbstraction/Source/fsl_os_abstraction_free_rtos.o
                0x0000f270                OSA_MutexCreate
 .text.OSA_MutexLock
                0x0000f27a       0x42 ./framework/OSAbstraction/Source/fsl_os_abstraction_free_rtos.o
                0x0000f27a                OSA_MutexLock
 .text.OSA_MutexUnlock
                0x0000f2bc       0x2e ./framework/OSAbstraction/Source/fsl_os_abstraction_free_rtos.o
                0x0000f2bc                OSA_MutexUnlock
 .text.OSA_EventWait
                0x0000f2ea       0x42 ./framework/OSAbstraction/Source/fsl_os_abstraction_free_rtos.o
                0x0000f2ea                OSA_EventWait
 .text.OSA_InstallIntHandler
                0x0000f32c        0xa ./framework/OSAbstraction/Source/fsl_os_abstraction_free_rtos.o
                0x0000f32c                OSA_InstallIntHandler
 .text.ListAddTailMsg
                0x0000f336        0xa ./framework/Messaging/Source/Messaging.o
                0x0000f336                ListAddTailMsg
 .text.ListAddHeadMsg
                0x0000f340        0xa ./framework/Messaging/Source/Messaging.o
                0x0000f340                ListAddHeadMsg
 .text.ListRemoveHeadMsg
                0x0000f34a        0xe ./framework/Messaging/Source/Messaging.o
                0x0000f34a                ListRemoveHeadMsg
 .text.ListGetHeadMsg
                0x0000f358       0x1a ./framework/Messaging/Source/Messaging.o
                0x0000f358                ListGetHeadMsg
 .text.ListGetNextMsg
                0x0000f372       0x1c ./framework/Messaging/Source/Messaging.o
                0x0000f372                ListGetNextMsg
 .text.ListRemoveMsg
                0x0000f38e        0xa ./framework/Messaging/Source/Messaging.o
                0x0000f38e                ListRemoveMsg
 .text.ListInit
                0x0000f398        0xc ./framework/Lists/GenericList.o
                0x0000f398                ListInit
 .text.ListAddTail
                0x0000f3a4       0x40 ./framework/Lists/GenericList.o
                0x0000f3a4                ListAddTail
 .text.ListAddHead
                0x0000f3e4       0x40 ./framework/Lists/GenericList.o
                0x0000f3e4                ListAddHead
 .text.ListRemoveHead
                0x0000f424       0x3c ./framework/Lists/GenericList.o
                0x0000f424                ListRemoveHead
 .text.ListRemoveElement
                0x0000f460       0x42 ./framework/Lists/GenericList.o
                0x0000f460                ListRemoveElement
 .text.ListGetSize
                0x0000f4a2        0x4 ./framework/Lists/GenericList.o
                0x0000f4a2                ListGetSize
 .text.LED_GpioSet
                0x0000f4a6       0x20 ./framework/LED/Source/LED.o
 .text.LED_TurnOnLed
                0x0000f4c6        0xa ./framework/LED/Source/LED.o
                0x0000f4c6                LED_TurnOnLed
 .text.LED_TurnOffLed
                0x0000f4d0        0xa ./framework/LED/Source/LED.o
                0x0000f4d0                LED_TurnOffLed
 .text.LED_ToggleLed
                0x0000f4da        0xa ./framework/LED/Source/LED.o
                0x0000f4da                LED_ToggleLed
 .text.LED_TurnOffAllLeds
                0x0000f4e4        0xa ./framework/LED/Source/LED.o
                0x0000f4e4                LED_TurnOffAllLeds
 .text.LED_StopFlashingAllLeds
                0x0000f4ee        0xc ./framework/LED/Source/LED.o
                0x0000f4ee                LED_StopFlashingAllLeds
 .text.KBD_PrepareEnterLowPower
                0x0000f4fa        0x2 ./framework/Keyboard/Source/Keyboard.o
                0x0000f4fa                KBD_PrepareEnterLowPower
 .text.KBD_PrepareExitLowPower
                0x0000f4fc        0x2 ./framework/Keyboard/Source/Keyboard.o
                0x0000f4fc                KBD_PrepareExitLowPower
 .text.FLib_MemCpy
                0x0000f4fe       0x12 ./framework/FunctionLib/FunctionLib.o
                0x0000f4fe                FLib_MemCpy
 .text.FLib_MemCpyReverseOrder
                0x0000f510       0x1a ./framework/FunctionLib/FunctionLib.o
                0x0000f510                FLib_MemCpyReverseOrder
 .text.FLib_MemCmp
                0x0000f52a       0x1c ./framework/FunctionLib/FunctionLib.o
                0x0000f52a                FLib_MemCmp
 .text.FLib_MemSet
                0x0000f546        0xc ./framework/FunctionLib/FunctionLib.o
                0x0000f546                FLib_MemSet
 .text.ADC16_SetChannelMuxMode
                0x0000f552       0x14 ./drivers/fsl_adc16.o
                0x0000f552                ADC16_SetChannelMuxMode
 .text.ADC16_SetHardwareCompareConfig
                0x0000f566       0x36 ./drivers/fsl_adc16.o
                0x0000f566                ADC16_SetHardwareCompareConfig
 .text.ADC16_SetHardwareAverage
                0x0000f59c       0x18 ./drivers/fsl_adc16.o
                0x0000f59c                ADC16_SetHardwareAverage
 .text.ADC16_GetStatusFlags
                0x0000f5b4       0x14 ./drivers/fsl_adc16.o
                0x0000f5b4                ADC16_GetStatusFlags
 .text.ADC16_DoAutoCalibration
                0x0000f5c8       0xac ./drivers/fsl_adc16.o
                0x0000f5c8                ADC16_DoAutoCalibration
 .text.ADC16_SetChannelConfig
                0x0000f674       0x22 ./drivers/fsl_adc16.o
                0x0000f674                ADC16_SetChannelConfig
 .text.ADC16_GetChannelStatusFlags