core_cm0plus.h:745:22:NVIC_EnableIRQ	16	static
fsl_clock.h:580:20:CLOCK_EnableClock	24	static
fsl_clock.h:591:20:CLOCK_DisableClock	24	static
fsl_common.h:212:20:EnableIRQ	16	static
fsl_lpuart.c:135:10:LPUART_GetInstance	24	static
fsl_lpuart.c:153:15:LPUART_TransferGetRxRingBufferLength	24	static
fsl_lpuart.c:171:13:LPUART_TransferIsRxRingBufferFull	24	static
fsl_lpuart.c:188:13:LPUART_WriteNonBlocking	32	static
fsl_lpuart.c:202:13:LPUART_ReadNonBlocking	32	static
fsl_lpuart.c:233:10:LPUART_Init	64	static
fsl_lpuart.c:416:6:LPUART_Deinit	24	static
fsl_lpuart.c:461:6:LPUART_GetDefaultConfig	16	static
fsl_lpuart.c:480:10:LPUART_SetBaudRate	64	static
fsl_lpuart.c:565:6:LPUART_EnableInterrupts	16	static
fsl_lpuart.c:576:6:LPUART_DisableInterrupts	16	static
fsl_lpuart.c:587:10:LPUART_GetEnabledInterrupts	24	static
fsl_lpuart.c:599:10:LPUART_GetStatusFlags	24	static
fsl_lpuart.c:611:10:LPUART_ClearStatusFlags	24	static
fsl_lpuart.c:652:6:LPUART_WriteBlocking	24	static
fsl_lpuart.c:667:10:LPUART_ReadBlocking	32	static
fsl_lpuart.c:730:6:LPUART_TransferCreateHandle	32	static
fsl_lpuart.c:790:6:LPUART_TransferStartRingBuffer	24	static
fsl_lpuart.c:808:6:LPUART_TransferStopRingBuffer	16	static
fsl_lpuart.c:823:10:LPUART_TransferSendNonBlocking	32	static
fsl_lpuart.c:853:6:LPUART_TransferAbortSend	16	static
fsl_lpuart.c:863:10:LPUART_TransferGetSendCount	24	static
fsl_lpuart.c:878:10:LPUART_TransferReceiveNonBlocking	56	static
fsl_lpuart.c:993:6:LPUART_TransferAbortReceive	16	static
fsl_lpuart.c:1008:10:LPUART_TransferGetReceiveCount	24	static
fsl_lpuart.c:1023:6:LPUART_TransferHandleIRQ	32	static
fsl_lpuart.c:1186:6:LPUART_TransferHandleErrorIRQ	16	static
fsl_lpuart.c:1202:6:LPUART0_DriverIRQHandler	8	static
