core_cm0plus.h:745:22:NVIC_EnableIRQ	16	static
fsl_clock.h:580:20:CLOCK_EnableClock	24	static
fsl_clock.h:591:20:CLOCK_DisableClock	24	static
fsl_common.h:212:20:EnableIRQ	16	static
fsl_dspi.h:514:20:DSPI_Enable	16	static
fsl_dspi.h:540:24:DSPI_GetStatusFlags	16	static
fsl_dspi.h:559:20:DSPI_ClearStatusFlags	16	static
fsl_dspi.h:598:20:DSPI_DisableInterrupts	16	static
fsl_dspi.h:698:20:DSPI_SetMasterSlaveMode	16	static
fsl_dspi.h:709:20:DSPI_IsMaster	16	static
fsl_dspi.h:720:20:DSPI_StartTransfer	16	static
fsl_dspi.h:731:20:DSPI_StopTransfer	16	static
fsl_dspi.h:760:20:DSPI_FlushFifo	16	static
fsl_dspi.h:941:24:DSPI_MasterGetFormattedCommand	16	static
fsl_dspi.h:1020:24:DSPI_ReadData	16	static
fsl_dspi.c:143:10:DSPI_GetInstance	24	static
fsl_dspi.c:161:6:DSPI_MasterInit	40	static
fsl_dspi.c:208:6:DSPI_MasterGetDefaultConfig	16	static
fsl_dspi.c:232:6:DSPI_SlaveInit	24	static
fsl_dspi.c:268:6:DSPI_SlaveGetDefaultConfig	16	static
fsl_dspi.c:283:6:DSPI_Deinit	16	static
fsl_dspi.c:294:13:DSPI_SetOnePcsPolarity	24	static
fsl_dspi.c:312:10:DSPI_MasterSetBaudRate	72	static
fsl_dspi.c:376:6:DSPI_MasterSetDelayScaler	32	static
fsl_dspi.c:402:10:DSPI_MasterSetDelayTimes	80	static
fsl_dspi.c:474:6:DSPI_GetDefaultDataCommandConfig	16	static
fsl_dspi.c:485:6:DSPI_MasterWriteDataBlocking	24	static
fsl_dspi.c:508:6:DSPI_MasterWriteCommandDataBlocking	16	static
fsl_dspi.c:528:6:DSPI_SlaveWriteDataBlocking	16	static
fsl_dspi.c:548:6:DSPI_EnableInterrupts	16	static
fsl_dspi.c:563:6:DSPI_MasterTransferCreateHandle	24	static
fsl_dspi.c:579:10:DSPI_MasterTransferBlocking	72	static
fsl_dspi.c:839:13:DSPI_MasterTransferPrepare	40	static
fsl_dspi.c:880:10:DSPI_MasterTransferNonBlocking	24	static
fsl_dspi.c:918:10:DSPI_MasterTransferGetCount	24	static
fsl_dspi.c:938:13:DSPI_MasterTransferComplete	32	static
fsl_dspi.c:963:13:DSPI_MasterTransferFillUpTxFifo	24	static
fsl_dspi.c:1079:6:DSPI_MasterTransferAbort	16	static
fsl_dspi.c:1091:6:DSPI_MasterTransferHandleIRQ	32	static
fsl_dspi.c:1198:6:DSPI_SlaveTransferCreateHandle	24	static
fsl_dspi.c:1214:10:DSPI_SlaveTransferNonBlocking	32	static
fsl_dspi.c:1283:10:DSPI_SlaveTransferGetCount	24	static
fsl_dspi.c:1303:13:DSPI_SlaveTransferFillUpTxFifo	24	static
fsl_dspi.c:1391:13:DSPI_SlaveTransferComplete	32	static
fsl_dspi.c:1423:6:DSPI_SlaveTransferAbort	16	static
fsl_dspi.c:1438:6:DSPI_SlaveTransferHandleIRQ	32	static
fsl_dspi.c:1607:13:DSPI_CommonIRQHandler	16	static
fsl_dspi.c:1620:6:SPI0_DriverIRQHandler	8	static
fsl_dspi.c:1628:6:SPI1_DriverIRQHandler	8	static
