PhyPacketProcessor.c:87:6:PhyHwInit	16	static
PhyPacketProcessor.c:194:6:PhyAbort	8	static
PhyPacketProcessor.c:251:9:PhyPpGetState	8	static
PhyPacketProcessor.c:268:13:PhyPpSetPanId	32	static
PhyPacketProcessor.c:309:13:PhyPpSetShortAddr	32	static
PhyPacketProcessor.c:350:13:PhyPpSetLongAddr	24	static
PhyPacketProcessor.c:394:13:PhyPpSetMacRole	24	static
PhyPacketProcessor.c:431:6:PhyPpSetPromiscuous	16	static
PhyPacketProcessor.c:462:6:PhySetActivePromiscuous	16	static
PhyPacketProcessor.c:490:8:PhyGetActivePromiscuous	8	static
PhyPacketProcessor.c:504:6:PhyPpSetSAMState	16	static
PhyPacketProcessor.c:527:13:PhyPp_IndirectQueueInsert	24	static
PhyPacketProcessor.c:564:13:PhyPp_RemoveFromIndirect	24	static
PhyPacketProcessor.c:592:8:PhyPpIsPollIndication	8	static
PhyPacketProcessor.c:606:8:PhyPpIsRxAckDataPending	8	static
PhyPacketProcessor.c:620:8:PhyPpIsTxAckDataPending	16	static
PhyPacketProcessor.c:645:6:PhyPpSetFpManually	16	static
PhyPacketProcessor.c:662:13:PhyPpSetCcaThreshold	16	static
PhyPacketProcessor.c:680:9:PhyPlmeSetFADThresholdRequest	16	static
PhyPacketProcessor.c:694:9:PhyPlmeSetFADStateRequest	16	static
PhyPacketProcessor.c:722:9:PhyPlmeSetLQIModeRequest	16	static
PhyPacketProcessor.c:736:9:PhyPlmeGetRSSILevelRequest	8	static
PhyPacketProcessor.c:749:9:PhyPlmeSetANTXStateRequest	16	static
PhyPacketProcessor.c:768:9:PhyPlmeSetANTPadInvertedRequest	32	static
PhyPacketProcessor.c:805:9:PhyPlmeSetANTPadStateRequest	24	static
PhyPacketProcessor.c:832:9:PhyPlmeGetANTXStateRequest	8	static
PhyPacketProcessor.c:843:6:PhyPpSetDualPanAuto	16	static
PhyPacketProcessor.c:858:8:PhyPpGetDualPanAuto	8	static
PhyPacketProcessor.c:872:6:PhyPpSetDualPanDwell	16	static
PhyPacketProcessor.c:887:9:PhyPpGetDualPanDwell	8	static
PhyPacketProcessor.c:901:9:PhyPpGetDualPanRemain	8	static
PhyPacketProcessor.c:915:6:PhyPpSetDualPanActiveNwk	16	static
PhyPacketProcessor.c:930:9:PhyPpGetDualPanActiveNwk	8	static
PhyPacketProcessor.c:945:9:PhyPpGetPanOfRxPacket	16	static
PhyPacketProcessor.c:983:9:PhyPpGetDualPanSamLvl	8	static
PhyPacketProcessor.c:994:6:PhyPpSetDualPanSamLvl	16	static
PhyPacketProcessor.c:1019:10:PhyGetChecksum	24	static
PhyPacketProcessor.c:1051:9:PhyAddToNeighborTable	16	static
PhyPacketProcessor.c:1094:9:PhyRemoveFromNeighborTable	16	static
PhyPacketProcessor.c:1117:6:PhyResetNeighborTable	8	static
PhyPacketProcessor.c:1140:8:PhyCheckNeighborTable	16	static
PhyPacketProcessor.c:1193:6:PhyPlmeSetDSMDuration	16	static
PhyPacketProcessor.c:1212:13:PhyPlmeSetPwrState	24	static
