mwa_coordinator.c:181:6:main_task	16	static
mwa_coordinator.c:220:6:App_init	8	static
mwa_coordinator.c:268:6:AppThread	48	static
mwa_coordinator.c:469:13:UartRxCallBack	32	static
mwa_coordinator.c:506:16:App_StartScan	32	static
mwa_coordinator.c:573:13:App_HandleScanEdConfirm	40	static
mwa_coordinator.c:663:16:App_StartCoordinator	32	static
mwa_coordinator.c:771:16:App_SendAssociateResponse	32	static
mwa_coordinator.c:858:16:App_HandleMlmeInput	16	static
mwa_coordinator.c:890:13:App_HandleMcpsInput	40	static
mwa_coordinator.c:950:16:App_WaitMsg	16	static
mwa_coordinator.c:984:13:formNwkDataPacket	32	static
mwa_coordinator.c:1041:13:App_BroadcastData	40	static
mwa_coordinator.c:1073:13:App_TransmitUartData	16	static
mwa_coordinator.c:1128:13:App_HandleKeys	16	static
mwa_coordinator.c:1158:13:AckTimerCallback	24	static
mwa_coordinator.c:1173:14:MLME_NWK_SapHandler	16	static
mwa_coordinator.c:1181:14:MCPS_NWK_SapHandler	16	static
