fsl_ltc.c:860:13:ltc_move_block_to_ififo	20	static
fsl_ltc.c:2735:13:ltc_hash_block_to_ififo	20	static
fsl_ltc.c:361:24:ltc_get_word_from_unaligned	0	static
fsl_ltc.c:448:17:ltc_set_key	24	static
fsl_ltc.c:409:20:ltc_set_unaligned_from_word	0	static
fsl_ltc.c:2559:13:ltc_hash_engine_init	16	static
fsl_ltc.c:272:6:ltc_check_key_size	0	static
fsl_ltc.c:285:10:ltc_wait	8	static
fsl_ltc.c:324:6:ltc_clear_all	0	static
fsl_ltc.c:335:6:ltc_memcpy	8	static
fsl_ltc.c:886:13:ltc_move_to_ififo	48	static
fsl_ltc.c:2794:17:ltc_hash_merge_and_flush_buf	32	static
fsl_ltc.c:2761:13:ltc_hash_move_to_ififo	40	static
fsl_ltc.c:497:10:ltc_set_context	48	static
fsl_ltc.c:2648:13:ltc_hash_restore_context	16	static
fsl_ltc.c:542:10:ltc_get_context	48	static
fsl_ltc.c:620:10:ltc_symmetric_update	32	static
fsl_ltc.c:695:6:ltc_symmetric_process	48	static
fsl_ltc.c:774:10:ltc_symmetric_process_data	24	static
fsl_ltc.c:820:17:ltc_process_message_in_sessions	32	static
fsl_ltc.c:1908:17:ltc_aes_ccm_process.part.2	88	static
fsl_ltc.c:1113:6:LTC_Init	0	static
fsl_ltc.c:1121:6:LTC_Deinit	0	static
fsl_ltc.c:1168:10:LTC_AES_GenerateDecryptKey	72	static
fsl_ltc.c:1189:10:LTC_AES_EncryptEcb	32	static
fsl_ltc.c:1213:10:LTC_AES_DecryptEcb	40	static
fsl_ltc.c:1238:10:LTC_AES_EncryptCbc	40	static
fsl_ltc.c:1271:10:LTC_AES_DecryptCbc	40	static
fsl_ltc.c:1310:10:LTC_AES_CryptCtr	56	static
fsl_ltc.c:1997:10:LTC_AES_EncryptTagCcm	64	static
fsl_ltc.c:2018:10:LTC_AES_DecryptTagCcm	88	static
fsl_ltc.c:2976:10:LTC_HASH_Init	16	static
fsl_ltc.c:3014:10:LTC_HASH_Update	80	static
fsl_ltc.c:3101:10:LTC_HASH_Finish	32	static
fsl_ltc.c:3184:10:LTC_HASH	144	static
