15:22:31 **** Build of configuration Release for project end_device ****
make -r -j8 all 
Building file: ../source/mwa_end_device.c
Invoking: MCU C Compiler
arm-none-eabi-gcc -std=gnu99 -DCPU_MKW41Z512VHT4 -DFSL_RTOS_FREE_RTOS -DFRDM_KW41Z -DFREEDOM -DCPU_MKW41Z512VHT4_cm0plus -DSDK_DEBUGCONSOLE=0 -DCR_INTEGER_PRINTF -D__MCUXPRESSO -D__USE_CMSIS -DNDEBUG -D__REDLIB__ -I../board -I../source -I../ -I../framework/OSAbstraction/Interface -I../framework/common -I../freertos -I../ieee_802.15.4/mac/source/App -I../ieee_802.15.4/mac/interface -I../ieee_802.15.4/phy/interface -I../framework/GPIO -I../framework/Keyboard/Interface -I../framework/TimersManager/Interface -I../framework/TimersManager/Source -I../framework/LED/Interface -I../framework/SerialManager/Source/SPI_Adapter -I../framework/SerialManager/Source/UART_Adapter -I../framework/SerialManager/Source/I2C_Adapter -I../framework/Flash/Internal -I../framework/MemManager/Interface -I../framework/Lists -I../framework/Messaging/Interface -I../framework/Panic/Interface -I../framework/RNG/Interface -I../framework/SerialManager/Interface -I../framework/ModuleInfo -I../framework/FunctionLib -I../framework/SecLib -I../framework/NVM/Interface -I../framework/NVM/Source -I../framework/LowPower/Interface/MKW41Z -I../framework/LowPower/Source/MKW41Z -I../framework/MWSCoexistence/Interface -I../drivers -I../CMSIS -I../utilities -I../framework/DCDC/Interface -I../framework/XCVR/MKW41Z4 -I../ieee_802.15.4/phy/source/MKW41Z -Os -fno-common -g -Wall -c  -ffunction-sections  -fdata-sections  -ffreestanding  -fno-builtin -imacros "G:/Programming Projects/RealTime/RTOS_for_coursework/end_device/source/app_preinclude.h" -mcpu=cortex-m0plus -mthumb -D__REDLIB__ -fstack-usage -specs=redlib.specs -MMD -MP -MF"source/mwa_end_device.d" -MT"source/mwa_end_device.o" -MT"source/mwa_end_device.d" -o "source/mwa_end_device.o" "../source/mwa_end_device.c"
Finished building: ../source/mwa_end_device.c
 
Building target: end_device.axf
Invoking: MCU Linker
arm-none-eabi-gcc -L"G:\Programming Projects\RealTime\RTOS_for_coursework\end_device\libs" -Xlinker --gc-sections -Xlinker -Map="end_device.map" -Xlinker -print-memory-usage -Xlinker --sort-section=alignment -Xlinker --cref -mcpu=cortex-m0plus -mthumb -T MKW41Z512xxx4_connectivity.ld -L ../source -o "end_device.axf"  ./utilities/fsl_debug_console.o  ./startup/startup_MKW41Z4.o  ./source/mtb.o ./source/mwa_end_device.o ./source/semihost_hardfault.o  ./ieee_802.15.4/phy/source/MKW41Z/ASP.o ./ieee_802.15.4/phy/source/MKW41Z/MPM.o ./ieee_802.15.4/phy/source/MKW41Z/PhyISR.o ./ieee_802.15.4/phy/source/MKW41Z/PhyPacketProcessor.o ./ieee_802.15.4/phy/source/MKW41Z/PhyPlmeData.o ./ieee_802.15.4/phy/source/MKW41Z/PhyStateMachine.o ./ieee_802.15.4/phy/source/MKW41Z/PhyTime.o  ./ieee_802.15.4/mac/source/App/FsciAspCommands.o ./ieee_802.15.4/mac/source/App/FsciMacCommands.o ./ieee_802.15.4/mac/source/App/MacGlobals.o  ./freertos/croutine.o ./freertos/event_groups.o ./freertos/fsl_tickless_lptmr.o ./freertos/fsl_tickless_systick.o ./freertos/heap_4.o ./freertos/list.o ./freertos/port.o ./freertos/queue.o ./freertos/tasks.o ./freertos/timers.o  ./framework/XCVR/MKW41Z4/cfgs_kw4x_3x_2x/fsl_xcvr_ant_config.o ./framework/XCVR/MKW41Z4/cfgs_kw4x_3x_2x/fsl_xcvr_ble_config.o ./framework/XCVR/MKW41Z4/cfgs_kw4x_3x_2x/fsl_xcvr_common_config.o ./framework/XCVR/MKW41Z4/cfgs_kw4x_3x_2x/fsl_xcvr_gfsk_bt_0p3_h_0p5_config.o ./framework/XCVR/MKW41Z4/cfgs_kw4x_3x_2x/fsl_xcvr_gfsk_bt_0p5_h_0p32_config.o ./framework/XCVR/MKW41Z4/cfgs_kw4x_3x_2x/fsl_xcvr_gfsk_bt_0p5_h_0p5_config.o ./framework/XCVR/MKW41Z4/cfgs_kw4x_3x_2x/fsl_xcvr_gfsk_bt_0p5_h_0p7_config.o ./framework/XCVR/MKW41Z4/cfgs_kw4x_3x_2x/fsl_xcvr_gfsk_bt_0p5_h_1p0_config.o ./framework/XCVR/MKW41Z4/cfgs_kw4x_3x_2x/fsl_xcvr_gfsk_bt_0p7_h_0p5_config.o ./framework/XCVR/MKW41Z4/cfgs_kw4x_3x_2x/fsl_xcvr_mode_datarate_config.o ./framework/XCVR/MKW41Z4/cfgs_kw4x_3x_2x/fsl_xcvr_msk_config.o ./framework/XCVR/MKW41Z4/cfgs_kw4x_3x_2x/fsl_xcvr_zgbe_config.o  ./framework/XCVR/MKW41Z4/dbg_ram_capture.o ./framework/XCVR/MKW41Z4/fsl_xcvr.o ./framework/XCVR/MKW41Z4/fsl_xcvr_trim.o ./framework/XCVR/MKW41Z4/ifr_radio.o  ./framework/TimersManager/Source/TMR_Adapter.o ./framework/TimersManager/Source/TimersManager.o  ./framework/SerialManager/Source/UART_Adapter/UART_Adapter.o  ./framework/SerialManager/Source/SPI_Adapter/SPI_Adapter.o  ./framework/SerialManager/Source/I2C_Adapter/I2C_Adapter.o  ./framework/SerialManager/Source/SerialManager.o  ./framework/SecLib/SecLib.o  ./framework/Reset/Reset.o  ./framework/RNG/Source/RNG.o  ./framework/Panic/Source/Panic.o  ./framework/OSAbstraction/Source/fsl_os_abstraction_free_rtos.o  ./framework/NVM/Source/NV_Flash.o ./framework/NVM/Source/NV_FsciCommands.o  ./framework/ModuleInfo/ModuleInfo.o  ./framework/Messaging/Source/Messaging.o  ./framework/MemManager/Source/MemManager.o  ./framework/MWSCoexistence/Source/MWS.o  ./framework/LowPower/Source/MKW41Z/PWR.o ./framework/LowPower/Source/MKW41Z/PWRLib.o  ./framework/Lists/GenericList.o  ./framework/LED/Source/LED.o  ./framework/Keyboard/Source/Keyboard.o  ./framework/GPIO/GPIO_Adapter.o  ./framework/FunctionLib/FunctionLib.o  ./framework/Flash/Internal/Flash_Adapter.o  ./framework/DCDC/Source/DCDC.o  ./drivers/fsl_adc16.o ./drivers/fsl_clock.o ./drivers/fsl_common.o ./drivers/fsl_dspi.o ./drivers/fsl_dspi_freertos.o ./drivers/fsl_flash.o ./drivers/fsl_gpio.o ./drivers/fsl_i2c.o ./drivers/fsl_i2c_freertos.o ./drivers/fsl_llwu.o ./drivers/fsl_lptmr.o ./drivers/fsl_lpuart.o ./drivers/fsl_lpuart_freertos.o ./drivers/fsl_ltc.o ./drivers/fsl_pmc.o ./drivers/fsl_rtc.o ./drivers/fsl_smc.o ./drivers/fsl_tpm.o ./drivers/fsl_trng.o ./drivers/fsl_tsi_v4.o  ./board/board.o ./board/clock_config.o ./board/gpio_pins.o ./board/pin_mux.o  ./CMSIS/system_MKW41Z4.o   -lm -lc -lgcc -lnosys -l_crypto_m0 -l802.15.4_mac_06_cm0
Memory region         Used Size  Region Size  %age Used
    TEXT_region1:         192 B         1 KB     18.75%
m_flash_config_region:          16 B         16 B    100.00%
    TEXT_region2:       70263 B     513006 B     13.70%
      NVM_region:        8191 B       8191 B    100.00%
    DATA1_region:          0 GB        32 KB      0.00%
    DATA2_region:       19696 B        96 KB     20.04%
PRODUCT_INFO_region:          0 GB       2047 B      0.00%
Finished building target: end_device.axf
 
make --no-print-directory post-build
Performing post-build steps
arm-none-eabi-size "end_device.axf"; # arm-none-eabi-objcopy -v -O binary "end_device.axf" "end_device.bin" ; # checksum -p MKW41Z512xxx4 -d "end_device.bin";
   text	   data	    bss	    dec	    hex	filename
  70444	   9667	  18232	  98343	  18027	end_device.axf
 

15:22:36 Build Finished. 0 errors, 0 warnings. (took 4s.324ms)

