PWR.c:195:8:PWR_GENFSK_EnterDSM	16	static
PWR.c:316:13:PWR_HandleDeepSleepMode_1	8	static
PWR.c:456:13:PWR_HandleDeepSleepMode_2_3	120	static
PWR.c:565:13:PWR_HandleDeepSleepMode_4	16	static
PWR.c:624:13:PWR_HandleDeepSleepMode_5	16	static
PWR.c:680:13:PWR_HandleDeepSleepMode_6	120	static
PWR.c:768:13:PWR_HandleDeepSleepMode_7	8	static
PWR.c:862:30:PWR_HandleDeepSleep	24	static
PWR.c:890:30:PWR_HandleSleep	16	static
PWR.c:923:15:PWR_SleepAllowed	16	static
PWR.c:945:15:PWR_DeepSleepAllowed	16	static
PWR.c:974:30:PWR_CheckForAndEnterNewPowerState	24	static
PWR.c:1045:6:PWR_Init	8	static
PWR.c:1058:10:PWR_GetSystemResetStatus	16	static
PWR.c:1074:6:PWR_SystemReset	8	static
PWR.c:1086:6:PWR_SetDeepSleepTimeInMs	16	static
PWR.c:1106:6:PWR_SetDeepSleepTimeInSymbols	16	static
PWR.c:1125:6:PWR_AllowDeviceToSleep	8	static
PWR.c:1145:6:PWR_DisallowDeviceToSleep	16	static
PWR.c:1169:6:PWR_AllowXcvrToSleep	8	static
PWR.c:1189:6:PWR_DisallowXcvrToSleep	16	static
PWR.c:1213:8:PWR_CheckIfDeviceCanGoToSleep	16	static
PWR.c:1230:8:PWR_ChangeDeepSleepMode	16	static
PWR.c:1267:9:PWR_GetDeepSleepMode	8	static
PWR.c:1282:6:PWR_EnterPowerOff	8	static
PWR.c:1295:6:PWR_BLE_EnterDSM	16	static
PWR.c:1319:10:PWR_BLE_GetReferenceClock	8	static
PWR.c:1334:6:PWR_BLE_ExitDSM	8	static
PWR.c:1350:27:PWR_LVD_ReportLevel	16	static
PWR.c:1372:23:PWR_EnterLowPower	16	static
PWR.c:1428:6:PWR_RegisterLowPowerEnterCallback	16	static
PWR.c:1441:6:PWR_RegisterLowPowerExitCallback	16	static
PWR.c:1454:6:PWR_EnterSleep	8	static
PWR.c:1465:10:PWR_GetTotalSleepDurationMS	24	static
PWR.c:1482:6:PWR_ResetTotalSleepDuration	16	static
