core_cm0plus.h:745:22:NVIC_EnableIRQ	16	static
core_cm0plus.h:804:22:NVIC_SetPriority	24	static
PWRLib.c:154:6:PWRLib_ConfigRSIM	24	static
PWRLib.c:365:8:PWRLib_ClearRSIMDsmInt	8	static
PWRLib.c:385:6:PWRLib_ConfigLLWU	16	static
PWRLib.c:415:6:PWRLib_SetDeepSleepMode	16	static
PWRLib.c:438:9:PWRLib_GetDeepSleepMode	8	static
PWRLib.c:455:6:PWRLib_MCU_Enter_Sleep	8	static
PWRLib.c:486:6:PWRLib_MCU_Enter_VLLS0	8	static
PWRLib.c:528:6:PWRLib_MCU_Enter_VLLS1	8	static
PWRLib.c:564:6:PWRLib_MCU_Enter_VLLS2	8	static
PWRLib.c:598:6:PWRLib_MCU_Enter_LLS2	8	static
PWRLib.c:632:6:PWRLib_MCU_Enter_LLS3	8	static
PWRLib.c:664:6:PWRLib_MCU_Enter_Stop	8	static
PWRLib.c:683:10:PWRLib_LLWU_GetWakeUpFlags	16	static
PWRLib.c:710:6:PWRLib_LLWU_UpdateWakeupReason	16	static
PWRLib.c:753:6:PWRLib_LLWU_DisableAllWakeupSources	8	static
PWRLib.c:768:6:PWRLib_LPTMR_GetTimeSettings	56	static
PWRLib.c:812:6:PWRLib_LPTMR_ClockStart	16	static
PWRLib.c:842:10:PWRLib_LPTMR_ClockCheck	16	static
PWRLib.c:877:6:PWRLib_LPTMR_ClockStop	16	static
PWRLib.c:913:6:PWRLib_StopUpdateWakeupReason	16	static
PWRLib.c:961:6:PWRLib_LPTMR_Isr	8	static
PWRLib.c:972:6:PWRLib_LPTMR_Init	8	static
PWRLib.c:991:6:PWRLib_LPTMR_DeInit	8	static
PWRLib.c:1003:6:PWRLib_LLWU_Isr	16	static
PWRLib.c:1045:27:PWRLib_LVD_CollectLevel	8	static
PWRLib.c:1217:6:PWRLib_Init	24	static
