fsl_clock.h:580:20:CLOCK_EnableClock	24	static
fsl_adc16.h:500:24:ADC16_GetChannelConversionValue	16	static
board.c:171:6:hardware_init	16	static
board.c:218:6:NMI_Handler	8	static
board.c:225:6:BOARD_InitAdc	8	static
board.c:237:9:BOARD_GetBatteryLevel	32	static
board.c:251:10:BOARD_GetPotentiometerLevel	16	static
board.c:259:9:BOARD_GetTemperature	48	static
board.c:286:6:BOARD_DCDCInit	8	static
board.c:295:6:BOARD_GetMCUUid	40	static
board.c:321:6:ADC16_CalibrateParams	16	static
board.c:353:24:ADC16_BatLvl	8	static
board.c:365:24:ADC16_BgLvl	8	static
board.c:376:17:ADC16_ReadValue	24	static
board.c:404:13:DCDC_AdjustVbatDiv4	16	static
board.c:410:6:BOARD_InstallLowPowerCallbacks	8	static
board.c:418:6:BOARD_SetPinsLowPower	24	static
board.c:442:6:BOARD_EnterLowPowerCb	8	static
board.c:455:6:BOARD_ExitLowPowerCb	8	static
board.c:467:10:BOARD_GetLpuartClock	24	static
board.c:493:10:BOARD_GetTpmClock	24	static
board.c:519:10:BOARD_GetSpiClock	16	static
board.c:525:10:BOARD_GetI2cClock	24	static
board.c:543:6:BOARD_BLPEtoBLPI	8	static
board.c:547:6:BOARD_BLPItoBLPE	8	static
